[41165.689] run: arrival at 13411,2667, tiles below are relative to it
[41181.636] g1 appears on -1,-95 (-0.50,-94.73) height 2181
[41181.650] g1 starts moving from -1,-95 (-0.50,-94.71) height 2181 after standing 0.01 s
[41182.489] g1 onto -1,-94 (-0.50,-93.50) height 2181
[41183.139] g1 onto -1,-93 (-0.50,-92.50) height 2181
[41183.756] g1 onto -1,-92 (-0.50,-91.50) height 2181
[41184.391] g1 onto -1,-91 (-0.50,-90.49) height 2181
[41185.023] g1 onto -1,-90 (-0.50,-89.49) height 2181
[41185.671] g1 onto -1,-89 (-0.50,-88.50) height 2181
[41186.297] g1 onto -1,-88 (-0.37,-87.62) height 2181
[41186.939] g1 onto 0,-88 (0.50,-87.50) height 2181
[41187.545] g1 onto 1,-88 (1.54,-87.50) height 2181
[41188.162] g1 onto 2,-88 (2.50,-87.50) height 2181
[41188.764] g1 onto 3,-88 (3.50,-87.50) height 2181
[41189.358] g1 onto 4,-88 (4.51,-87.50) height 2181
[41189.972] g1 onto 5,-88 (5.50,-87.50) height 2181
[41190.601] g1 onto 6,-88 (6.38,-87.37) height 2181
[41191.133] g1 onto 6,-87 (6.50,-86.50) height 2181
[41191.735] g1 onto 6,-86 (6.50,-85.50) height 2181
[41192.348] g1 onto 6,-85 (6.50,-84.46) height 2181
[41192.967] g1 onto 6,-84 (6.50,-83.49) height 2181
[41193.567] g1 onto 6,-83 (6.50,-82.50) height 2181
[41194.146] g1 onto 6,-82 (6.50,-81.50) height 2181
[41194.728] g1 onto 6,-81 (6.50,-80.53) height 2181
[41195.346] g1 onto 6,-80 (6.50,-79.50) height 2181
[41195.964] g1 onto 6,-79 (6.50,-78.53) height 2181
[41196.559] g1 onto 6,-78 (6.50,-77.50) height 2181
[41197.171] g1 onto 6,-77 (6.37,-76.63) height 2181
[41197.710] g1 onto 5,-77 (5.51,-76.50) height 2181
[41198.359] g1 onto 4,-77 (4.50,-76.50) height 2181
[41198.943] g1 onto 3,-77 (3.50,-76.50) height 2181
[41199.111] g2 appears on -24,-46 (-23.50,-45.18) height 261
[41199.122] g2 starts moving from -24,-46 (-23.50,-45.15) height 261 after standing 0.01 s
[41199.512] g2 onto -24,-45 (-23.50,-44.50) height 261
[41199.546] g1 onto 2,-77 (2.50,-76.50) height 2181
[41200.116] g2 onto -24,-44 (-23.50,-43.50) height 261
[41200.135] g1 onto 1,-77 (1.50,-76.50) height 2181
[41200.736] g1 onto 0,-77 (0.46,-76.50) height 2181
[41200.804] g2 onto -24,-43 (-23.37,-42.62) height 261
[41201.269] g1 onto -1,-77 (-0.34,-76.41) height 2181
[41201.470] g2 onto -23,-43 (-22.47,-42.50) height 261
[41201.869] g1 onto -1,-76 (-0.50,-75.53) height 2181
[41202.137] g2 onto -22,-43 (-21.50,-42.50) height 261
[41202.481] g1 onto -1,-75 (-0.50,-74.53) height 2181
[41202.872] g2 onto -21,-43 (-20.47,-42.50) height 261
[41203.068] g1 onto -1,-74 (-0.50,-73.55) height 2181
[41203.468] g2 onto -20,-43 (-19.50,-42.50) height 261
[41203.668] g1 onto -1,-73 (-0.50,-72.53) height 2181
[41204.093] g2 onto -19,-43 (-18.55,-42.50) height 261
[41204.268] g1 onto -1,-72 (-0.50,-71.51) height 2181
[41204.736] g2 onto -18,-43 (-17.50,-42.50) height 261
[41204.869] g1 onto -1,-71 (-0.50,-70.53) height 2181
[41205.401] g2 onto -17,-43 (-16.47,-42.50) height 261
[41205.467] g1 onto -1,-70 (-0.50,-69.55) height 2181
[41206.003] g2 onto -16,-43 (-15.50,-42.50) height 261
[41206.068] g1 onto -1,-69 (-0.50,-68.57) height 2181
[41206.673] g2 onto -15,-43 (-14.47,-42.50) height 261
[41206.673] g1 onto -1,-68 (-0.50,-67.53) height 2181
[41207.275] g1 onto -1,-67 (-0.50,-66.55) height 2181
[41207.401] g2 onto -14,-43 (-13.50,-42.50) height 261
[41207.401] g2 stops on -14,-43 (-13.50,-42.50) height 261 after moving 8.28 s
[41207.870] g1 onto -1,-66 (-0.50,-65.57) height 2181
[41208.345] g2 starts moving from -14,-43 (-13.54,-42.50) height 261 after standing 0.94 s
[41208.345] g2 set off for step 100 of section 3 south, waiting for a second to confirm
[41208.472] g1 onto -1,-65 (-0.50,-64.53) height 2181
[41209.068] g1 onto -1,-64 (-0.50,-63.55) height 2181
[41209.068] g2 onto -15,-43 (-14.45,-42.50) height 261
[41209.670] g1 onto -1,-63 (-0.41,-62.57) height 2181
[41209.737] g2 onto -16,-43 (-15.53,-42.50) height 261
[41210.278] g1 onto 0,-62 (0.46,-61.54) height 2181
[41210.403] g2 onto -17,-43 (-16.48,-42.50) height 261
[41210.868] g1 onto 1,-61 (1.43,-60.57) height 2181
[41211.171] g2 onto -18,-43 (-17.53,-42.50) height 261
[41211.537] g1 onto 2,-60 (2.62,-59.57) height 2181
[41211.802] g2 onto -19,-43 (-18.48,-42.50) height 261
[41212.069] g1 onto 3,-60 (3.38,-59.37) height 2181
[41212.472] g2 onto -20,-43 (-19.50,-42.50) height 261
[41212.670] g1 onto 3,-59 (3.50,-58.56) height 2181
[41213.069] g2 onto -21,-43 (-20.45,-42.50) height 261
[41213.279] g1 onto 3,-58 (3.50,-57.53) height 2181
[41213.736] g2 onto -22,-43 (-21.53,-42.50) height 261
[41213.872] g1 onto 3,-57 (3.50,-56.55) height 2181
[41214.338] g2 onto -23,-43 (-22.50,-42.50) height 261
[41214.475] g1 onto 3,-56 (3.50,-55.53) height 2181
[41215.078] g1 onto 3,-55 (3.50,-54.51) height 2181
[41215.078] g2 onto -24,-43 (-23.38,-42.41) height 261
[41215.677] g1 onto 3,-54 (3.61,-53.64) height 2181
[41215.737] g2 onto -24,-42 (-23.50,-41.46) height 261
[41216.271] g1 onto 4,-54 (4.50,-53.50) height 2181
[41216.337] g2 onto -24,-41 (-23.50,-40.53) height 261
[41216.871] g1 onto 5,-54 (5.45,-53.50) height 2181
[41217.069] g2 onto -24,-40 (-23.50,-39.50) height 261
[41217.482] g1 onto 6,-54 (6.43,-53.50) height 2181
[41217.734] g2 onto -24,-39 (-23.50,-38.52) height 261
[41218.068] g1 onto 7,-54 (7.47,-53.50) height 2181
[41218.470] g2 onto -24,-38 (-23.50,-37.50) height 261
[41218.686] g1 onto 8,-54 (8.45,-53.50) height 2181
[41219.068] g2 onto -24,-37 (-23.50,-36.55) height 261
[41219.269] g1 onto 9,-54 (9.43,-53.50) height 2181
[41219.737] g2 onto -24,-36 (-23.50,-35.47) height 261
[41220.335] g2 onto -24,-35 (-23.50,-34.50) height 261
[41219.614] g1 lost from view on 10,-54 (10.00,-53.50) height 2181
[41221.003] g2 onto -24,-34 (-23.50,-33.47) height 261
[41221.605] g2 onto -24,-33 (-23.50,-32.50) height 261
[41222.312] g2 onto -24,-32 (-23.50,-31.47) height 261
[41222.786] g2 lost from view on -24,-31 (-23.50,-30.67) height 261
[41224.638] g3 appears on 16,-56 (16.50,-55.35) height 2181
[41224.720] g3 starts moving from 16,-56 (16.50,-55.50) height 2181 after standing 0.08 s
[41225.297] g3 onto 16,-57 (16.50,-56.50) height 2181
[41225.965] g3 onto 16,-58 (16.50,-57.49) height 2181
[41226.539] g3 onto 16,-59 (16.50,-58.47) height 2181
[41227.131] g3 onto 16,-60 (16.50,-59.54) height 2181
[41227.665] g3 onto 16,-61 (16.50,-60.47) height 2181
[41228.334] g3 onto 16,-62 (16.50,-61.53) height 2181
[41228.866] g3 onto 16,-63 (16.50,-62.47) height 2181
[41229.553] g3 onto 16,-64 (16.50,-63.53) height 2181
[41230.265] g3 onto 16,-65 (16.50,-64.50) height 2181
[41230.265] g3 stops on 16,-65 (16.50,-64.50) height 2181 after moving 5.55 s
[41231.735] g3 starts moving from 16,-65 (16.47,-64.47) height 2181 after standing 1.47 s
[41231.735] g3 set off for step 295 of section 4, waiting for a second to confirm
[41232.469] g3 onto 15,-64 (15.54,-63.53) height 2181
[41233.215] g3 onto 14,-63 (14.42,-62.58) height 2181
[41233.807] g3 onto 13,-63 (13.51,-62.50) height 2181
[41234.516] g3 onto 12,-63 (12.50,-62.50) height 2181
[41235.341] g3 onto 11,-63 (11.50,-62.50) height 2181
[41235.260] g3 stops on 11,-63 (11.50,-62.50) height 2181 after moving 3.53 s
[41237.125] g3 starts moving from 11,-63 (11.53,-62.50) height 2181 after standing 1.86 s
[41237.125] g3 synced to section 4: two set-offs agree
[41237.858] g3 onto 12,-63 (12.49,-62.50) height 2181
[41238.522] g3 onto 13,-63 (13.53,-62.50) height 2181
[41239.202] g3 onto 14,-63 (14.48,-62.50) height 2181
[41239.925] g3 onto 15,-63 (15.53,-62.50) height 2181
[41240.590] g3 onto 16,-63 (16.36,-62.38) height 2181
[41241.262] g3 onto 16,-62 (16.50,-61.47) height 2181
[41241.863] g3 onto 16,-61 (16.50,-60.50) height 2181
[41242.530] g3 onto 16,-60 (16.50,-59.47) height 2181
[41243.129] g3 onto 16,-59 (16.50,-58.50) height 2181
[41243.799] g3 onto 16,-58 (16.50,-57.47) height 2181
[41244.391] g3 onto 16,-57 (16.50,-56.50) height 2181
[41245.001] g3 onto 16,-56 (16.50,-55.55) height 2181
[41245.267] g3 lost from view on 16,-56 (16.50,-55.10) height 2181
[41247.726] g4 appears on 14,-54 (14.03,-53.50) height 2181
[41247.794] g4 starts moving from 13,-54 (13.93,-53.50) height 2181 after standing 0.07 s
[41248.060] g4 onto 13,-54 (13.50,-53.50) height 2181
[41248.659] g4 onto 12,-54 (12.50,-53.50) height 2181
[41249.258] g4 onto 11,-54 (11.50,-53.50) height 2181
[41249.858] g4 onto 10,-54 (10.50,-53.50) height 2181
[41250.457] g4 onto 9,-54 (9.50,-53.50) height 2181
[41251.061] g4 onto 8,-54 (8.50,-53.50) height 2181
[41251.659] g4 onto 7,-54 (7.50,-53.50) height 2181
[41252.257] g4 onto 6,-54 (6.50,-53.50) height 2181
[41252.855] g4 onto 5,-54 (5.50,-53.50) height 2181
[41253.458] g4 onto 4,-54 (4.50,-53.50) height 2181
[41254.062] g4 onto 3,-54 (3.62,-53.63) height 2181
[41254.660] g4 onto 3,-55 (3.50,-54.48) height 2181
[41255.287] g4 onto 3,-56 (3.50,-55.50) height 2181
[41255.861] g4 onto 3,-57 (3.50,-56.50) height 2181
[41256.462] g4 onto 3,-58 (3.50,-57.50) height 2181
[41257.057] g4 onto 3,-59 (3.50,-58.50) height 2181
[41257.669] g4 onto 3,-60 (3.37,-59.50) height 2181
[41258.260] g4 onto 2,-61 (2.47,-60.53) height 2181
[41258.860] g4 onto 1,-62 (1.50,-61.50) height 2181
[41259.524] g4 onto 0,-63 (0.38,-62.43) height 2181
[41260.059] g4 onto -1,-63 (-0.39,-62.64) height 2181
[41260.659] g4 onto -1,-64 (-0.50,-63.47) height 2181
[41261.261] g4 onto -1,-65 (-0.50,-64.47) height 2181
[41261.924] g4 onto -1,-66 (-0.50,-65.53) height 2181
[41262.459] g4 onto -1,-67 (-0.50,-66.47) height 2181
[41263.055] g4 onto -1,-68 (-0.50,-67.50) height 2181
[41263.664] g4 onto -1,-69 (-0.50,-68.50) height 2181
[41264.257] g4 onto -1,-70 (-0.50,-69.50) height 2181
[41264.868] g4 onto -1,-71 (-0.50,-70.50) height 2181
[41265.467] g4 onto -1,-72 (-0.50,-71.50) height 2181
[41266.069] g4 onto -1,-73 (-0.50,-72.50) height 2181
[41266.658] g4 onto -1,-74 (-0.63,-73.38) height 2181
[41267.296] g4 onto -2,-74 (-1.53,-73.50) height 2181
[41267.860] g4 onto -3,-74 (-2.50,-73.50) height 2181
[41268.463] g4 onto -4,-74 (-3.38,-73.63) height 2181
[41269.059] g4 onto -4,-75 (-3.50,-74.53) height 2181
[41269.658] g4 onto -4,-76 (-3.50,-75.50) height 2181
[41270.262] g4 onto -4,-77 (-3.50,-76.50) height 2181
[41270.860] g4 onto -4,-78 (-3.50,-77.50) height 2181
[41271.457] g4 onto -4,-79 (-3.50,-78.50) height 2181
[41272.067] g4 onto -4,-80 (-3.50,-79.50) height 2181
[41272.669] g4 onto -4,-81 (-3.63,-80.38) height 2181
[41273.279] g4 onto -5,-81 (-4.53,-80.50) height 2181
[41273.872] g4 onto -6,-81 (-5.50,-80.50) height 2181
[41273.949] g4 lost from view on -6,-81 (-5.58,-80.50) height 2181
[41276.938] g5 appears on -9,-79 (-8.50,-78.53) height 2181
[41276.963] g5 starts moving from -9,-79 (-8.50,-78.52) height 2181 after standing 0.03 s
[41276.963] g5 lost from view on -9,-79 (-8.50,-78.52) height 2181
[41307.015] g6 appears on -7,-89 (-6.41,-88.50) height 2181
[41307.029] g6 starts moving from -7,-89 (-6.39,-88.50) height 2181 after standing 0.01 s
[41307.558] g6 onto -6,-89 (-5.50,-88.50) height 2181
[41308.147] g6 onto -5,-89 (-4.49,-88.50) height 2181
[41308.762] g6 onto -4,-89 (-3.50,-88.50) height 2181
[41309.363] g6 onto -3,-89 (-2.50,-88.50) height 2181
[41309.945] g6 onto -2,-89 (-1.51,-88.50) height 2181
[41310.564] g6 onto -1,-89 (-0.51,-88.50) height 2181
[41311.168] g6 onto 0,-89 (0.51,-88.50) height 2181
[41311.744] g6 onto 1,-89 (1.50,-88.50) height 2181
[41312.360] g6 onto 2,-89 (2.51,-88.50) height 2181
[41312.985] g6 onto 3,-89 (3.50,-88.50) height 2181
[41313.597] g6 onto 4,-89 (4.50,-88.50) height 2181
[41314.156] g6 onto 5,-89 (5.37,-88.38) height 2181
[41314.750] g6 onto 5,-88 (5.50,-87.50) height 2181
[41315.344] g6 onto 5,-87 (5.50,-86.51) height 2181
[41315.914] g6 onto 5,-86 (5.50,-85.51) height 2181
[41316.535] g6 onto 5,-85 (5.50,-84.50) height 2181
[41317.148] g6 onto 5,-84 (5.50,-83.47) height 2181
[41317.718] g6 onto 5,-83 (5.50,-82.51) height 2181
[41318.351] g6 onto 5,-82 (5.50,-81.50) height 2181
[41318.940] g6 onto 5,-81 (5.63,-80.62) height 2181
[41319.525] g6 onto 6,-81 (6.50,-80.50) height 2181
[41320.170] g6 onto 7,-81 (7.53,-80.50) height 2181
[41320.700] g6 onto 8,-81 (8.47,-80.50) height 2181
[41321.301] g6 onto 9,-81 (9.50,-80.50) height 2181
[41321.905] g6 onto 10,-81 (10.50,-80.50) height 2181
[41322.586] g6 onto 11,-81 (11.53,-80.50) height 2181
[41323.103] g6 onto 12,-81 (12.47,-80.50) height 2181
[41323.706] g6 onto 13,-81 (13.50,-80.50) height 2181
[41324.308] g6 onto 14,-81 (14.50,-80.50) height 2181
[41324.974] g6 onto 15,-81 (15.53,-80.50) height 2181
[41325.508] g6 onto 16,-81 (16.47,-80.50) height 2181
[41326.173] g6 onto 17,-81 (17.53,-80.50) height 2181
[41326.703] g6 onto 18,-81 (18.36,-80.61) height 2181
[41327.303] g6 onto 18,-82 (18.50,-81.50) height 2181
[41327.904] g6 onto 18,-83 (18.50,-82.50) height 2181
[41328.503] g6 onto 18,-84 (18.50,-83.50) height 2181
[41329.170] g6 onto 18,-85 (18.50,-84.53) height 2181
[41329.903] g6 onto 18,-86 (18.50,-85.50) height 2181
[41329.903] g6 stops on 18,-86 (18.50,-85.50) height 2181 after moving 22.87 s
[41330.709] g6 starts moving from 18,-86 (18.50,-85.47) height 2181 after standing 0.81 s
[41331.438] g6 onto 18,-85 (18.50,-84.54) height 2181
[41332.102] g6 onto 18,-84 (18.50,-83.54) height 2181
[41332.775] g6 onto 18,-83 (18.50,-82.50) height 2181
[41333.437] g6 onto 18,-82 (18.50,-81.50) height 2181
[41334.173] g6 onto 18,-81 (18.50,-80.47) height 2181
[41334.873] g6 onto 18,-80 (18.50,-79.50) height 2181
[41335.503] g6 onto 18,-79 (18.50,-78.47) height 2181
[41336.110] g6 onto 18,-78 (18.50,-77.50) height 2181
[41336.791] g6 lost from view on 18,-77 (18.50,-76.47) height 2181
[41341.074] g7 appears on 18,-74 (18.50,-73.42) height 2181
[41341.083] g7 starts moving from 18,-74 (18.50,-73.44) height 2181 after standing 0.01 s
[41341.767] g7 onto 18,-75 (18.50,-74.51) height 2181
[41342.413] g7 onto 18,-76 (18.50,-75.49) height 2181
[41343.109] g7 onto 18,-77 (18.50,-76.49) height 2181
[41343.809] g7 onto 18,-78 (18.50,-77.51) height 2181
[41344.503] g7 onto 18,-79 (18.50,-78.50) height 2181
[41345.137] g7 onto 18,-80 (18.50,-79.50) height 2181
[41345.790] g7 onto 18,-81 (18.37,-80.38) height 2181
[41346.440] g7 onto 17,-81 (17.50,-80.50) height 2181
[41347.075] g7 onto 16,-81 (16.50,-80.50) height 2181
