[41015.083] run: arrival at 13411,2667, tiles below are relative to it
[41016.876] g1 appears on 3,-57 (3.50,-56.88) height 2181
[41016.886] g1 starts moving from 3,-57 (3.50,-56.87) height 2181 after standing 0.01 s
[41017.736] g1 onto 3,-56 (3.50,-55.49) height 2181
[41018.341] g1 onto 3,-55 (3.50,-54.50) height 2181
[41019.506] g1 onto 4,-54 (4.50,-53.50) height 2181
[41020.131] g1 onto 5,-54 (5.51,-53.50) height 2181
[41020.719] g1 onto 6,-54 (6.50,-53.50) height 2181
[41021.334] g1 onto 7,-54 (7.50,-53.50) height 2181
[41021.728] g2 appears on 23,-50 (23.50,-49.50) height 2181 (spawned by corpse 22,-51)
[41021.950] g1 onto 8,-54 (8.50,-53.50) height 2181
[41022.524] g1 onto 9,-54 (9.48,-53.50) height 2181
[41023.139] g1 onto 10,-54 (10.50,-53.50) height 2181
[41023.747] g1 onto 11,-54 (11.50,-53.50) height 2181
[41024.345] g1 onto 12,-54 (12.50,-53.50) height 2181
[41024.899] g1 onto 13,-54 (13.49,-53.50) height 2181
[41025.523] g1 onto 14,-54 (14.50,-53.50) height 2181
[41026.124] g1 onto 15,-54 (15.50,-53.50) height 2181
[41026.707] g1 onto 16,-54 (16.38,-53.63) height 2181
[41027.283] g1 onto 16,-55 (16.50,-54.50) height 2181
[41027.915] g1 onto 16,-56 (16.50,-55.50) height 2181
[41028.522] g1 onto 16,-57 (16.50,-56.50) height 2181
[41029.145] g1 onto 16,-58 (16.50,-57.50) height 2181
[41029.744] g1 onto 16,-59 (16.50,-58.50) height 2181
[41028.897] g2 lost from view on 23,-50 (23.50,-49.50) height 2181
[41030.318] g1 onto 16,-60 (16.50,-59.49) height 2181
[41030.905] g1 onto 16,-61 (16.50,-60.50) height 2181
[41031.510] g1 onto 16,-62 (16.50,-61.50) height 2181
[41032.127] g1 onto 16,-63 (16.50,-62.51) height 2181
[41032.749] g1 onto 16,-64 (16.50,-63.49) height 2181
[41033.565] g1 onto 16,-65 (16.50,-64.50) height 2181
[41033.532] g1 stops on 16,-65 (16.50,-64.50) height 2181 after moving 16.65 s
[41034.861] g1 starts moving from 16,-65 (16.50,-64.50) height 2181 after standing 1.33 s
[41034.861] g1 set off for step 295 of section 4, waiting for a second to confirm
[41035.697] g1 onto 15,-64 (15.49,-63.49) height 2181
[41036.371] g1 onto 14,-63 (14.43,-62.58) height 2181
[41036.982] g1 onto 13,-63 (13.50,-62.50) height 2181
[41037.663] g1 onto 12,-63 (12.50,-62.50) height 2181
[41038.485] g1 onto 11,-63 (11.50,-62.50) height 2181
[41038.450] g1 stops on 11,-63 (11.50,-62.50) height 2181 after moving 3.59 s
[41040.317] g1 starts moving from 11,-63 (11.53,-62.50) height 2181 after standing 1.87 s
[41040.317] g1 synced to section 4: two set-offs agree
[41041.055] g1 onto 12,-63 (12.49,-62.50) height 2181
[41041.717] g1 onto 13,-63 (13.53,-62.50) height 2181
[41042.393] g1 onto 14,-63 (14.48,-62.50) height 2181
[41043.125] g1 onto 15,-63 (15.53,-62.50) height 2181
[41043.784] g1 onto 16,-63 (16.36,-62.39) height 2181
[41044.451] g1 onto 16,-62 (16.50,-61.47) height 2181
[41045.048] g1 onto 16,-61 (16.50,-60.50) height 2181
[41045.716] g1 onto 16,-60 (16.50,-59.47) height 2181
[41046.317] g1 onto 16,-59 (16.50,-58.50) height 2181
[41046.983] g1 onto 16,-58 (16.50,-57.47) height 2181
[41047.583] g1 onto 16,-57 (16.50,-56.50) height 2181
[41048.187] g1 onto 16,-56 (16.50,-55.55) height 2181
[41048.850] g1 onto 16,-55 (16.50,-54.50) height 2181
[41049.516] g1 onto 16,-54 (16.39,-53.65) height 2181
[41050.132] g1 onto 15,-54 (15.50,-53.50) height 2181
[41050.732] g1 onto 14,-54 (14.51,-53.50) height 2181
[41051.338] g1 onto 13,-54 (13.50,-53.50) height 2181
[41051.933] g1 onto 12,-54 (12.46,-53.50) height 2181
[41052.471] g1 onto 11,-54 (11.53,-53.50) height 2181
[41053.071] g1 onto 10,-54 (10.50,-53.50) height 2181
[41053.673] g1 onto 9,-54 (9.50,-53.50) height 2181
[41054.271] g1 onto 8,-54 (8.50,-53.50) height 2181
[41054.884] g1 onto 7,-54 (7.50,-53.50) height 2181
[41055.469] g1 onto 6,-54 (6.50,-53.50) height 2181
[41056.071] g1 onto 5,-54 (5.50,-53.50) height 2181
[41056.604] g1 lost from view on 4,-54 (4.65,-53.50) height 2181
[41058.603] g3 appears on 3,-56 (3.50,-55.72) height 2181
[41058.672] g3 starts moving from 3,-56 (3.50,-55.86) height 2181 after standing 0.07 s
[41059.071] g3 onto 3,-57 (3.50,-56.50) height 2181
[41059.674] g3 onto 3,-58 (3.50,-57.50) height 2181
[41060.272] g3 onto 3,-59 (3.50,-58.50) height 2181
[41060.871] g3 onto 3,-60 (3.37,-59.50) height 2181
[41061.479] g3 onto 2,-61 (2.47,-60.53) height 2181
[41062.069] g3 onto 1,-62 (1.47,-61.54) height 2181
[41062.725] g3 onto 0,-63 (0.42,-62.41) height 2181
[41063.319] g3 onto -1,-63 (-0.37,-62.62) height 2181
[41063.947] g3 onto -1,-64 (-0.50,-63.51) height 2181
[41064.529] g3 onto -1,-65 (-0.50,-64.50) height 2181
[41065.141] g3 onto -1,-66 (-0.50,-65.50) height 2181
[41065.766] g3 onto -1,-67 (-0.50,-66.49) height 2181
[41066.333] g3 onto -1,-68 (-0.50,-67.50) height 2181
[41066.952] g3 onto -1,-69 (-0.50,-68.53) height 2181
[41067.531] g3 onto -1,-70 (-0.50,-69.51) height 2181
[41068.154] g3 onto -1,-71 (-0.50,-70.53) height 2181
[41068.681] g3 onto -1,-72 (-0.50,-71.47) height 2181
[41069.352] g3 onto -1,-73 (-0.50,-72.53) height 2181
[41069.885] g3 onto -1,-74 (-0.61,-73.36) height 2181
[41070.490] g3 onto -2,-74 (-1.50,-73.50) height 2181
[41071.119] g3 onto -3,-74 (-2.47,-73.50) height 2181
[41071.680] g3 onto -4,-74 (-3.37,-73.62) height 2181
[41072.348] g3 onto -4,-75 (-3.50,-74.54) height 2181
[41072.881] g3 onto -4,-76 (-3.50,-75.47) height 2181
[41073.549] g3 onto -4,-77 (-3.50,-76.53) height 2181
[41074.079] g3 onto -4,-78 (-3.50,-77.47) height 2181
[41074.748] g3 onto -4,-79 (-3.50,-78.53) height 2181
[41075.283] g3 onto -4,-80 (-3.50,-79.47) height 2181
[41075.945] g3 onto -4,-81 (-3.65,-80.40) height 2181
[41076.550] g3 onto -5,-81 (-4.50,-80.50) height 2181
[41077.078] g3 onto -6,-81 (-5.47,-80.50) height 2181
[41077.749] g3 onto -7,-81 (-6.53,-80.50) height 2181
[41078.282] g3 onto -8,-81 (-7.47,-80.50) height 2181
[41078.960] g3 onto -9,-81 (-8.40,-80.35) height 2181
[41079.579] g3 onto -9,-80 (-8.50,-79.50) height 2181
[41080.087] g3 onto -9,-79 (-8.50,-78.53) height 2181
[41080.768] g3 onto -9,-78 (-8.50,-77.47) height 2181
[41081.280] g3 onto -9,-77 (-8.50,-76.53) height 2181
[41081.949] g3 onto -9,-76 (-8.50,-75.47) height 2181
[41082.481] g3 onto -9,-75 (-8.61,-74.64) height 2181
[41083.079] g3 onto -10,-75 (-9.50,-74.50) height 2181
[41083.750] g3 onto -11,-75 (-10.53,-74.50) height 2181
[41084.345] g3 onto -12,-75 (-11.54,-74.50) height 2181
[41084.883] g3 onto -13,-75 (-12.47,-74.50) height 2181
[41085.547] g3 onto -14,-75 (-13.53,-74.50) height 2181
[41086.081] g3 onto -15,-75 (-14.47,-74.50) height 2181
[41086.248] g3 lost from view on -15,-75 (-14.72,-74.50) height 2181
[41095.971] g4 appears on -25,-81 (-24.50,-80.91) height 1221
[41095.986] g4 starts moving from -25,-81 (-24.50,-80.93) height 1221 after standing 0.01 s
[41096.325] g4 onto -25,-82 (-24.50,-81.50) height 1221
[41096.942] g4 onto -25,-83 (-24.50,-82.50) height 1221
[41097.520] g4 onto -25,-84 (-24.50,-83.50) height 1221
[41098.149] g4 onto -25,-85 (-24.50,-84.49) height 1221
[41098.740] g4 onto -25,-86 (-24.50,-85.50) height 1221
[41099.336] g4 onto -25,-87 (-24.37,-86.38) height 1221
[41099.910] g4 onto -24,-87 (-23.50,-86.50) height 1221
[41100.566] g4 onto -23,-87 (-22.50,-86.50) height 1221
[41101.149] g4 onto -22,-87 (-21.50,-86.50) height 1269
[41101.724] g4 onto -21,-87 (-20.50,-86.50) height 1490
[41102.353] g4 onto -20,-87 (-19.50,-86.50) height 1845
[41102.387] g4 lost from view on -20,-87 (-19.44,-86.50) height 1867
[41106.978] g5 appears on -12,-87 (-11.76,-86.50) height 2181
[41107.000] g5 starts moving from -12,-87 (-11.75,-86.50) height 2181 after standing 0.02 s
[41107.701] g5 onto -11,-87 (-10.61,-86.58) height 2181
[41108.162] g5 lost from view on -10,-88 (-9.85,-87.15) height 2181
[41110.788] g6 appears on -6,-89 (-5.46,-88.50) height 2181
[41110.801] g6 starts moving from -6,-89 (-5.44,-88.50) height 2181 after standing 0.01 s
[41111.385] g6 onto -5,-89 (-4.50,-88.50) height 2181
[41111.993] g6 onto -4,-89 (-3.50,-88.50) height 2181
[41112.570] g6 onto -3,-89 (-2.50,-88.50) height 2181
[41113.148] g6 onto -2,-89 (-1.50,-88.50) height 2181
[41113.773] g6 onto -1,-89 (-0.50,-88.50) height 2181
[41114.369] g6 onto 0,-89 (0.50,-88.50) height 2181
[41114.952] g6 onto 1,-89 (1.49,-88.50) height 2181
[41115.537] g6 onto 2,-89 (2.50,-88.50) height 2181
[41116.152] g6 onto 3,-89 (3.50,-88.50) height 2181
[41116.247] g6 lost from view on 3,-89 (3.66,-88.50) height 2181
[41119.319] g7 appears on 5,-86 (5.50,-85.18) height 2181
[41119.341] g7 starts moving from 5,-86 (5.50,-85.17) height 2181 after standing 0.02 s
[41119.734] g7 onto 5,-85 (5.50,-84.50) height 2181
[41120.137] g7 onto 5,-84 (5.50,-83.73) height 2181
[41120.930] g7 onto 5,-83 (5.50,-82.49) height 2181
[41121.537] g7 onto 5,-82 (5.50,-81.50) height 2181
[41122.142] g7 onto 5,-81 (5.63,-80.62) height 2181
[41122.726] g7 onto 6,-81 (6.50,-80.50) height 2181
[41123.352] g7 onto 7,-81 (7.51,-80.50) height 2181
[41123.951] g7 onto 8,-81 (8.51,-80.50) height 2181
[41124.541] g7 onto 9,-81 (9.50,-80.50) height 2181
[41125.123] g7 onto 10,-81 (10.50,-80.50) height 2181
[41125.749] g7 onto 11,-81 (11.50,-80.50) height 2181
[41126.371] g7 onto 12,-81 (12.50,-80.50) height 2181
[41126.936] g7 onto 13,-81 (13.49,-80.50) height 2181
[41127.570] g7 onto 14,-81 (14.50,-80.50) height 2181
[41128.154] g7 onto 15,-81 (15.50,-80.50) height 2181
[41128.735] g7 onto 16,-81 (16.51,-80.50) height 2181
[41129.347] g7 onto 17,-81 (17.49,-80.50) height 2181
[41129.951] g7 onto 18,-81 (18.37,-80.62) height 2181
[41130.524] g7 onto 18,-82 (18.50,-81.49) height 2181
[41131.132] g7 onto 18,-83 (18.50,-82.50) height 2181
[41131.749] g7 onto 18,-84 (18.50,-83.51) height 2181
[41132.407] g7 onto 18,-85 (18.50,-84.51) height 2181
[41133.236] g7 onto 18,-86 (18.50,-85.50) height 2181
[41133.190] g7 stops on 18,-86 (18.50,-85.50) height 2181 after moving 13.85 s
[41133.857] g7 starts moving from 18,-86 (18.50,-85.50) height 2181 after standing 0.67 s
[41134.703] g7 onto 18,-85 (18.50,-84.49) height 2181
[41135.329] g7 onto 18,-84 (18.50,-83.50) height 2181
[41135.967] g7 onto 18,-83 (18.50,-82.50) height 2181
[41136.659] g7 onto 18,-82 (18.50,-81.50) height 2181
[41137.368] g7 onto 18,-81 (18.50,-80.50) height 2181
[41137.553] g7 lost from view on 18,-81 (18.50,-80.21) height 2181
[41139.048] g8 appears on 18,-78 (18.50,-77.96) height 2181
[41139.064] g8 starts moving from 18,-78 (18.50,-77.94) height 2181 after standing 0.02 s
[41139.871] g8 lost from view on 18,-77 (18.50,-76.66) height 2181
[41148.682] g9 appears on 18,-81 (18.50,-80.07) height 2181
[41148.694] g9 starts moving from 18,-81 (18.50,-80.08) height 2181 after standing 0.01 s
[41149.611] g9 onto 17,-81 (17.50,-80.50) height 2181
[41150.237] g9 onto 16,-81 (16.50,-80.50) height 2181
[41150.877] g9 onto 15,-81 (15.50,-80.50) height 2181
[41151.529] g9 onto 14,-81 (14.50,-80.50) height 2181
[41152.164] g9 onto 13,-81 (13.50,-80.50) height 2181
[41152.762] g9 onto 12,-81 (12.50,-80.50) height 2181
[41153.341] g9 onto 11,-81 (11.51,-80.50) height 2181
[41153.935] g9 onto 10,-81 (10.49,-80.50) height 2181
[41154.535] g9 onto 9,-81 (9.50,-80.50) height 2181
[41155.112] g9 onto 8,-81 (8.53,-80.50) height 2181
