[41626.094] run: arrival at 10723,2859, tiles below are relative to it
[41626.177] g1 appears on 8,-21 (8.50,-20.46) height 2949
[41626.177] g2 appears on -25,-30 (-24.25,-29.50) height 261
[41626.186] g2 starts moving from -26,-30 (-25.31,-29.50) height 261 after standing 0.01 s
[41626.186] g1 starts moving from 8,-22 (8.50,-21.50) height 2949 after standing 0.01 s
[41626.186] g1 onto 8,-22 (8.50,-21.50) height 2949
[41626.304] g2 onto -26,-30 (-25.53,-29.50) height 261
[41626.749] g1 onto 8,-23 (8.50,-22.50) height 2949
[41626.974] g2 onto -27,-30 (-26.50,-29.50) height 261
[41627.371] g1 onto 8,-24 (8.50,-23.50) height 2949
[41627.737] g3 appears on 9,-19 (9.50,-18.50) height 2949
[41627.719] g2 lost from view on -28,-30 (-27.59,-29.50) height 261
[41627.777] g1 lost from view on 8,-25 (8.50,-24.10) height 2949
[41627.842] g3 lost from view on 9,-19 (9.50,-18.50) height 2949
[41630.541] g4 appears on 9,-19 (9.50,-18.50) height 2949
[41630.584] g5 appears on -14,-10 (-13.03,-9.50) height 261
[41630.596] g5 starts moving from -14,-10 (-13.04,-9.50) height 261 after standing 0.01 s
[41631.459] g5 onto -15,-10 (-14.35,-9.50) height 261
[41631.529] g6 appears on 8,-31 (8.50,-30.41) height 2949
[41631.541] g6 starts moving from 8,-31 (8.50,-30.42) height 2949 after standing 0.01 s
[41631.617] g7 appears on -29,-30 (-28.44,-29.50) height 261
[41631.639] g7 starts moving from -29,-30 (-28.43,-29.50) height 261 after standing 0.02 s
[41632.204] g6 onto 8,-32 (8.50,-31.51) height 2949
[41632.225] g5 onto -16,-10 (-15.50,-9.50) height 261
[41632.225] g7 onto -28,-30 (-27.50,-29.50) height 261
[41632.916] g6 onto 8,-33 (8.37,-32.38) height 2949
[41632.929] g7 onto -27,-30 (-26.49,-29.50) height 261
[41632.929] g5 onto -17,-10 (-16.39,-9.64) height 261
[41633.544] g6 onto 7,-33 (7.51,-32.50) height 2949
[41633.566] g5 onto -17,-11 (-16.50,-10.50) height 261
[41633.566] g5 synced to section 3 north (left a wait), the next will confirm it
[41633.625] g7 onto -26,-30 (-25.50,-29.50) height 261
[41634.259] g6 onto 6,-33 (6.50,-32.50) height 2949
[41634.274] g5 onto -17,-12 (-16.50,-11.50) height 261
[41634.345] g7 onto -25,-30 (-24.50,-29.50) height 261
[41634.935] g6 onto 5,-33 (5.49,-32.50) height 2949
[41634.957] g7 onto -24,-30 (-23.50,-29.50) height 261
[41634.957] g5 onto -17,-13 (-16.50,-12.50) height 261
[41635.547] g4 treated as a spawn: hasn't moved since appearing 5 s ago
[41635.562] g6 onto 4,-33 (4.50,-32.50) height 2949
[41635.607] g7 onto -23,-30 (-22.50,-29.50) height 261
[41635.607] g5 onto -17,-14 (-16.50,-13.50) height 261
[41636.216] g6 onto 3,-33 (3.50,-32.50) height 2949
[41636.238] g7 onto -22,-30 (-21.50,-29.50) height 261
[41636.238] g5 onto -17,-15 (-16.50,-14.50) height 261
[41636.846] g6 onto 2,-33 (2.50,-32.50) height 2949
[41636.877] g7 onto -21,-30 (-20.50,-29.50) height 261
[41636.877] g5 onto -17,-16 (-16.50,-15.50) height 261
[41637.531] g7 onto -20,-30 (-19.50,-29.50) height 261
[41637.531] g5 onto -17,-17 (-16.50,-16.50) height 261
[41637.689] g6 onto 1,-33 (1.50,-32.50) height 2949
[41637.623] g6 stops on 1,-33 (1.50,-32.50) height 2949 after moving 6.08 s
[41638.171] g5 onto -17,-18 (-16.50,-17.50) height 261
[41638.171] g7 onto -19,-30 (-18.50,-29.50) height 261
[41638.554] g6 starts moving from 1,-33 (1.51,-32.50) height 2949 after standing 0.93 s
[41638.554] g6 synced to sections 1-2 (set off), the next will confirm it
[41638.805] g7 onto -18,-30 (-17.50,-29.50) height 261
[41638.864] g5 onto -17,-19 (-16.62,-18.37) height 261
[41639.361] g6 onto 2,-33 (2.53,-32.50) height 2949
[41639.497] g5 onto -18,-19 (-17.50,-18.50) height 261
[41639.599] g7 onto -17,-30 (-16.50,-29.50) height 261
[41639.579] g7 stops on -17,-30 (-16.50,-29.50) height 261 after moving 7.94 s
[41639.992] g6 onto 3,-33 (3.49,-32.50) height 2949
[41640.235] g5 onto -19,-19 (-18.50,-18.50) height 261
[41640.659] g6 onto 4,-33 (4.48,-32.50) height 2949
[41640.898] g5 onto -20,-19 (-19.50,-18.50) height 261
[41641.341] g6 onto 5,-33 (5.50,-32.50) height 2949
[41641.553] g7 starts moving from -17,-30 (-16.51,-29.50) height 261 after standing 1.97 s
[41641.553] g7 synced to section 3 south (set off), the next will confirm it
[41641.553] g5 onto -21,-19 (-20.51,-18.50) height 261
[41642.056] g6 onto 6,-33 (6.50,-32.50) height 2949
[41642.182] g5 onto -22,-19 (-21.50,-18.50) height 261
[41642.379] g7 onto -18,-30 (-17.50,-29.50) height 261
[41642.754] g6 onto 7,-33 (7.50,-32.50) height 2949
[41642.826] g5 onto -23,-19 (-22.50,-18.50) height 261
[41642.982] g7 onto -19,-30 (-18.50,-29.50) height 261
[41643.518] g6 onto 8,-33 (8.41,-32.41) height 2949
[41643.563] g5 onto -24,-19 (-23.40,-18.61) height 261
[41643.636] g7 onto -20,-30 (-19.50,-29.50) height 261
[41644.186] g6 onto 8,-32 (8.50,-31.50) height 2949
[41644.196] g5 onto -24,-20 (-23.50,-19.49) height 261
[41644.817] g6 onto 8,-31 (8.50,-30.51) height 2949
[41644.839] g5 onto -24,-21 (-23.50,-20.52) height 261
[41644.256] g7 lost from view on -21,-30 (-20.41,-29.50) height 261
[41645.459] g6 onto 8,-30 (8.50,-29.50) height 2949
[41645.542] g5 onto -24,-22 (-23.50,-21.50) height 261
[41646.140] g6 onto 8,-29 (8.50,-28.50) height 2949
[41646.246] g5 onto -24,-23 (-23.50,-22.50) height 261
[41646.851] g6 onto 8,-28 (8.50,-27.50) height 2949
[41646.943] g5 onto -24,-24 (-23.50,-23.50) height 261
[41647.542] g6 onto 8,-27 (8.50,-26.50) height 2949
[41647.577] g5 onto -24,-25 (-23.50,-24.50) height 261
[41648.180] g6 onto 8,-26 (8.50,-25.50) height 2949
[41648.226] g5 onto -24,-26 (-23.50,-25.50) height 261
[41649.046] g6 onto 8,-25 (8.50,-24.50) height 2949
[41649.010] g6 stops on 8,-25 (8.50,-24.50) height 2949 after moving 10.46 s
[41649.335] g6 starts moving from 8,-25 (8.51,-24.50) height 2949 after standing 0.33 s
[41649.335] g6 synced to sections 1-2: confirmed (set off)
[41648.776] g5 lost from view on -24,-27 (-23.50,-26.38) height 261
[41650.166] g6 onto 9,-25 (9.50,-24.50) height 2949
[41650.809] g6 onto 10,-25 (10.50,-24.50) height 2949
[41651.445] g6 onto 11,-25 (11.49,-24.50) height 2949
[41651.906] g8 appears on -24,-28 (-23.50,-27.91) height 261
[41651.915] g8 starts moving from -24,-28 (-23.50,-27.90) height 261 after standing 0.01 s
[41652.144] g6 onto 12,-25 (12.50,-24.50) height 2949
[41652.841] g6 onto 13,-25 (13.50,-24.50) height 2949
[41652.897] g8 onto -24,-27 (-23.50,-26.50) height 261
[41653.531] g8 onto -24,-26 (-23.50,-25.50) height 261
[41653.544] g6 onto 14,-25 (14.50,-24.50) height 2949
[41654.159] g8 onto -24,-25 (-23.50,-24.50) height 261
[41654.186] g6 onto 15,-25 (15.50,-24.50) height 2949
[41654.806] g8 onto -24,-24 (-23.50,-23.50) height 261
[41654.973] g6 onto 16,-25 (16.50,-24.50) height 2949
[41654.953] g6 stops on 16,-25 (16.50,-24.50) height 2949 after moving 5.62 s
[41655.442] g8 onto -24,-23 (-23.50,-22.50) height 261
[41656.084] g8 onto -24,-22 (-23.50,-21.51) height 261
[41656.885] g8 onto -24,-21 (-23.50,-20.50) height 261
[41656.878] g8 stops on -24,-21 (-23.50,-20.50) height 261 after moving 4.96 s
[41657.129] g6 starts moving from 16,-25 (16.50,-24.50) height 2949 after standing 2.18 s
[41657.727] g8 starts moving from -24,-21 (-23.50,-20.50) height 261 after standing 0.85 s
[41657.727] g8 synced to section 3 north: a set-off agrees with the quick sync, one more will confirm it
[41657.936] g6 onto 15,-25 (15.50,-24.50) height 2949
[41658.539] g8 onto -25,-21 (-24.50,-20.50) height 261
[41658.578] g6 onto 14,-25 (14.50,-24.50) height 2949
[41659.231] g6 onto 13,-25 (13.50,-24.50) height 2949
[41658.622] g8 lost from view on -25,-21 (-24.60,-20.50) height 261
[41659.917] g9 appears on -27,-21 (-26.64,-20.50) height 261
[41659.929] g9 starts moving from -27,-21 (-26.65,-20.50) height 261 after standing 0.01 s
[41659.917] g6 onto 12,-25 (12.50,-24.50) height 2949
[41660.625] g6 onto 11,-25 (11.50,-24.50) height 2949
[41660.014] g9 lost from view on -27,-21 (-26.78,-20.50) height 261
[41661.335] g6 onto 10,-25 (10.50,-24.50) height 2949
[41661.966] g6 onto 9,-25 (9.50,-24.50) height 2949
[41662.741] g6 onto 8,-25 (8.59,-24.41) height 2949
[41663.388] g6 onto 8,-24 (8.50,-23.49) height 2949
[41664.010] g6 onto 8,-23 (8.50,-22.49) height 2949
[41664.708] g6 onto 8,-22 (8.50,-21.50) height 2949
[41665.403] g6 onto 8,-21 (8.50,-20.50) height 2949
[41666.098] g6 onto 8,-20 (8.50,-19.50) height 2949
[41666.747] g6 onto 8,-19 (8.50,-18.49) height 2949
[41667.381] g6 onto 8,-18 (8.50,-17.50) height 2949
[41668.031] g6 onto 8,-17 (8.50,-16.50) height 2949
[41668.589] g6 lost from view on 8,-16 (8.50,-15.61) height 2936
[41673.557] g10 appears on 11,-11 (11.44,-10.50) height 2991
[41673.568] g10 starts moving from 11,-11 (11.46,-10.50) height 2993 after standing 0.01 s
[41674.181] g10 lost from view on 12,-11 (12.45,-10.50) height 3224
[41675.220] g4 lost from view on 9,-19 (9.50,-18.50) height 2949
[41681.746] g11 appears on 9,-19 (9.50,-18.50) height 2949
[41682.655] g12 appears on -20,-43 (-19.09,-42.50) height 261
[41682.666] g12 starts moving from -20,-43 (-19.08,-42.50) height 261 after standing 0.01 s
[41682.688] g13 appears on -25,-17 (-24.50,-16.12) height 261
[41682.710] g13 starts moving from -25,-17 (-24.50,-16.14) height 261 after standing 0.02 s
[41683.034] g12 onto -19,-43 (-18.50,-42.50) height 261
[41683.583] g13 onto -25,-18 (-24.50,-17.50) height 261
[41683.687] g12 onto -18,-43 (-17.50,-42.50) height 261
[41684.226] g13 onto -25,-19 (-24.37,-18.38) height 261
[41684.328] g12 onto -17,-43 (-16.50,-42.50) height 261
[41684.860] g13 onto -24,-19 (-23.51,-18.50) height 261
[41684.965] g12 onto -16,-43 (-15.50,-42.50) height 261
[41685.501] g13 onto -23,-19 (-22.50,-18.50) height 261
[41685.598] g12 onto -15,-43 (-14.50,-42.50) height 261
[41686.137] g13 onto -22,-19 (-21.49,-18.50) height 261
[41686.415] g12 onto -14,-43 (-13.50,-42.50) height 261
[41686.403] g12 stops on -14,-43 (-13.50,-42.50) height 261 after moving 3.74 s
[41686.758] g11 treated as a spawn: hasn't moved since appearing 5 s ago
[41686.789] g13 onto -21,-19 (-20.50,-18.50) height 261
[41687.160] g12 starts moving from -14,-43 (-13.51,-42.50) height 261 after standing 0.76 s
[41687.160] g12 synced to section 3 south: confirmed (set off)
[41687.394] g13 onto -20,-19 (-19.51,-18.50) height 261
[41687.938] g12 onto -15,-43 (-14.49,-42.50) height 261
[41687.966] g13 onto -19,-19 (-18.50,-18.50) height 261
[41688.596] g13 onto -18,-19 (-17.50,-18.50) height 261
[41688.609] g12 onto -16,-43 (-15.51,-42.50) height 261
[41689.212] g12 onto -17,-43 (-16.50,-42.50) height 261
[41689.277] g13 onto -17,-19 (-16.62,-18.37) height 261
[41689.918] g12 onto -18,-43 (-17.50,-42.50) height 261
[41689.918] g13 onto -17,-18 (-16.50,-17.50) height 261
[41690.135] g12 lost from view on -18,-43 (-17.80,-42.50) height 261
[41690.135] g13 lost from view on -17,-18 (-16.50,-17.20) height 261
[41693.533] g14 appears on -17,-13 (-16.50,-12.04) height 261
[41693.550] g14 starts moving from -17,-13 (-16.50,-12.02) height 261 after standing 0.02 s
[41693.839] g15 appears on -24,-43 (-23.28,-42.47) height 261
[41693.849] g15 starts moving from -24,-43 (-23.29,-42.47) height 261 after standing 0.01 s
[41693.881] g14 onto -17,-12 (-16.50,-11.50) height 261
[41694.516] g14 onto -17,-11 (-16.50,-10.50) height 261
[41694.620] g15 onto -24,-42 (-23.50,-41.51) height 261
[41694.110] g11 lost from view on 9,-19 (9.50,-18.50) height 2949
[41695.157] g14 onto -17,-10 (-16.38,-9.63) height 261
[41695.268] g15 onto -24,-41 (-23.50,-40.53) height 261
[41695.806] g14 onto -16,-10 (-15.52,-9.50) height 261
[41695.962] g15 onto -24,-40 (-23.50,-39.50) height 261
[41696.410] g14 onto -15,-10 (-14.50,-9.50) height 261
[41696.664] g15 onto -24,-39 (-23.50,-38.50) height 261
[41697.026] g14 onto -14,-10 (-13.50,-9.50) height 261
[41697.360] g15 onto -24,-38 (-23.50,-37.50) height 261
[41697.405] g14 lost from view on -13,-10 (-12.96,-9.50) height 261
[41697.885] g15 lost from view on -24,-37 (-23.50,-36.67) height 261
[41729.352] g16 appears on -27,-21 (-26.29,-20.50) height 261
[41729.417] g16 starts moving from -27,-21 (-26.39,-20.50) height 261 after standing 0.06 s
[41730.218] g16 onto -28,-21 (-27.53,-20.50) height 261
[41730.884] g16 onto -29,-21 (-28.48,-20.50) height 261
[41731.556] g16 onto -30,-21 (-29.53,-20.50) height 261
[41732.155] g16 onto -31,-21 (-30.50,-20.50) height 261
[41732.950] g16 onto -32,-21 (-31.50,-20.50) height 261
[41732.950] g16 stops on -32,-21 (-31.50,-20.50) height 261 after moving 3.53 s
[41733.953] g16 starts moving from -32,-21 (-31.46,-20.50) height 261 after standing 1.00 s
[41733.953] g16 synced to section 3 north: confirmed (set off)
[41734.753] g16 onto -31,-21 (-30.47,-20.50) height 261
[41735.350] g16 onto -30,-21 (-29.50,-20.50) height 261
[41736.089] g16 onto -29,-21 (-28.47,-20.50) height 261
[41736.752] g16 onto -28,-21 (-27.50,-20.50) height 261
[41737.487] g16 onto -27,-21 (-26.47,-20.50) height 261
[41737.619] g16 lost from view on -27,-21 (-26.26,-20.50) height 261
[41740.285] g17 appears on -25,-20 (-24.50,-19.27) height 261
[41740.354] g17 starts moving from -25,-20 (-24.50,-19.13) height 261 after standing 0.07 s
[41740.752] g17 onto -25,-19 (-24.50,-18.53) height 261
[41741.417] g17 onto -25,-18 (-24.50,-17.50) height 261
[41742.089] g17 onto -25,-17 (-24.50,-16.55) height 261
[41742.824] g17 onto -25,-16 (-24.50,-15.50) height 261
[41743.492] g17 onto -25,-15 (-24.50,-14.55) height 261
[41744.151] g17 onto -25,-14 (-24.50,-13.50) height 261
[41744.802] g17 onto -25,-13 (-24.50,-12.50) height 261
[41745.437] g17 onto -25,-12 (-24.50,-11.50) height 261
[41746.273] g17 onto -25,-11 (-24.50,-10.50) height 261
[41746.217] g17 stops on -25,-11 (-24.50,-10.50) height 261 after moving 5.86 s
[41748.344] g17 starts moving from -25,-11 (-24.50,-10.50) height 261 after standing 2.13 s
[41749.163] g17 onto -25,-12 (-24.50,-11.50) height 261
[41749.810] g17 onto -25,-13 (-24.50,-12.50) height 261
[41750.442] g17 onto -25,-14 (-24.50,-13.49) height 261
[41751.137] g17 onto -25,-15 (-24.50,-14.50) height 261
[41751.864] g17 onto -25,-16 (-24.50,-15.50) height 261
[41752.554] g17 onto -25,-17 (-24.50,-16.50) height 261
[41753.181] g17 onto -25,-18 (-24.50,-17.52) height 261
[41753.794] g17 onto -25,-19 (-24.37,-18.37) height 261
[41754.445] g17 onto -24,-19 (-23.50,-18.50) height 261
[41755.102] g17 onto -23,-19 (-22.49,-18.50) height 261
[41755.720] g17 onto -22,-19 (-21.50,-18.50) height 261
[41756.360] g17 onto -21,-19 (-20.50,-18.50) height 261
[41757.002] g17 onto -20,-19 (-19.51,-18.50) height 261
[41757.608] g17 onto -19,-19 (-18.50,-18.50) height 261
[41758.223] g17 onto -18,-19 (-17.50,-18.50) height 261
[41758.917] g17 onto -17,-19 (-16.62,-18.37) height 261
[41759.568] g17 onto -17,-18 (-16.50,-17.50) height 261
[41760.259] g17 onto -17,-17 (-16.50,-16.50) height 261
[41760.961] g17 onto -17,-16 (-16.50,-15.50) height 261
[41761.602] g17 onto -17,-15 (-16.50,-14.50) height 261
[41762.240] g17 onto -17,-14 (-16.50,-13.50) height 261
[41762.897] g17 onto -17,-13 (-16.50,-12.52) height 261
[41763.477] g17 onto -17,-12 (-16.50,-11.51) height 261
[41764.151] g17 onto -17,-11 (-16.50,-10.50) height 261
[41764.818] g17 onto -17,-10 (-16.35,-9.60) height 261
[41765.415] g17 onto -16,-10 (-15.50,-9.50) height 261
[41765.939] g17 onto -15,-10 (-14.53,-9.50) height 261
[41766.608] g17 onto -14,-10 (-13.47,-9.50) height 261
[41767.392] g17 onto -13,-10 (-12.50,-9.50) height 261
[41767.392] g17 stops on -13,-10 (-12.50,-9.50) height 261 after moving 19.05 s
[41769.358] g17 starts moving from -13,-10 (-12.51,-9.50) height 261 after standing 1.97 s
[41770.178] g17 onto -14,-10 (-13.50,-9.50) height 261
[41770.883] g17 onto -15,-10 (-14.50,-9.50) height 261
[41771.581] g17 onto -16,-10 (-15.50,-9.50) height 261
[41772.280] g17 onto -17,-10 (-16.38,-9.63) height 261
[41772.922] g17 onto -17,-11 (-16.50,-10.50) height 261
[41773.565] g17 onto -17,-12 (-16.50,-11.51) height 261
[41774.201] g17 onto -17,-13 (-16.50,-12.50) height 261
[41774.839] g17 onto -17,-14 (-16.50,-13.50) height 261
[41775.480] g17 onto -17,-15 (-16.50,-14.50) height 261
[41776.125] g17 onto -17,-16 (-16.50,-15.50) height 261
[41776.756] g17 onto -17,-17 (-16.50,-16.50) height 261
[41777.402] g17 onto -17,-18 (-16.50,-17.50) height 261
[41778.125] g17 onto -17,-19 (-16.63,-18.38) height 261
[41778.742] g17 onto -18,-19 (-17.50,-18.50) height 261
[41779.445] g17 onto -19,-19 (-18.50,-18.50) height 261
[41780.142] g17 onto -20,-19 (-19.50,-18.50) height 261
[41780.782] g17 onto -21,-19 (-20.50,-18.50) height 261
[41781.417] g17 onto -22,-19 (-21.50,-18.50) height 261
[41782.059] g17 onto -23,-19 (-22.50,-18.50) height 261
[41782.788] g17 onto -24,-19 (-23.39,-18.61) height 261
[41783.425] g17 onto -24,-20 (-23.50,-19.51) height 261
[41784.124] g17 onto -24,-21 (-23.50,-20.53) height 261
[41784.792] g17 onto -24,-22 (-23.50,-21.48) height 261
[41785.524] g17 onto -24,-23 (-23.50,-22.53) height 261
[41786.126] g17 onto -24,-24 (-23.50,-23.50) height 261
[41786.794] g17 onto -24,-25 (-23.50,-24.53) height 261
[41787.389] g17 onto -24,-26 (-23.50,-25.50) height 261
[41787.991] g17 onto -24,-27 (-23.50,-26.45) height 261
[41788.657] g17 onto -24,-28 (-23.50,-27.50) height 261
[41788.990] g17 lost from view on -24,-28 (-23.50,-28.00) height 261
[41790.999] g18 appears on -24,-29 (-23.50,-28.01) height 261
[41791.061] g18 starts moving from -24,-28 (-23.50,-27.92) height 261 after standing 0.06 s
[41791.326] g18 onto -24,-28 (-23.50,-27.52) height 261
[41792.058] g18 onto -24,-27 (-23.50,-26.47) height 261
[41792.727] g18 onto -24,-26 (-23.50,-25.52) height 261
[41793.389] g18 onto -24,-25 (-23.50,-24.50) height 261
[41793.987] g18 onto -24,-24 (-23.50,-23.55) height 261
[41794.656] g18 onto -24,-23 (-23.50,-22.47) height 261
[41795.265] g18 onto -24,-22 (-23.50,-21.50) height 261
[41796.074] g18 onto -24,-21 (-23.50,-20.50) height 261
[41796.074] g18 stops on -24,-21 (-23.50,-20.50) height 261 after moving 5.01 s
[41796.935] g18 starts moving from -24,-21 (-23.51,-20.50) height 261 after standing 0.86 s
[41797.548] g19 appears on -19,-30 (-18.15,-29.50) height 261
[41797.618] g19 starts moving from -19,-30 (-18.26,-29.50) height 261 after standing 0.07 s
[41797.750] g18 onto -25,-21 (-24.50,-20.50) height 261
[41798.346] g18 onto -26,-21 (-25.44,-20.50) height 261
[41798.416] g19 onto -20,-30 (-19.50,-29.50) height 261
[41799.013] g18 onto -27,-21 (-26.50,-20.50) height 261
[41799.145] g19 onto -21,-30 (-20.53,-29.50) height 261
[41799.763] g18 onto -28,-21 (-27.53,-20.50) height 261
[41799.816] g19 onto -22,-30 (-21.50,-29.50) height 261
[41800.416] g18 onto -29,-21 (-28.50,-20.50) height 261
[41800.567] g19 onto -23,-30 (-22.53,-29.50) height 261
[41801.147] g18 onto -30,-21 (-29.53,-20.50) height 261
[41801.281] g19 onto -24,-30 (-23.41,-29.57) height 261
[41801.749] g18 onto -31,-21 (-30.50,-20.50) height 261
[41801.948] g19 onto -24,-31 (-23.50,-30.49) height 261
[41802.613] g19 onto -24,-32 (-23.50,-31.54) height 261
[41801.948] g18 lost from view on -31,-21 (-30.80,-20.50) height 261
[41803.215] g19 onto -24,-33 (-23.50,-32.47) height 261
[41803.948] g19 onto -24,-34 (-23.50,-33.50) height 261
[41804.149] g20 appears on -31,-21 (-30.82,-20.50) height 261
[41804.214] g20 starts moving from -31,-21 (-30.72,-20.50) height 261 after standing 0.07 s
[41805.015] g20 onto -30,-21 (-29.47,-20.50) height 261
[41804.344] g19 lost from view on -24,-35 (-23.50,-34.06) height 261
[41805.679] g20 onto -29,-21 (-28.52,-20.50) height 261
[41806.413] g20 onto -28,-21 (-27.47,-20.50) height 261
[41807.078] g20 onto -27,-21 (-26.52,-20.50) height 261
[41807.746] g20 onto -26,-21 (-25.50,-20.50) height 261
[41808.481] g20 onto -25,-21 (-24.50,-20.50) height 261
[41808.481] g20 stops on -25,-21 (-24.50,-20.50) height 261 after moving 4.27 s
[41809.037] g20 starts moving from -25,-21 (-24.50,-20.44) height 261 after standing 0.56 s
[41809.783] g20 onto -25,-20 (-24.50,-19.50) height 261
[41810.419] g20 onto -25,-19 (-24.50,-18.50) height 261
[41811.071] g20 onto -25,-18 (-24.50,-17.50) height 261
[41811.757] g20 onto -25,-17 (-24.50,-16.50) height 261
[41812.475] g20 onto -25,-16 (-24.50,-15.50) height 261
[41813.160] g20 onto -25,-15 (-24.50,-14.50) height 261
[41813.816] g20 onto -25,-14 (-24.50,-13.50) height 261
[41813.997] g21 appears on -24,-50 (-23.50,-49.49) height 261
[41814.008] g21 starts moving from -24,-50 (-23.50,-49.50) height 261 after standing 0.01 s
[41814.447] g20 onto -25,-13 (-24.50,-12.50) height 261
[41814.591] g21 onto -24,-51 (-23.50,-50.49) height 261
[41815.089] g20 onto -25,-12 (-24.50,-11.47) height 261
[41815.211] g21 onto -24,-52 (-23.50,-51.50) height 261
[41815.670] g20 lost from view on -25,-11 (-24.50,-10.70) height 261
[41815.688] g21 lost from view on -24,-53 (-23.50,-52.29) height 298
[41817.524] g22 appears on -25,-11 (-24.50,-10.50) height 261
[41817.982] g22 starts moving from -25,-11 (-24.50,-10.51) height 261 after standing 0.46 s
[41818.782] g22 onto -25,-12 (-24.50,-11.50) height 261
[41819.202] g22 onto -25,-13 (-24.50,-12.20) height 261
[41819.441] g23 appears on -24,-59 (-23.50,-58.57) height 1221
[41819.452] g23 starts moving from -24,-59 (-23.50,-58.58) height 1221 after standing 0.01 s
[41819.462] g23 lost from view on -24,-59 (-23.50,-58.61) height 1221
[41820.776] g22 onto -25,-15 (-24.50,-14.49) height 261
[41821.465] g22 onto -25,-16 (-24.50,-15.50) height 261
[41822.158] g22 onto -25,-17 (-24.50,-16.50) height 261
[41822.806] g22 onto -25,-18 (-24.50,-17.50) height 261
[41823.428] g22 onto -25,-19 (-24.38,-18.37) height 261
[41824.076] g22 onto -24,-19 (-23.50,-18.50) height 261
[41824.712] g22 onto -23,-19 (-22.50,-18.50) height 261
[41825.355] g22 onto -22,-19 (-21.50,-18.50) height 261
[41825.998] g22 onto -21,-19 (-20.50,-18.50) height 261
[41826.405] g22 lost from view on -20,-19 (-19.86,-18.50) height 261
[41849.920] g24 appears on -20,-19 (-19.94,-18.50) height 261
[41849.986] g24 starts moving from -20,-19 (-20.00,-18.50) height 261 after standing 0.07 s
[41850.318] g24 onto -21,-19 (-20.50,-18.50) height 261
[41850.981] g24 onto -22,-19 (-21.53,-18.50) height 261
[41851.580] g24 onto -23,-19 (-22.50,-18.50) height 261
[41851.714] g25 appears on -24,-39 (-23.50,-38.10) height 261
[41851.782] g25 starts moving from -24,-39 (-23.50,-38.00) height 261 after standing 0.07 s
[41852.117] g25 onto -24,-38 (-23.50,-37.50) height 261
[41852.330] g24 onto -24,-19 (-23.40,-18.61) height 261
[41852.781] g25 onto -24,-37 (-23.50,-36.47) height 261
[41852.984] g24 onto -24,-20 (-23.50,-19.54) height 261
[41853.381] g25 onto -24,-36 (-23.50,-35.50) height 261
[41853.582] g24 onto -24,-21 (-23.50,-20.47) height 261
[41854.051] g25 onto -24,-35 (-23.50,-34.47) height 261
[41854.319] g24 onto -24,-22 (-23.50,-21.53) height 261
[41854.648] g25 onto -24,-34 (-23.50,-33.50) height 261
[41854.990] g24 onto -24,-23 (-23.50,-22.48) height 261
[41855.250] g25 onto -24,-33 (-23.50,-32.55) height 261
[41855.716] g24 onto -24,-24 (-23.50,-23.53) height 261
[41855.918] g25 onto -24,-32 (-23.50,-31.50) height 261
[41856.316] g24 onto -24,-25 (-23.50,-24.50) height 261
[41856.583] g25 onto -24,-31 (-23.50,-30.47) height 261
[41856.981] g24 onto -24,-26 (-23.50,-25.53) height 261
[41857.259] g25 onto -24,-30 (-23.62,-29.64) height 261
[41857.594] g24 onto -24,-27 (-23.50,-26.50) height 261
[41857.920] g25 onto -25,-30 (-24.53,-29.50) height 261
[41858.253] g24 onto -24,-28 (-23.50,-27.53) height 261
[41858.582] g25 onto -26,-30 (-25.48,-29.50) height 261
[41858.854] g24 onto -24,-29 (-23.50,-28.50) height 261
[41859.317] g25 onto -27,-30 (-26.50,-29.50) height 261
[41859.566] g24 onto -24,-30 (-23.50,-29.28) height 261
[41859.958] g25 onto -28,-30 (-27.50,-29.50) height 261
[41860.222] g24 onto -24,-29 (-23.50,-28.50) height 261
[41860.599] g25 onto -29,-30 (-28.50,-29.50) height 261
[41860.933] g24 onto -24,-28 (-23.50,-27.49) height 261
[41861.242] g25 onto -30,-30 (-29.50,-29.50) height 261
[41861.621] g24 onto -24,-27 (-23.50,-26.50) height 261
[41862.053] g25 onto -31,-30 (-30.50,-29.50) height 261
[41862.010] g25 stops on -31,-30 (-30.50,-29.50) height 261 after moving 10.23 s
[41862.325] g24 onto -24,-26 (-23.50,-25.50) height 261
[41862.374] g25 starts moving from -31,-30 (-30.50,-29.50) height 261 after standing 0.36 s
[41862.965] g24 onto -24,-25 (-23.50,-24.50) height 261
[41863.184] g25 onto -30,-30 (-29.51,-29.50) height 261
[41863.605] g24 onto -24,-24 (-23.50,-23.50) height 261
[41863.814] g25 onto -29,-30 (-28.49,-29.50) height 261
[41864.240] g24 onto -24,-23 (-23.50,-22.50) height 261
[41864.488] g25 onto -28,-30 (-27.50,-29.50) height 261
[41864.880] g24 onto -24,-22 (-23.50,-21.50) height 261
[41865.161] g25 onto -27,-30 (-26.50,-29.50) height 261
[41865.717] g24 onto -24,-21 (-23.50,-20.50) height 261
[41865.638] g24 stops on -24,-21 (-23.50,-20.50) height 261 after moving 15.65 s
[41865.872] g25 onto -26,-30 (-25.50,-29.50) height 261
[41866.565] g25 onto -25,-30 (-24.50,-29.50) height 261
[41867.199] g25 onto -24,-30 (-23.50,-29.50) height 261
[41866.211] g24 lost from view on -24,-21 (-23.50,-20.50) height 261
[41867.847] g25 onto -23,-30 (-22.49,-29.50) height 261
[41868.486] g25 onto -22,-30 (-21.49,-29.50) height 261
[41869.122] g25 onto -21,-30 (-20.50,-29.50) height 261
[41869.455] g26 appears on -28,-21 (-27.64,-20.50) height 261
[41869.466] g26 starts moving from -28,-21 (-27.65,-20.50) height 261 after standing 0.01 s
[41869.761] g25 onto -20,-30 (-19.50,-29.50) height 261
[41870.403] g25 onto -19,-30 (-18.50,-29.50) height 261
[41869.592] g26 lost from view on -28,-21 (-27.84,-20.50) height 261
[41871.033] g25 onto -18,-30 (-17.50,-29.50) height 261
[41871.850] g25 onto -17,-30 (-16.50,-29.50) height 261
[41871.811] g25 stops on -17,-30 (-16.50,-29.50) height 261 after moving 9.44 s
[41873.758] g25 starts moving from -17,-30 (-16.50,-29.50) height 261 after standing 1.95 s
[41874.584] g25 onto -18,-30 (-17.50,-29.50) height 261
[41875.227] g25 onto -19,-30 (-18.48,-29.50) height 261
[41875.878] g25 onto -20,-30 (-19.50,-29.50) height 261
[41876.568] g25 onto -21,-30 (-20.51,-29.50) height 261
[41877.272] g25 onto -22,-30 (-21.50,-29.50) height 261
[41877.964] g25 onto -23,-30 (-22.50,-29.50) height 261
[41878.726] g25 onto -24,-30 (-23.41,-29.59) height 261
[41879.377] g25 onto -24,-31 (-23.50,-30.50) height 261
[41880.012] g25 onto -24,-32 (-23.50,-31.50) height 261
[41880.655] g25 onto -24,-33 (-23.50,-32.50) height 261
[41881.383] g25 onto -24,-34 (-23.50,-33.50) height 261
[41882.057] g25 onto -24,-35 (-23.50,-34.49) height 261
[41882.763] g25 onto -24,-36 (-23.50,-35.50) height 261
[41883.406] g25 onto -24,-37 (-23.50,-36.49) height 261
[41884.040] g25 onto -24,-38 (-23.50,-37.50) height 261
[41884.681] g25 onto -24,-39 (-23.50,-38.50) height 261
[41885.319] g25 onto -24,-40 (-23.50,-39.50) height 261
[41885.956] g25 onto -24,-41 (-23.50,-40.51) height 261
[41886.596] g25 onto -24,-42 (-23.50,-41.50) height 261
[41887.219] g25 onto -24,-43 (-23.50,-42.50) height 261
[41887.826] g25 onto -24,-44 (-23.50,-43.49) height 261
[41888.386] g25 onto -24,-45 (-23.50,-44.50) height 261
[41889.016] g25 onto -24,-46 (-23.50,-45.50) height 261
[41889.617] g25 onto -24,-47 (-23.50,-46.49) height 261
[41890.200] g25 onto -24,-48 (-23.50,-47.50) height 261
[41890.825] g25 onto -24,-49 (-23.50,-48.49) height 261
[41891.428] g25 onto -24,-50 (-23.50,-49.50) height 261
[41892.008] g25 onto -24,-51 (-23.50,-50.50) height 261
[41892.576] g25 onto -24,-52 (-23.50,-51.50) height 261
[41893.218] g27 appears on -25,-19 (-24.19,-18.48) height 261
[41893.227] g27 starts moving from -25,-19 (-24.18,-18.48) height 261 after standing 0.01 s
[41893.218] g25 onto -24,-53 (-23.50,-52.52) height 328
[41893.684] g27 onto -24,-19 (-23.50,-18.50) height 261
[41893.808] g25 onto -24,-54 (-23.50,-53.49) height 560
[41894.314] g27 onto -23,-19 (-22.50,-18.50) height 261
[41894.387] g25 onto -24,-55 (-23.50,-54.50) height 885
[41894.959] g27 onto -22,-19 (-21.50,-18.50) height 261
[41894.482] g25 lost from view on -24,-55 (-23.50,-54.67) height 934
[41895.547] g27 onto -21,-19 (-20.58,-18.50) height 261
[41895.900] g28 appears on -24,-58 (-23.50,-57.00) height 1221
[41895.908] g28 starts moving from -24,-58 (-23.50,-57.01) height 1221 after standing 0.01 s
[41896.830] g28 onto -24,-59 (-23.50,-58.50) height 1221
[41896.830] g27 onto -19,-19 (-18.50,-18.50) height 261
[41897.459] g27 onto -18,-19 (-17.50,-18.50) height 261
[41898.152] g27 onto -17,-19 (-16.62,-18.37) height 261
[41897.223] g28 lost from view on -24,-60 (-23.50,-59.17) height 1221
[41898.807] g27 onto -17,-18 (-16.50,-17.53) height 261
[41899.503] g27 onto -17,-17 (-16.50,-16.50) height 261
[41900.202] g27 onto -17,-16 (-16.50,-15.50) height 261
[41900.210] g27 lost from view on -17,-16 (-16.50,-15.50) height 261
[41912.640] g29 appears on -23,-43 (-22.32,-42.50) height 261
[41912.656] g29 starts moving from -23,-43 (-22.30,-42.50) height 261 after standing 0.02 s
[41913.230] g29 onto -22,-43 (-21.49,-42.50) height 261
[41913.922] g29 onto -21,-43 (-20.50,-42.50) height 261
[41914.561] g29 onto -20,-43 (-19.50,-42.50) height 261
[41915.213] g29 onto -19,-43 (-18.50,-42.50) height 261
[41915.838] g29 onto -18,-43 (-17.50,-42.50) height 261
[41916.475] g29 onto -17,-43 (-16.50,-42.50) height 261
[41917.118] g29 onto -16,-43 (-15.50,-42.50) height 261
[41917.760] g29 onto -15,-43 (-14.50,-42.50) height 261
[41918.562] g29 onto -14,-43 (-13.50,-42.50) height 261
[41918.531] g29 stops on -14,-43 (-13.50,-42.50) height 261 after moving 5.88 s
[41919.393] g29 starts moving from -14,-43 (-13.51,-42.50) height 261 after standing 0.86 s
[41920.189] g29 onto -15,-43 (-14.50,-42.50) height 261
[41920.836] g29 onto -16,-43 (-15.50,-42.50) height 261
[41921.477] g29 onto -17,-43 (-16.49,-42.50) height 261
[41922.180] g29 onto -18,-43 (-17.50,-42.50) height 261
[41922.878] g29 onto -19,-43 (-18.50,-42.50) height 261
[41923.596] g29 onto -20,-43 (-19.50,-42.50) height 261
[41924.223] g29 onto -21,-43 (-20.50,-42.50) height 261
[41924.865] g29 onto -22,-43 (-21.51,-42.50) height 261
[41925.500] g29 onto -23,-43 (-22.50,-42.50) height 261
[41926.226] g29 onto -24,-43 (-23.39,-42.39) height 261
[41926.873] g29 onto -24,-42 (-23.50,-41.50) height 261
[41927.559] g29 onto -24,-41 (-23.50,-40.50) height 261
[41928.258] g29 onto -24,-40 (-23.50,-39.50) height 261
[41928.967] g29 onto -24,-39 (-23.50,-38.50) height 261
[41929.259] g29 lost from view on -24,-39 (-23.50,-38.03) height 261
[41961.192] g30 appears on -24,-38 (-23.50,-37.07) height 261
[41961.207] g30 starts moving from -24,-38 (-23.50,-37.10) height 261 after standing 0.01 s
[41961.376] g31 appears on 3,-55 (3.50,-54.94) height 2181
[41961.385] g31 starts moving from 3,-55 (3.50,-54.93) height 2181 after standing 0.01 s
[41962.107] g30 onto -24,-39 (-23.50,-38.50) height 261
[41961.721] g31 lost from view on 3,-55 (3.50,-54.35) height 2181
[41962.733] g30 onto -24,-40 (-23.50,-39.50) height 261
[41963.385] g30 onto -24,-41 (-23.50,-40.50) height 261
[41964.021] g30 onto -24,-42 (-23.50,-41.50) height 261
[41964.632] g30 onto -24,-43 (-23.50,-42.50) height 261
[41965.203] g30 onto -24,-44 (-23.50,-43.50) height 261
[41965.824] g30 onto -24,-45 (-23.50,-44.51) height 261
[41966.420] g30 onto -24,-46 (-23.50,-45.50) height 261
[41967.011] g30 onto -24,-47 (-23.50,-46.50) height 261
[41967.619] g30 onto -24,-48 (-23.50,-47.50) height 261
[41968.234] g30 onto -24,-49 (-23.50,-48.50) height 261
[41968.842] g30 onto -24,-50 (-23.50,-49.50) height 261
[41969.448] g30 onto -24,-51 (-23.50,-50.49) height 261
[41970.027] g30 onto -24,-52 (-23.50,-51.48) height 261
[41970.611] g30 onto -24,-53 (-23.50,-52.49) height 324
[41971.204] g30 onto -24,-54 (-23.50,-53.49) height 562
[41971.828] g30 onto -24,-55 (-23.50,-54.50) height 884
[41972.415] g30 onto -24,-56 (-23.50,-55.48) height 1166
[41973.022] g30 onto -24,-57 (-23.50,-56.50) height 1221
[41973.631] g30 onto -24,-58 (-23.50,-57.50) height 1221
[41974.208] g30 onto -24,-59 (-23.50,-58.51) height 1221
[41974.847] g30 onto -24,-60 (-23.50,-59.50) height 1221
[41975.420] g30 onto -24,-61 (-23.50,-60.50) height 1221
[41976.043] g30 onto -24,-62 (-23.50,-61.50) height 1221
[41976.730] g30 onto -24,-63 (-23.50,-62.25) height 1221
[41977.389] g30 onto -24,-62 (-23.50,-61.49) height 1221
[41977.414] g30 lost from view on -24,-62 (-23.50,-61.46) height 1221
[41980.102] g32 appears on 13,-63 (13.76,-62.50) height 2181
[41980.122] g32 starts moving from 13,-63 (13.74,-62.50) height 2181 after standing 0.02 s
[41980.978] g32 onto 12,-63 (12.50,-62.50) height 2181
[41981.776] g32 onto 11,-63 (11.50,-62.50) height 2181
[41981.736] g32 stops on 11,-63 (11.50,-62.50) height 2181 after moving 1.61 s
[41983.583] g32 starts moving from 11,-63 (11.51,-62.50) height 2181 after standing 1.85 s
[41984.379] g32 onto 12,-63 (12.51,-62.50) height 2181
[41985.013] g32 onto 13,-63 (13.49,-62.50) height 2181
[41985.669] g32 onto 14,-63 (14.50,-62.50) height 2181
[41986.360] g32 onto 15,-63 (15.51,-62.50) height 2181
[41987.081] g32 onto 16,-63 (16.38,-62.37) height 2181
[41987.697] g32 onto 16,-62 (16.50,-61.50) height 2181
[41988.361] g32 onto 16,-61 (16.50,-60.52) height 2181
[41989.049] g32 onto 16,-60 (16.50,-59.50) height 2181
[41989.693] g32 onto 16,-59 (16.50,-58.49) height 2181
[41990.320] g32 onto 16,-58 (16.50,-57.50) height 2181
[41990.964] g32 onto 16,-57 (16.50,-56.48) height 2181
[41991.599] g32 onto 16,-56 (16.50,-55.50) height 2181
[41992.228] g32 onto 16,-55 (16.50,-54.51) height 2181
[41992.829] g32 onto 16,-54 (16.37,-53.62) height 2181
[41993.449] g32 onto 15,-54 (15.49,-53.50) height 2181
[41994.007] g32 onto 14,-54 (14.50,-53.50) height 2181
[41994.617] g32 onto 13,-54 (13.50,-53.50) height 2181
[41995.220] g32 onto 12,-54 (12.51,-53.50) height 2181
[41995.810] g32 onto 11,-54 (11.50,-53.50) height 2181
[41996.427] g32 onto 10,-54 (10.50,-53.50) height 2181
[41997.021] g32 onto 9,-54 (9.50,-53.50) height 2181
[41997.611] g32 onto 8,-54 (8.50,-53.50) height 2181
[41998.228] g32 onto 7,-54 (7.50,-53.50) height 2181
[41998.821] g32 onto 6,-54 (6.50,-53.50) height 2181
[41999.008] g32 lost from view on 6,-54 (6.18,-53.50) height 2181
[42000.293] g33 appears on -19,-43 (-18.50,-42.50) height 261
[42000.302] g33 starts moving from -19,-43 (-18.54,-42.50) height 261 after standing 0.01 s
[42000.989] g33 onto -20,-43 (-19.53,-42.50) height 261
[42001.608] g33 onto -21,-43 (-20.49,-42.50) height 261
[42002.255] g33 onto -22,-43 (-21.53,-42.50) height 261
[42002.863] g33 onto -23,-43 (-22.50,-42.50) height 261
[42002.963] g34 appears on 3,-58 (3.50,-57.39) height 2181
[42002.972] g34 starts moving from 3,-58 (3.50,-57.41) height 2181 after standing 0.01 s
[42003.592] g33 onto -24,-43 (-23.39,-42.40) height 261
[42003.602] g34 onto 3,-59 (3.50,-58.50) height 2181
[42004.136] g34 onto 3,-60 (3.41,-59.42) height 2181
[42004.223] g33 onto -24,-42 (-23.50,-41.50) height 261
[42004.791] g34 onto 2,-61 (2.51,-60.49) height 2181
[42005.426] g34 onto 1,-62 (1.50,-61.50) height 2181
[42004.591] g33 lost from view on -24,-42 (-23.50,-41.02) height 261
[42006.052] g34 onto 0,-63 (0.42,-62.41) height 2181
[42006.086] g35 appears on -24,-39 (-23.50,-38.86) height 261
[42006.099] g35 starts moving from -24,-39 (-23.50,-38.84) height 261 after standing 0.01 s
[42006.612] g34 onto -1,-63 (-0.37,-62.62) height 2181
[42006.782] g35 onto -24,-38 (-23.50,-37.73) height 261
[42007.231] g34 onto -1,-64 (-0.50,-63.50) height 2181
[42007.850] g34 onto -1,-65 (-0.50,-64.51) height 2181
[42007.210] g35 lost from view on -24,-38 (-23.50,-37.12) height 261
[42008.439] g34 onto -1,-66 (-0.50,-65.50) height 2181
[42009.021] g34 onto -1,-67 (-0.50,-66.51) height 2181
[42009.605] g34 onto -1,-68 (-0.50,-67.50) height 2181
[42010.230] g34 onto -1,-69 (-0.50,-68.51) height 2181
[42010.832] g34 onto -1,-70 (-0.50,-69.50) height 2181
[42011.398] g34 onto -1,-71 (-0.50,-70.49) height 2181
[42012.037] g34 onto -1,-72 (-0.50,-71.50) height 2181
[42012.632] g34 onto -1,-73 (-0.50,-72.52) height 2181
[42013.234] g34 onto -1,-74 (-0.63,-73.38) height 2181
[42013.869] g34 onto -2,-74 (-1.51,-73.50) height 2181
[42014.454] g34 onto -3,-74 (-2.49,-73.50) height 2181
[42015.022] g34 onto -4,-74 (-3.37,-73.63) height 2181
[42015.602] g34 onto -4,-75 (-3.50,-74.50) height 2181
[42016.250] g34 onto -4,-76 (-3.50,-75.50) height 2181
[42016.855] g34 onto -4,-77 (-3.50,-76.50) height 2181
[42017.431] g34 onto -4,-78 (-3.50,-77.51) height 2181
[42018.043] g34 onto -4,-79 (-3.50,-78.50) height 2181
[42018.927] g36 appears on -29,-30 (-28.06,-29.50) height 261
[42019.227] g34 onto -4,-81 (-3.63,-80.38) height 2181
[42019.814] g34 onto -5,-81 (-4.49,-80.50) height 2181
[42018.927] g36 lost from view on -29,-30 (-28.06,-29.50) height 261
[42020.212] g37 appears on -27,-30 (-26.19,-29.50) height 261
[42020.221] g37 starts moving from -27,-30 (-26.17,-29.50) height 261 after standing 0.01 s
[42020.239] g38 appears on -25,-17 (-24.50,-17.00) height 261
[42019.847] g34 lost from view on -5,-81 (-4.56,-80.50) height 2181
[42020.239] g38 lost from view on -25,-17 (-24.50,-17.00) height 261
[42021.547] g39 appears on -8,-81 (-7.35,-80.50) height 2181
[42020.538] g37 lost from view on -26,-30 (-25.77,-29.50) height 261
[42021.562] g39 starts moving from -8,-81 (-7.37,-80.50) height 2181 after standing 0.01 s
[42022.202] g39 onto -9,-81 (-8.38,-80.37) height 2181
[42022.789] g39 onto -9,-80 (-8.50,-79.50) height 2181
[42023.427] g39 onto -9,-79 (-8.50,-78.50) height 2181
[42024.024] g39 onto -9,-78 (-8.50,-77.50) height 2181
[42024.601] g39 onto -9,-77 (-8.50,-76.51) height 2181
[42025.230] g39 onto -9,-76 (-8.50,-75.50) height 2181
[42025.817] g39 onto -9,-75 (-8.64,-74.62) height 2181
[42026.418] g39 onto -10,-75 (-9.50,-74.50) height 2181
[42026.996] g39 onto -11,-75 (-10.50,-74.50) height 2181
[42027.532] g39 onto -12,-75 (-11.47,-74.50) height 2181
[42028.125] g39 onto -13,-75 (-12.50,-74.50) height 2181
[42028.727] g39 onto -14,-75 (-13.50,-74.50) height 2181
[42029.382] g39 onto -15,-75 (-14.53,-74.50) height 2181
[42029.925] g39 onto -16,-75 (-15.47,-74.50) height 2181
[42030.518] g39 onto -17,-75 (-16.50,-74.50) height 2181
[42031.117] g39 onto -18,-75 (-17.50,-74.50) height 2181
[42031.719] g39 onto -19,-75 (-18.50,-74.50) height 2101
[42032.325] g39 onto -20,-75 (-19.50,-74.50) height 1845
[42032.919] g39 onto -21,-75 (-20.50,-74.50) height 1493
[42033.538] g39 onto -22,-75 (-21.50,-74.50) height 1269
[42034.124] g39 onto -23,-75 (-22.50,-74.50) height 1221
[42034.724] g39 onto -24,-75 (-23.50,-74.50) height 1221
[42035.320] g39 onto -25,-75 (-24.38,-74.63) height 1221
[42035.921] g39 onto -25,-76 (-24.50,-75.53) height 1221
[42036.521] g39 onto -25,-77 (-24.50,-76.50) height 1221
[42037.185] g39 onto -25,-78 (-24.50,-77.53) height 1221
[42037.785] g39 onto -25,-79 (-24.50,-78.50) height 1221
[42038.436] g39 onto -25,-80 (-24.50,-79.48) height 1221
[42039.616] g39 onto -25,-82 (-24.50,-81.50) height 1221
[42040.219] g39 lost from view on -25,-83 (-24.50,-82.49) height 1221
[42059.747] g40 appears on 3,-89 (3.98,-88.50) height 2181
[42059.840] g41 appears on -22,-19 (-21.47,-18.50) height 261
[42059.854] g42 appears on -24,-54 (-23.50,-53.76) height 657
[42059.854] g41 starts moving from -22,-19 (-21.48,-18.50) height 261 after standing 0.01 s
[42059.871] g42 starts moving from -24,-54 (-23.50,-53.74) height 648 after standing 0.02 s
[42060.507] g41 onto -23,-19 (-22.50,-18.50) height 261
[42060.632] g42 onto -24,-53 (-23.50,-52.49) height 324
[42059.747] g40 lost from view on 3,-89 (3.98,-88.50) height 2181
[42061.229] g41 onto -24,-19 (-23.39,-18.61) height 261
[42061.239] g42 onto -24,-52 (-23.50,-51.50) height 261
[42061.280] g43 appears on 5,-88 (5.50,-87.38) height 2181
[42061.290] g43 starts moving from 5,-88 (5.50,-87.36) height 2181 after standing 0.01 s
[42061.842] g43 onto 5,-87 (5.50,-86.50) height 2181
[42061.883] g42 onto -24,-51 (-23.50,-50.51) height 261
[42061.270] g41 lost from view on -24,-19 (-23.41,-18.64) height 261
[42062.447] g43 onto 5,-86 (5.50,-85.49) height 2181
[42062.460] g42 lost from view on -24,-50 (-23.50,-49.54) height 261
[42062.568] g43 lost from view on 5,-86 (5.50,-85.28) height 2181
[42067.681] g44 appears on 9,-81 (9.26,-80.50) height 2181
[42067.692] g44 starts moving from 9,-81 (9.27,-80.50) height 2181 after standing 0.01 s
[42068.440] g44 onto 10,-81 (10.50,-80.50) height 2181
[42069.020] g44 onto 11,-81 (11.50,-80.50) height 2181
[42069.620] g44 onto 12,-81 (12.50,-80.50) height 2181
[42070.243] g44 onto 13,-81 (13.54,-80.50) height 2181
[42070.834] g44 onto 14,-81 (14.50,-80.50) height 2181
[42071.330] g44 onto 15,-81 (15.47,-80.50) height 2181
[42071.998] g44 onto 16,-81 (16.53,-80.50) height 2181
[42072.527] g44 onto 17,-81 (17.47,-80.50) height 2181
[42073.195] g44 onto 18,-81 (18.40,-80.65) height 2181
[42073.792] g44 onto 18,-82 (18.50,-81.50) height 2181
[42074.324] g44 onto 18,-83 (18.50,-82.47) height 2181
[42074.989] g44 onto 18,-84 (18.50,-83.53) height 2181
[42075.594] g44 onto 18,-85 (18.50,-84.50) height 2181
[42076.392] g44 onto 18,-86 (18.50,-85.50) height 2181
[42076.392] g44 stops on 18,-86 (18.50,-85.50) height 2181 after moving 8.70 s
[42077.188] g44 starts moving from 18,-86 (18.50,-85.47) height 2181 after standing 0.80 s
[42077.188] g44 synced to section 4 (set off), the next will confirm it
[42077.932] g44 onto 18,-85 (18.50,-84.54) height 2181
[42078.604] g44 onto 18,-84 (18.50,-83.51) height 2181
[42079.311] g44 onto 18,-83 (18.50,-82.50) height 2181
[42080.005] g44 onto 18,-82 (18.50,-81.50) height 2181
[42080.706] g44 onto 18,-81 (18.50,-80.51) height 2181
[42081.341] g44 lost from view on 18,-80 (18.50,-79.61) height 2181
[42085.959] g45 appears on 18,-73 (18.50,-72.54) height 2181
[42085.972] g45 starts moving from 18,-73 (18.50,-72.53) height 2181 after standing 0.01 s
[42086.041] g45 stops on 18,-73 (18.50,-72.50) height 2181 after moving 0.07 s
[42086.794] g45 starts moving from 18,-73 (18.50,-72.51) height 2181 after standing 0.75 s
[42086.852] g45 lost from view on 18,-73 (18.50,-72.53) height 2181
[42094.845] g46 appears on 14,-81 (14.38,-80.50) height 2181
[42094.910] g46 starts moving from 14,-81 (14.28,-80.50) height 2181 after standing 0.07 s
[42095.371] g46 onto 13,-81 (13.55,-80.50) height 2181
[42095.971] g46 onto 12,-81 (12.53,-80.50) height 2181
[42096.573] g46 onto 11,-81 (11.55,-80.50) height 2181
[42097.173] g46 onto 10,-81 (10.53,-80.50) height 2181
[42097.771] g46 onto 9,-81 (9.55,-80.50) height 2181
[42098.370] g46 onto 8,-81 (8.53,-80.50) height 2181
[42098.973] g46 onto 7,-81 (7.65,-80.60) height 2181
[42099.642] g46 onto 7,-82 (7.50,-81.54) height 2181
