[35722.264] run: arrival at 14755,1899, tiles below are relative to it
[35722.924] g1 appears on 8,-12 (8.50,-11.71) height 2717
[35722.936] g1 starts moving from 8,-12 (8.50,-11.77) height 2722 after standing 0.01 s
[35723.435] g1 onto 8,-13 (8.50,-12.49) height 2756
[35724.105] g1 onto 8,-14 (8.50,-13.51) height 2805
[35724.748] g1 onto 8,-15 (8.50,-14.50) height 2876
[35725.442] g1 onto 8,-16 (8.50,-15.50) height 2933
[35725.751] g2 appears on -24,-23 (-23.50,-22.93) height 261
[35725.765] g2 starts moving from -24,-23 (-23.50,-22.95) height 261 after standing 0.01 s
[35726.150] g1 onto 8,-17 (8.50,-16.48) height 2949
[35726.150] g2 onto -24,-24 (-23.50,-23.48) height 261
[35726.846] g2 onto -24,-25 (-23.50,-24.50) height 261
[35726.846] g1 onto 8,-18 (8.50,-17.50) height 2949
[35727.082] g1 lost from view on 8,-18 (8.50,-17.90) height 2949
[35727.082] g2 lost from view on -24,-25 (-23.50,-24.90) height 261
[35736.440] g3 appears on 5,3 (5.50,3.50) height 4933 (spawned by corpse 8,4)
[35743.629] g3 lost from view on 5,3 (5.50,3.50) height 4933
[35749.969] g4 appears on -26,-21 (-25.04,-20.50) height 261
[35749.983] g4 starts moving from -26,-21 (-25.03,-20.50) height 261 after standing 0.01 s
[35750.019] g5 appears on 8,-29 (8.50,-28.48) height 2949
[35750.030] g5 starts moving from 8,-29 (8.50,-28.47) height 2949 after standing 0.01 s
[35750.092] g6 appears on -22,-43 (-21.17,-42.50) height 261
[35750.102] g6 starts moving from -22,-43 (-21.19,-42.50) height 261 after standing 0.01 s
[35750.485] g4 onto -25,-21 (-24.50,-20.50) height 261
[35750.435] g4 stops on -25,-21 (-24.50,-20.50) height 261 after moving 0.45 s
[35750.704] g5 onto 8,-28 (8.50,-27.50) height 2949
[35751.406] g5 onto 8,-27 (8.50,-26.50) height 2949
[35750.635] g6 lost from view on -23,-43 (-22.00,-42.50) height 261
[35750.677] g4 lost from view on -25,-21 (-24.50,-20.50) height 261
[35752.038] g5 onto 8,-26 (8.50,-25.49) height 2949
[35752.902] g5 onto 8,-25 (8.50,-24.50) height 2949
[35752.801] g5 stops on 8,-25 (8.50,-24.50) height 2949 after moving 2.77 s
[35753.148] g5 lost from view on 8,-25 (8.50,-24.50) height 2949
[35756.657] g7 appears on 13,-25 (13.41,-24.50) height 2949
[35756.668] g7 starts moving from 13,-25 (13.42,-24.50) height 2949 after standing 0.01 s
[35756.708] g8 appears on -24,-35 (-23.50,-34.91) height 261
[35756.722] g8 starts moving from -24,-35 (-23.50,-34.90) height 261 after standing 0.01 s
[35757.430] g7 onto 14,-25 (14.50,-24.50) height 2949
[35757.605] g8 onto -24,-34 (-23.50,-33.50) height 261
[35758.061] g7 onto 15,-25 (15.50,-24.50) height 2949
[35758.243] g8 onto -24,-33 (-23.50,-32.50) height 261
[35758.849] g8 onto -24,-32 (-23.50,-31.50) height 261
[35758.890] g7 onto 16,-25 (16.50,-24.50) height 2949
[35758.849] g7 stops on 16,-25 (16.50,-24.50) height 2949 after moving 2.18 s
[35758.904] g8 lost from view on -24,-32 (-23.50,-31.42) height 261
[35760.327] g9 appears on -24,-30 (-23.79,-29.53) height 261
[35760.339] g9 starts moving from -24,-30 (-23.81,-29.52) height 261 after standing 0.01 s
[35760.806] g9 onto -25,-30 (-24.50,-29.50) height 261
[35761.044] g7 starts moving from 16,-25 (16.49,-24.50) height 2949 after standing 2.20 s
[35761.513] g9 onto -26,-30 (-25.49,-29.50) height 261
[35761.845] g7 onto 15,-25 (15.50,-24.50) height 2949
[35762.208] g9 onto -27,-30 (-26.50,-29.50) height 261
[35762.479] g7 onto 14,-25 (14.50,-24.50) height 2949
[35763.137] g7 onto 13,-25 (13.49,-24.50) height 2949
[35763.828] g7 onto 12,-25 (12.50,-24.50) height 2949
[35762.852] g9 lost from view on -28,-30 (-27.50,-29.50) height 261
[35764.521] g7 onto 11,-25 (11.50,-24.50) height 2949
[35765.216] g7 onto 10,-25 (10.50,-24.50) height 2949
[35765.893] g7 onto 9,-25 (9.50,-24.50) height 2949
[35766.681] g7 onto 8,-25 (8.59,-24.40) height 2949
[35767.274] g7 onto 8,-24 (8.50,-23.49) height 2949
[35767.332] g10 appears on -28,-30 (-27.51,-29.50) height 261
[35767.342] g10 starts moving from -28,-30 (-27.50,-29.50) height 261 after standing 0.01 s
[35767.912] g7 onto 8,-23 (8.50,-22.50) height 2949
[35768.027] g10 onto -27,-30 (-26.50,-29.50) height 261
[35768.488] g11 appears on -20,-19 (-19.51,-18.50) height 261
[35768.502] g11 starts moving from -20,-19 (-19.47,-18.50) height 261 after standing 0.01 s
[35768.606] g7 onto 8,-22 (8.50,-21.50) height 2949
[35768.725] g10 onto -26,-30 (-25.50,-29.50) height 261
[35769.092] g11 onto -19,-19 (-18.49,-18.50) height 261
[35769.311] g7 onto 8,-21 (8.50,-20.48) height 2949
[35769.419] g10 onto -25,-30 (-24.50,-29.50) height 261
[35769.718] g11 onto -18,-19 (-17.49,-18.50) height 261
[35770.019] g7 onto 8,-20 (8.50,-19.50) height 2949
[35770.064] g10 onto -24,-30 (-23.50,-29.50) height 261
[35770.393] g11 onto -17,-19 (-16.63,-18.38) height 261
[35770.652] g7 onto 8,-19 (8.50,-18.50) height 2949
[35770.720] g10 onto -23,-30 (-22.50,-29.50) height 261
[35771.050] g11 onto -17,-18 (-16.50,-17.50) height 261
[35771.280] g7 onto 8,-18 (8.50,-17.50) height 2949
[35771.349] g10 onto -22,-30 (-21.50,-29.50) height 261
[35771.747] g11 onto -17,-17 (-16.50,-16.51) height 261
[35771.922] g7 onto 8,-17 (8.50,-16.50) height 2949
[35771.987] g10 onto -21,-30 (-20.50,-29.50) height 261
[35772.441] g11 onto -17,-16 (-16.50,-15.50) height 261
[35772.561] g7 onto 8,-16 (8.50,-15.50) height 2933
[35772.625] g10 onto -20,-30 (-19.50,-29.50) height 261
[35773.083] g11 onto -17,-15 (-16.50,-14.50) height 261
[35773.206] g7 onto 8,-15 (8.50,-14.50) height 2877
[35773.265] g10 onto -19,-30 (-18.51,-29.50) height 261
[35773.849] g7 onto 8,-14 (8.50,-13.50) height 2804
[35773.909] g10 onto -18,-30 (-17.51,-29.50) height 261
[35773.275] g11 lost from view on -17,-15 (-16.50,-14.18) height 261
[35774.498] g7 onto 8,-13 (8.50,-12.50) height 2756
[35774.716] g10 onto -17,-30 (-16.50,-29.50) height 261
[35774.673] g10 stops on -17,-30 (-16.50,-29.50) height 261 after moving 7.33 s
[35775.095] g7 onto 8,-12 (8.50,-11.50) height 2701
[35775.668] g7 onto 8,-11 (8.63,-10.62) height 2660
[35776.240] g7 onto 9,-11 (9.49,-10.50) height 2772
[35775.585] g10 lost from view on -17,-30 (-16.50,-29.50) height 261
[35776.886] g7 onto 10,-11 (10.50,-10.50) height 2893
[35777.475] g7 onto 11,-11 (11.52,-10.50) height 2998
[35778.102] g7 onto 12,-11 (12.50,-10.50) height 3237
[35778.659] g12 appears on -13,-10 (-12.74,-9.50) height 261
[35778.684] g12 starts moving from -13,-10 (-12.73,-9.50) height 261 after standing 0.03 s
[35778.711] g7 onto 13,-11 (13.51,-10.50) height 3544
[35778.872] g12 stops on -13,-10 (-12.50,-9.50) height 261 after moving 0.19 s
[35779.292] g7 onto 14,-11 (14.50,-10.50) height 3862
[35779.873] g7 onto 15,-11 (15.51,-10.50) height 3909
[35780.473] g7 onto 16,-11 (16.38,-10.37) height 3909
[35780.832] g12 starts moving from -13,-10 (-12.51,-9.50) height 261 after standing 1.96 s
[35781.112] g7 onto 16,-10 (16.50,-9.52) height 3909
[35781.687] g7 onto 16,-9 (16.50,-8.49) height 4280
[35781.112] g12 lost from view on -13,-10 (-12.76,-9.50) height 261
[35782.271] g7 onto 16,-8 (16.50,-7.49) height 4646
[35782.883] g7 onto 16,-7 (16.50,-6.50) height 4917
[35783.485] g7 onto 16,-6 (16.50,-5.50) height 4933
[35784.066] g7 onto 16,-5 (16.50,-4.51) height 4933
[35784.686] g7 onto 16,-4 (16.50,-3.50) height 4933
[35785.183] g7 onto 16,-3 (16.50,-2.64) height 4933
[35785.860] g7 onto 16,-2 (16.50,-1.50) height 4933
[35786.482] g7 onto 16,-1 (16.50,-0.50) height 4933
[35787.348] g7 onto 16,0 (16.50,0.50) height 4933
[35787.242] g7 stops on 16,0 (16.50,0.50) height 4933 after moving 26.20 s
[35789.861] g7 lost from view on 16,0 (16.50,0.50) height 4933
[35791.918] g13 appears on -20,-19 (-19.98,-18.50) height 261
[35791.929] g13 starts moving from -20,-19 (-20.00,-18.50) height 261 after standing 0.01 s
[35791.929] g13 lost from view on -20,-19 (-20.00,-18.50) height 261
[35800.453] g14 appears on -24,-28 (-23.50,-27.92) height 261
[35800.465] g14 starts moving from -24,-28 (-23.50,-27.94) height 261 after standing 0.01 s
[35800.499] g14 lost from view on -24,-28 (-23.50,-27.98) height 261
[35802.135] g15 appears on -24,-29 (-23.50,-28.57) height 261
[35802.146] g15 starts moving from -24,-29 (-23.50,-28.56) height 261 after standing 0.01 s
[35802.410] g16 appears on 9,-19 (9.50,-18.50) height 2949
[35802.899] g15 onto -24,-28 (-23.50,-27.49) height 261
[35803.589] g15 onto -24,-27 (-23.50,-26.51) height 261
[35804.219] g15 onto -24,-26 (-23.50,-25.51) height 261
[35804.407] g15 lost from view on -24,-26 (-23.50,-25.21) height 261
[35807.427] g16 treated as a spawn: hasn't moved since appearing 5 s ago
[35809.645] g16 lost from view on 9,-19 (9.50,-18.50) height 2949
[35815.045] g17 appears on 7,-31 (7.50,-30.50) height 2949
[35815.844] g18 appears on 8,-11 (8.77,-10.53) height 2677
[35815.857] g18 starts moving from 8,-11 (8.76,-10.54) height 2675 after standing 0.01 s
[35816.645] g18 onto 8,-12 (8.50,-11.50) height 2701
[35817.350] g18 onto 8,-13 (8.50,-12.51) height 2757
[35818.041] g18 onto 8,-14 (8.50,-13.50) height 2805
[35818.690] g18 onto 8,-15 (8.50,-14.50) height 2877
[35819.328] g18 onto 8,-16 (8.50,-15.50) height 2933
[35819.977] g18 onto 8,-17 (8.50,-16.50) height 2949
[35820.047] g17 treated as a spawn: hasn't moved since appearing 5 s ago
[35820.605] g18 onto 8,-18 (8.50,-17.53) height 2949
[35821.220] g18 onto 8,-19 (8.50,-18.50) height 2949
[35821.857] g18 onto 8,-20 (8.50,-19.50) height 2949
[35822.501] g18 onto 8,-21 (8.50,-20.50) height 2949
[35823.104] g18 onto 8,-22 (8.50,-21.50) height 2949
[35822.185] g17 lost from view on 7,-31 (7.50,-30.50) height 2949
[35823.682] g18 onto 8,-23 (8.50,-22.49) height 2949
[35824.303] g18 onto 8,-24 (8.50,-23.50) height 2949
[35824.896] g18 onto 8,-25 (8.50,-24.49) height 2949
[35825.483] g18 onto 8,-26 (8.50,-25.52) height 2949
[35826.068] g18 onto 8,-27 (8.50,-26.50) height 2949
[35826.708] g18 onto 8,-28 (8.50,-27.50) height 2949
[35827.287] g18 onto 8,-29 (8.50,-28.50) height 2949
[35827.788] g18 lost from view on 8,-30 (8.50,-29.36) height 2949
[35833.207] g19 appears on 3,-33 (3.40,-32.50) height 2949
[35833.220] g19 starts moving from 3,-33 (3.38,-32.50) height 2949 after standing 0.01 s
[35833.706] g19 onto 2,-33 (2.62,-32.50) height 2949
[35834.396] g20 appears on -24,-35 (-23.50,-34.49) height 261
[35834.414] g21 appears on -25,-18 (-24.50,-17.69) height 261
[35834.414] g20 starts moving from -24,-35 (-23.50,-34.47) height 261 after standing 0.02 s
[35834.437] g21 starts moving from -25,-18 (-24.50,-17.71) height 261 after standing 0.02 s
[35834.607] g19 onto 1,-33 (1.50,-32.50) height 2949
[35834.581] g19 stops on 1,-33 (1.50,-32.50) height 2949 after moving 1.36 s
[35834.868] g20 lost from view on -24,-34 (-23.50,-33.73) height 261
[35834.868] g21 lost from view on -25,-19 (-24.41,-18.33) height 261
[35834.977] g19 lost from view on 1,-33 (1.50,-32.50) height 2949
[35836.289] g22 appears on 2,-33 (2.55,-32.50) height 2949
[35836.301] g22 starts moving from 2,-33 (2.57,-32.50) height 2949 after standing 0.01 s
[35836.895] g22 onto 3,-33 (3.50,-32.50) height 2949
[35837.547] g22 onto 4,-33 (4.50,-32.50) height 2949
[35838.245] g22 onto 5,-33 (5.50,-32.50) height 2949
[35838.950] g22 onto 6,-33 (6.50,-32.50) height 2949
[35839.638] g22 onto 7,-33 (7.50,-32.50) height 2949
[35840.409] g22 onto 8,-33 (8.41,-32.41) height 2949
[35841.065] g22 onto 8,-32 (8.50,-31.50) height 2949
[35841.706] g23 appears on -17,-16 (-16.50,-15.98) height 261
[35841.691] g22 onto 8,-31 (8.50,-30.50) height 2949
[35841.720] g23 starts moving from -17,-16 (-16.50,-15.97) height 261 after standing 0.01 s
[35842.345] g22 onto 8,-30 (8.50,-29.50) height 2949
[35843.063] g22 onto 8,-29 (8.50,-28.49) height 2949
[35842.345] g23 lost from view on -17,-15 (-16.50,-14.99) height 261
[35843.747] g22 onto 8,-28 (8.50,-27.49) height 2949
[35844.438] g22 onto 8,-27 (8.50,-26.50) height 2949
[35844.477] g24 appears on -17,-12 (-16.50,-11.65) height 261
[35844.488] g24 starts moving from -17,-12 (-16.50,-11.64) height 261 after standing 0.01 s
[35845.220] g24 onto -17,-11 (-16.50,-10.50) height 261
[35844.591] g22 lost from view on 8,-27 (8.50,-26.27) height 2949
[35845.855] g24 onto -17,-10 (-16.37,-9.62) height 261
[35846.486] g24 onto -16,-10 (-15.51,-9.50) height 261
[35847.061] g24 onto -15,-10 (-14.50,-9.50) height 261
[35847.696] g24 onto -14,-10 (-13.50,-9.50) height 261
[35848.499] g24 onto -13,-10 (-12.50,-9.50) height 261
[35848.438] g24 stops on -13,-10 (-12.50,-9.50) height 261 after moving 3.95 s
[35850.435] g24 starts moving from -13,-10 (-12.51,-9.50) height 261 after standing 2.00 s
[35851.262] g24 onto -14,-10 (-13.50,-9.50) height 261
[35851.875] g24 onto -15,-10 (-14.50,-9.50) height 261
[35852.522] g24 onto -16,-10 (-15.50,-9.50) height 261
[35853.218] g24 onto -17,-10 (-16.38,-9.63) height 261
[35853.895] g24 onto -17,-11 (-16.50,-10.50) height 261
[35854.555] g24 onto -17,-12 (-16.50,-11.50) height 261
[35855.274] g24 onto -17,-13 (-16.50,-12.50) height 261
[35855.905] g24 onto -17,-14 (-16.50,-13.50) height 261
[35856.543] g24 onto -17,-15 (-16.50,-14.50) height 261
[35856.606] g25 appears on -21,-30 (-20.14,-29.50) height 261
[35856.621] g25 starts moving from -21,-30 (-20.16,-29.50) height 261 after standing 0.02 s
[35857.548] g25 onto -22,-30 (-21.50,-29.50) height 261
[35856.849] g24 lost from view on -17,-15 (-16.50,-14.97) height 261
[35858.173] g26 appears on 10,-25 (10.59,-24.50) height 2949
[35858.182] g26 starts moving from 10,-25 (10.57,-24.50) height 2949 after standing 0.01 s
[35858.238] g25 onto -23,-30 (-22.50,-29.50) height 261
[35858.894] g26 onto 9,-25 (9.50,-24.50) height 2949
[35858.921] g25 onto -24,-30 (-23.36,-29.53) height 261
[35859.641] g26 onto 8,-25 (8.59,-24.41) height 2949
[35859.680] g25 onto -24,-31 (-23.50,-30.50) height 261
[35860.281] g26 onto 8,-24 (8.50,-23.50) height 2949
[35860.919] g26 onto 8,-23 (8.50,-22.51) height 2949
[35860.131] g25 lost from view on -24,-32 (-23.50,-31.24) height 261
[35861.610] g26 onto 8,-22 (8.50,-21.50) height 2949
[35862.331] g26 onto 8,-21 (8.50,-20.50) height 2949
[35862.522] g26 lost from view on 8,-21 (8.50,-20.20) height 2949
[35885.684] g27 appears on -31,-21 (-30.14,-20.50) height 261
[35885.699] g27 starts moving from -31,-21 (-30.04,-20.50) height 261 after standing 0.01 s
[35885.699] g27 lost from view on -31,-21 (-30.04,-20.50) height 261
[35886.789] g28 appears on -29,-21 (-28.40,-20.50) height 261
[35886.799] g28 starts moving from -29,-21 (-28.38,-20.50) height 261 after standing 0.01 s
[35887.422] g28 onto -28,-21 (-27.50,-20.50) height 261
[35888.124] g28 onto -27,-21 (-26.50,-20.50) height 261
[35888.838] g28 onto -26,-21 (-25.50,-20.50) height 261
[35889.376] g29 appears on -24,-48 (-23.50,-47.02) height 261
[35889.386] g29 starts moving from -24,-48 (-23.50,-47.02) height 261 after standing 0.01 s
[35889.653] g28 onto -25,-21 (-24.50,-20.50) height 261
[35889.724] g29 onto -24,-47 (-23.50,-46.50) height 261
[35889.642] g28 stops on -25,-21 (-24.50,-20.50) height 261 after moving 2.84 s
[35890.109] g28 starts moving from -25,-21 (-24.50,-20.49) height 261 after standing 0.47 s
[35890.321] g29 onto -24,-46 (-23.50,-45.50) height 261
[35890.879] g28 onto -25,-20 (-24.50,-19.51) height 261
[35890.910] g29 onto -24,-45 (-23.50,-44.50) height 261
[35891.517] g29 onto -24,-44 (-23.50,-43.50) height 261
[35891.527] g28 onto -25,-19 (-24.50,-18.49) height 261
[35892.228] g28 onto -25,-18 (-24.50,-17.50) height 261
[35891.786] g29 lost from view on -24,-44 (-23.50,-43.12) height 261
[35893.631] g28 onto -25,-16 (-24.50,-15.51) height 261
[35894.271] g28 onto -25,-15 (-24.50,-14.50) height 261
[35894.903] g28 onto -25,-14 (-24.50,-13.50) height 261
[35895.201] g30 appears on -20,-43 (-19.02,-42.50) height 261
[35895.217] g30 starts moving from -20,-43 (-19.01,-42.50) height 261 after standing 0.02 s
[35895.241] g31 appears on 6,-54 (6.28,-53.50) height 2181
[35895.256] g31 starts moving from 6,-54 (6.27,-53.50) height 2181 after standing 0.01 s
[35895.545] g30 onto -19,-43 (-18.50,-42.50) height 261
[35895.545] g28 onto -25,-13 (-24.50,-12.50) height 261
[35895.716] g31 onto 5,-54 (5.53,-53.50) height 2181
[35896.191] g28 onto -25,-12 (-24.50,-11.50) height 261
[35895.979] g31 lost from view on 5,-54 (5.02,-53.50) height 2181
[35896.987] g28 onto -25,-11 (-24.50,-10.50) height 261
[35895.997] g30 lost from view on -18,-43 (-17.78,-42.50) height 261
[35896.958] g28 stops on -25,-11 (-24.50,-10.50) height 261 after moving 6.85 s
[35899.057] g28 starts moving from -25,-11 (-24.50,-10.51) height 261 after standing 2.10 s
[35899.863] g28 onto -25,-12 (-24.50,-11.50) height 261
[35900.507] g28 onto -25,-13 (-24.50,-12.51) height 261
[35901.144] g28 onto -25,-14 (-24.50,-13.50) height 261
[35901.853] g28 onto -25,-15 (-24.50,-14.50) height 261
[35902.552] g28 onto -25,-16 (-24.50,-15.50) height 261
[35903.256] g28 onto -25,-17 (-24.50,-16.50) height 261
[35903.886] g28 onto -25,-18 (-24.50,-17.51) height 261
[35904.510] g28 onto -25,-19 (-24.38,-18.37) height 261
[35905.171] g28 onto -24,-19 (-23.50,-18.50) height 261
[35905.802] g28 onto -23,-19 (-22.50,-18.50) height 261
[35906.438] g28 onto -22,-19 (-21.50,-18.50) height 261
[35907.080] g28 onto -21,-19 (-20.50,-18.50) height 261
[35907.696] g28 onto -20,-19 (-19.50,-18.50) height 261
[35908.272] g28 onto -19,-19 (-18.50,-18.50) height 261
[35908.879] g28 onto -18,-19 (-17.50,-18.50) height 261
[35909.581] g28 onto -17,-19 (-16.63,-18.38) height 261
[35910.221] g28 onto -17,-18 (-16.50,-17.50) height 261
[35910.924] g28 onto -17,-17 (-16.50,-16.50) height 261
[35911.630] g28 onto -17,-16 (-16.50,-15.49) height 261
[35912.270] g28 onto -17,-15 (-16.50,-14.50) height 261
[35912.897] g28 onto -17,-14 (-16.50,-13.50) height 261
[35913.555] g28 onto -17,-13 (-16.50,-12.49) height 261
[35914.174] g28 onto -17,-12 (-16.50,-11.50) height 261
[35914.827] g28 onto -17,-11 (-16.50,-10.50) height 261
[35915.364] g32 appears on -24,-30 (-24.00,-29.50) height 261
[35915.373] g32 starts moving from -25,-30 (-24.00,-29.50) height 261 after standing 0.01 s
[35915.454] g28 onto -17,-10 (-16.37,-9.62) height 261
[35916.100] g28 onto -16,-10 (-15.50,-9.50) height 261
[35915.384] g32 lost from view on -25,-30 (-24.03,-29.50) height 261
[35916.403] g33 appears on -26,-30 (-25.53,-29.50) height 261
[35916.421] g33 starts moving from -26,-30 (-25.56,-29.50) height 261 after standing 0.02 s
[35916.711] g28 onto -15,-10 (-14.50,-9.50) height 261
[35917.317] g28 onto -14,-10 (-13.50,-9.50) height 261
[35916.711] g33 lost from view on -27,-30 (-26.01,-29.50) height 261
[35918.144] g28 onto -13,-10 (-12.50,-9.50) height 261
[35918.092] g28 stops on -13,-10 (-12.50,-9.50) height 261 after moving 19.03 s
[35920.040] g28 starts moving from -13,-10 (-12.51,-9.50) height 261 after standing 1.95 s
[35920.860] g28 onto -14,-10 (-13.48,-9.50) height 261
[35921.494] g28 onto -15,-10 (-14.50,-9.50) height 261
[35922.143] g28 onto -16,-10 (-15.50,-9.50) height 261
[35922.837] g28 onto -17,-10 (-16.37,-9.62) height 261
[35923.263] g34 appears on -26,-30 (-25.92,-29.50) height 261
[35923.279] g34 starts moving from -26,-30 (-25.91,-29.50) height 261 after standing 0.02 s
[35923.485] g28 onto -17,-11 (-16.50,-10.48) height 261
[35924.187] g28 onto -17,-12 (-16.50,-11.51) height 261
[35924.240] g34 onto -25,-30 (-24.50,-29.50) height 261
[35924.881] g28 onto -17,-13 (-16.50,-12.50) height 261
[35924.343] g34 lost from view on -25,-30 (-24.34,-29.50) height 261
[35925.517] g28 onto -17,-14 (-16.50,-13.50) height 261
[35926.153] g28 onto -17,-15 (-16.50,-14.50) height 261
[35926.794] g28 onto -17,-16 (-16.50,-15.50) height 261
[35927.442] g28 onto -17,-17 (-16.50,-16.50) height 261
[35928.082] g28 onto -17,-18 (-16.50,-17.50) height 261
[35928.777] g28 onto -17,-19 (-16.63,-18.38) height 261
[35929.425] g28 onto -18,-19 (-17.50,-18.50) height 261
[35930.130] g28 onto -19,-19 (-18.50,-18.50) height 261
[35930.820] g28 onto -20,-19 (-19.50,-18.50) height 261
[35931.460] g28 onto -21,-19 (-20.49,-18.50) height 261
[35932.107] g28 onto -22,-19 (-21.50,-18.50) height 261
[35932.741] g28 onto -23,-19 (-22.50,-18.50) height 261
[35933.474] g28 onto -24,-19 (-23.39,-18.61) height 261
[35934.112] g28 onto -24,-20 (-23.50,-19.49) height 261
[35934.771] g28 onto -24,-21 (-23.50,-20.50) height 261
[35935.367] g28 lost from view on -24,-22 (-23.50,-21.36) height 261
[35944.624] g35 appears on -24,-24 (-23.50,-23.65) height 261
[35944.638] g35 starts moving from -24,-24 (-23.50,-23.62) height 261 after standing 0.01 s
[35945.370] g35 onto -24,-23 (-23.50,-22.50) height 261
[35945.996] g35 onto -24,-22 (-23.50,-21.50) height 261
[35946.857] g35 onto -24,-21 (-23.50,-20.50) height 261
[35946.818] g35 stops on -24,-21 (-23.50,-20.50) height 261 after moving 2.18 s
[35947.619] g35 starts moving from -24,-21 (-23.50,-20.50) height 261 after standing 0.80 s
[35948.456] g35 onto -25,-21 (-24.51,-20.50) height 261
[35949.086] g35 onto -26,-21 (-25.50,-20.50) height 261
[35949.739] g35 onto -27,-21 (-26.50,-20.50) height 261
[35950.430] g35 onto -28,-21 (-27.51,-20.50) height 261
[35951.122] g35 onto -29,-21 (-28.51,-20.50) height 261
[35951.821] g35 onto -30,-21 (-29.50,-20.50) height 261
[35952.464] g35 onto -31,-21 (-30.50,-20.50) height 261
[35953.305] g35 onto -32,-21 (-31.50,-20.50) height 261
[35953.235] g35 stops on -32,-21 (-31.50,-20.50) height 261 after moving 5.62 s
[35954.272] g35 starts moving from -32,-21 (-31.49,-20.50) height 261 after standing 1.04 s
[35955.060] g35 onto -31,-21 (-30.50,-20.50) height 261
[35955.701] g35 onto -30,-21 (-29.50,-20.50) height 261
[35956.346] g35 onto -29,-21 (-28.50,-20.50) height 261
[35957.045] g35 onto -28,-21 (-27.50,-20.50) height 261
[35957.744] g35 onto -27,-21 (-26.50,-20.50) height 261
[35958.448] g35 onto -26,-21 (-25.50,-20.50) height 261
[35959.255] g35 onto -25,-21 (-24.50,-20.50) height 261
[35959.210] g35 stops on -25,-21 (-24.50,-20.50) height 261 after moving 4.94 s
[35959.660] g35 starts moving from -25,-21 (-24.50,-20.49) height 261 after standing 0.45 s
[35960.473] g35 onto -25,-20 (-24.50,-19.49) height 261
[35961.094] g35 onto -25,-19 (-24.50,-18.50) height 261
[35961.750] g35 onto -25,-18 (-24.50,-17.50) height 261
[35962.432] g35 onto -25,-17 (-24.50,-16.50) height 261
[35963.149] g35 onto -25,-16 (-24.50,-15.51) height 261
[35963.841] g35 onto -25,-15 (-24.50,-14.50) height 261
[35964.487] g35 onto -25,-14 (-24.50,-13.49) height 261
[35964.990] g35 lost from view on -25,-13 (-24.50,-12.72) height 261
[35970.232] g36 appears on -25,-13 (-24.50,-12.72) height 261
[35970.243] g36 starts moving from -25,-13 (-24.50,-12.72) height 261 after standing 0.01 s
[35970.738] g36 onto -25,-14 (-24.50,-13.49) height 261
[35971.445] g36 onto -25,-15 (-24.50,-14.50) height 261
[35971.970] g37 appears on -21,-43 (-20.02,-42.50) height 261
[35971.986] g37 starts moving from -20,-43 (-19.99,-42.50) height 261 after standing 0.02 s
[35972.150] g36 onto -25,-16 (-24.50,-15.50) height 261
[35972.311] g37 onto -20,-43 (-19.50,-42.50) height 261
[35972.945] g37 onto -19,-43 (-18.50,-42.50) height 261
[35972.159] g36 lost from view on -25,-16 (-24.50,-15.53) height 261
[35973.613] g37 onto -18,-43 (-17.50,-42.50) height 261
[35974.227] g37 onto -17,-43 (-16.50,-42.50) height 261
[35974.849] g37 onto -16,-43 (-15.50,-42.50) height 261
[35975.504] g37 onto -15,-43 (-14.50,-42.50) height 261
[35976.289] g37 onto -14,-43 (-13.50,-42.50) height 261
[35976.272] g37 stops on -14,-43 (-13.50,-42.50) height 261 after moving 4.29 s
[35977.063] g37 starts moving from -14,-43 (-13.51,-42.50) height 261 after standing 0.79 s
[35977.868] g37 onto -15,-43 (-14.50,-42.50) height 261
[35978.511] g37 onto -16,-43 (-15.50,-42.50) height 261
[35979.101] g38 appears on -17,-19 (-16.75,-18.46) height 261
[35979.111] g38 starts moving from -17,-19 (-16.75,-18.46) height 261 after standing 0.01 s
[35979.156] g37 onto -17,-43 (-16.50,-42.50) height 261
[35979.842] g37 onto -18,-43 (-17.50,-42.50) height 261
[35979.275] g38 lost from view on -17,-19 (-16.62,-18.37) height 261
[35980.548] g37 onto -19,-43 (-18.49,-42.50) height 261
[35981.248] g37 onto -20,-43 (-19.50,-42.50) height 261
[35981.882] g37 onto -21,-43 (-20.50,-42.50) height 261
[35982.517] g37 onto -22,-43 (-21.50,-42.50) height 261
[35983.163] g37 onto -23,-43 (-22.50,-42.50) height 261
[35983.885] g37 onto -24,-43 (-23.39,-42.39) height 261
[35984.526] g37 onto -24,-42 (-23.50,-41.51) height 261
[35985.222] g37 onto -24,-41 (-23.50,-40.51) height 261
[35985.922] g37 onto -24,-40 (-23.50,-39.50) height 261
[35986.630] g37 onto -24,-39 (-23.50,-38.52) height 261
[35987.259] g37 onto -24,-38 (-23.50,-37.50) height 261
[35987.903] g37 onto -24,-37 (-23.50,-36.50) height 261
[35988.544] g37 onto -24,-36 (-23.50,-35.50) height 261
[35989.186] g37 onto -24,-35 (-23.50,-34.50) height 261
[35989.821] g37 onto -24,-34 (-23.50,-33.48) height 261
[35990.445] g37 onto -24,-33 (-23.50,-32.50) height 261
[35991.098] g37 onto -24,-32 (-23.50,-31.51) height 261
[35991.726] g37 onto -24,-31 (-23.50,-30.51) height 261
[35992.431] g37 onto -24,-30 (-23.63,-29.62) height 261
[35993.071] g37 onto -25,-30 (-24.50,-29.50) height 261
[35993.756] g37 onto -26,-30 (-25.50,-29.50) height 261
[35994.464] g37 onto -27,-30 (-26.49,-29.50) height 261
[35995.111] g37 onto -28,-30 (-27.51,-29.50) height 261
[35995.741] g37 onto -29,-30 (-28.50,-29.50) height 261
[35996.392] g37 onto -30,-30 (-29.50,-29.50) height 261
[35997.183] g37 onto -31,-30 (-30.50,-29.50) height 261
[35997.145] g37 stops on -31,-30 (-30.50,-29.50) height 261 after moving 20.08 s
[35997.436] g37 starts moving from -31,-30 (-30.50,-29.50) height 261 after standing 0.29 s
[35998.261] g37 onto -30,-30 (-29.50,-29.50) height 261
[35998.900] g37 onto -29,-30 (-28.50,-29.50) height 261
[35999.544] g37 onto -28,-30 (-27.51,-29.50) height 261
[36000.243] g37 onto -27,-30 (-26.50,-29.50) height 261
[36000.940] g37 onto -26,-30 (-25.50,-29.50) height 261
[36001.646] g37 onto -25,-30 (-24.49,-29.50) height 261
[36002.284] g37 onto -24,-30 (-23.50,-29.50) height 261
[36002.918] g37 onto -23,-30 (-22.50,-29.50) height 261
[36003.574] g37 onto -22,-30 (-21.50,-29.50) height 261
[36004.194] g37 onto -21,-30 (-20.50,-29.50) height 261
[36004.843] g37 onto -20,-30 (-19.50,-29.50) height 261
[36005.251] g39 appears on -24,-22 (-23.50,-21.77) height 261
[36005.266] g39 starts moving from -24,-22 (-23.50,-21.80) height 261 after standing 0.01 s
[36005.487] g37 onto -19,-30 (-18.50,-29.50) height 261
[36005.764] g39 onto -24,-23 (-23.50,-22.50) height 261
[36006.117] g37 onto -18,-30 (-17.50,-29.50) height 261
[36006.459] g39 onto -24,-24 (-23.50,-23.50) height 261
[36007.100] g39 onto -24,-25 (-23.50,-24.50) height 261
[36006.666] g37 lost from view on -17,-30 (-16.76,-29.50) height 261
[36007.747] g39 onto -24,-26 (-23.50,-25.50) height 261
[36008.268] g40 appears on -30,-28 (-29.50,-27.50) height 261 (spawned by corpse -32,-30)
[36008.388] g39 onto -24,-27 (-23.50,-26.51) height 261
[36009.021] g39 onto -24,-28 (-23.50,-27.50) height 261
[36009.129] g41 appears on -17,-30 (-16.81,-29.50) height 261
[36009.138] g41 starts moving from -17,-30 (-16.81,-29.50) height 261 after standing 0.01 s
[36009.662] g39 onto -24,-29 (-23.50,-28.50) height 261
[36009.672] g41 onto -18,-30 (-17.50,-29.50) height 261
[36010.401] g41 onto -19,-30 (-18.50,-29.50) height 261
[36011.085] g41 onto -20,-30 (-19.48,-29.50) height 261
[36011.244] g40 lost from view on -30,-28 (-29.50,-27.50) height 261
[36011.361] g39 lost from view on -24,-29 (-23.50,-28.00) height 261
[36011.663] g41 lost from view on -21,-30 (-20.32,-29.50) height 261
[36016.073] g42 appears on -24,-33 (-23.50,-32.84) height 261
[36016.082] g42 starts moving from -24,-33 (-23.50,-32.85) height 261 after standing 0.01 s
[36016.544] g42 onto -24,-34 (-23.50,-33.50) height 261
[36017.256] g42 onto -24,-35 (-23.50,-34.50) height 261
[36017.889] g42 onto -24,-36 (-23.50,-35.50) height 261
[36018.515] g42 onto -24,-37 (-23.50,-36.50) height 261
[36019.163] g42 onto -24,-38 (-23.50,-37.50) height 261
[36019.800] g42 onto -24,-39 (-23.50,-38.50) height 261
[36020.436] g42 onto -24,-40 (-23.50,-39.50) height 261
[36021.086] g42 onto -24,-41 (-23.50,-40.53) height 261
[36021.284] g43 appears on -30,-21 (-29.26,-20.50) height 261
[36021.700] g42 onto -24,-42 (-23.50,-41.51) height 261
[36021.284] g43 lost from view on -30,-21 (-29.26,-20.50) height 261
[36022.310] g42 onto -24,-43 (-23.50,-42.51) height 261
[36022.861] g42 lost from view on -24,-44 (-23.50,-43.46) height 261
[36024.237] g44 appears on -32,-21 (-31.09,-20.50) height 261
[36024.249] g44 starts moving from -32,-21 (-31.08,-20.50) height 261 after standing 0.01 s
[36024.507] g45 appears on -24,-47 (-23.50,-46.18) height 261
[36024.535] g45 starts moving from -24,-47 (-23.50,-46.23) height 261 after standing 0.03 s
[36024.526] g44 lost from view on -31,-21 (-30.72,-20.50) height 261
[36024.897] g45 lost from view on -24,-47 (-23.50,-46.85) height 261
[36028.599] g46 appears on -25,-21 (-24.76,-20.50) height 261
[36028.610] g46 starts moving from -25,-21 (-24.76,-20.50) height 261 after standing 0.01 s
[36028.883] g46 stops on -25,-21 (-24.50,-20.50) height 261 after moving 0.27 s
[36029.147] g46 lost from view on -25,-21 (-24.50,-20.50) height 261
[36036.234] g47 appears on -24,-60 (-23.50,-59.84) height 1221
[36036.243] g47 starts moving from -24,-60 (-23.50,-59.83) height 1221 after standing 0.01 s
[36037.111] g47 onto -24,-59 (-23.50,-58.49) height 1221
[36037.752] g47 onto -24,-58 (-23.50,-57.50) height 1221
[36038.390] g47 onto -24,-57 (-23.50,-56.50) height 1221
[36039.020] g47 onto -24,-56 (-23.50,-55.50) height 1173
[36039.673] g47 onto -24,-55 (-23.50,-54.50) height 885
[36040.297] g47 onto -24,-54 (-23.50,-53.50) height 566
[36040.923] g47 onto -24,-53 (-23.50,-52.51) height 326
[36041.480] g47 onto -24,-52 (-23.50,-51.50) height 261
[36042.105] g47 onto -24,-51 (-23.50,-50.51) height 261
[36042.704] g47 onto -24,-50 (-23.50,-49.50) height 261
[36043.283] g47 onto -24,-49 (-23.50,-48.50) height 261
[36043.905] g47 onto -24,-48 (-23.50,-47.50) height 261
[36044.509] g47 onto -24,-47 (-23.50,-46.49) height 261
[36045.093] g47 onto -24,-46 (-23.50,-45.50) height 261
[36045.706] g47 onto -24,-45 (-23.50,-44.50) height 261
[36046.337] g47 onto -24,-44 (-23.50,-43.50) height 261
[36047.050] g47 onto -24,-43 (-23.37,-42.62) height 261
[36047.685] g47 onto -23,-43 (-22.50,-42.50) height 261
[36048.386] g47 onto -22,-43 (-21.49,-42.50) height 261
[36049.082] g47 onto -21,-43 (-20.50,-42.50) height 261
[36049.735] g47 onto -20,-43 (-19.50,-42.50) height 261
[36050.377] g47 onto -19,-43 (-18.47,-42.50) height 261
[36050.973] g47 onto -18,-43 (-17.50,-42.50) height 261
[36051.606] g47 onto -17,-43 (-16.51,-42.50) height 261
[36052.258] g47 onto -16,-43 (-15.50,-42.50) height 261
[36052.902] g47 onto -15,-43 (-14.50,-42.50) height 261
[36053.713] g47 onto -14,-43 (-13.50,-42.50) height 261
[36053.659] g47 stops on -14,-43 (-13.50,-42.50) height 261 after moving 17.42 s
[36054.454] g47 starts moving from -14,-43 (-13.51,-42.50) height 261 after standing 0.80 s
[36055.277] g47 onto -15,-43 (-14.50,-42.50) height 261
[36055.914] g47 onto -16,-43 (-15.50,-42.50) height 261
[36056.543] g47 onto -17,-43 (-16.50,-42.50) height 261
[36057.258] g47 onto -18,-43 (-17.48,-42.50) height 261
[36057.956] g47 onto -19,-43 (-18.50,-42.50) height 261
[36058.646] g47 onto -20,-43 (-19.50,-42.50) height 261
[36059.289] g47 onto -21,-43 (-20.50,-42.50) height 261
[36059.917] g47 onto -22,-43 (-21.50,-42.50) height 261
[36060.560] g47 onto -23,-43 (-22.50,-42.50) height 261
[36061.309] g47 onto -24,-43 (-23.39,-42.39) height 261
[36061.927] g47 onto -24,-42 (-23.50,-41.50) height 261
[36062.627] g47 onto -24,-41 (-23.50,-40.50) height 261
[36063.350] g47 onto -24,-40 (-23.50,-39.50) height 261
[36064.024] g47 onto -24,-39 (-23.50,-38.50) height 261
[36064.590] g47 lost from view on -24,-38 (-23.50,-37.61) height 261
[36068.055] g48 appears on 16,-62 (16.50,-61.74) height 2181
[36068.066] g48 starts moving from 16,-62 (16.50,-61.75) height 2181 after standing 0.01 s
[36068.142] g48 lost from view on 16,-62 (16.50,-61.83) height 2181
[36070.691] g49 appears on 16,-65 (16.50,-64.50) height 2181
[36071.242] g49 starts moving from 16,-65 (16.50,-64.50) height 2181 after standing 0.55 s
[36072.070] g49 onto 15,-64 (15.50,-63.50) height 2181
[36072.742] g49 onto 14,-63 (14.42,-62.58) height 2181
[36073.114] g49 lost from view on 13,-63 (13.86,-62.50) height 2181
[36103.064] g50 appears on -1,-69 (-0.50,-68.06) height 2181
[36103.079] g50 starts moving from -1,-69 (-0.50,-68.07) height 2181 after standing 0.02 s
[36103.918] g50 onto -1,-70 (-0.50,-69.50) height 2181
[36104.533] g50 onto -1,-71 (-0.50,-70.51) height 2181
[36105.018] g50 lost from view on -1,-72 (-0.50,-71.32) height 2181
[36106.328] g51 appears on -1,-74 (-0.63,-73.38) height 2181
[36106.336] g51 starts moving from -1,-74 (-0.64,-73.39) height 2181 after standing 0.01 s
[36106.881] g51 onto -2,-74 (-1.50,-73.50) height 2181
[36107.506] g51 onto -3,-74 (-2.50,-73.50) height 2181
[36107.836] g51 lost from view on -4,-74 (-3.03,-73.50) height 2181
[36109.009] g52 appears on -4,-76 (-3.50,-75.00) height 2181
[36109.020] g52 starts moving from -4,-76 (-3.50,-75.04) height 2181 after standing 0.01 s
[36109.933] g52 onto -4,-77 (-3.50,-76.50) height 2181
[36110.505] g52 onto -4,-78 (-3.50,-77.50) height 2181
[36111.084] g52 onto -4,-79 (-3.50,-78.49) height 2181
[36111.702] g52 onto -4,-80 (-3.50,-79.50) height 2181
[36112.303] g52 onto -4,-81 (-3.63,-80.37) height 2181
[36112.889] g52 onto -5,-81 (-4.51,-80.50) height 2181
[36113.476] g52 onto -6,-81 (-5.49,-80.50) height 2181
[36114.113] g53 appears on -24,-60 (-23.50,-59.06) height 1221
[36114.122] g53 starts moving from -24,-60 (-23.50,-59.04) height 1221 after standing 0.01 s
[36114.468] g53 onto -24,-59 (-23.50,-58.51) height 1221
[36113.962] g52 lost from view on -7,-81 (-6.29,-80.50) height 2181
[36115.120] g53 onto -24,-58 (-23.50,-57.50) height 1221
[36115.767] g53 onto -24,-57 (-23.50,-56.50) height 1221
[36116.250] g53 lost from view on -24,-56 (-23.50,-55.72) height 1237
[36128.857] g54 appears on 2,-64 (2.50,-63.50) height 2181 (spawned by corpse 5,-63)
[36136.076] g54 lost from view on 2,-64 (2.50,-63.50) height 2181
[36142.454] g55 appears on -24,-37 (-23.50,-36.92) height 261
[36142.467] g55 starts moving from -24,-37 (-23.50,-36.90) height 261 after standing 0.01 s
[36143.365] g55 onto -24,-36 (-23.50,-35.50) height 261
[36144.033] g55 onto -24,-35 (-23.50,-34.49) height 261
[36144.658] g55 onto -24,-34 (-23.50,-33.50) height 261
[36145.277] g55 onto -24,-33 (-23.50,-32.50) height 261
[36145.909] g55 onto -24,-32 (-23.50,-31.51) height 261
[36146.565] g55 onto -24,-31 (-23.50,-30.50) height 261
[36146.783] g55 lost from view on -24,-31 (-23.50,-30.19) height 261
[36150.463] g56 appears on 23,-50 (23.50,-49.50) height 2181 (spawned by corpse 22,-51)
[36154.604] g56 lost from view on 23,-50 (23.50,-49.50) height 2181
[36159.400] g57 appears on 7,-81 (7.04,-80.50) height 2181
[36159.422] g57 starts moving from 7,-81 (7.05,-80.50) height 2181 after standing 0.02 s
[36160.314] g57 onto 8,-81 (8.51,-80.50) height 2181
[36161.536] g57 onto 10,-81 (10.51,-80.50) height 2181
[36162.113] g57 onto 11,-81 (11.51,-80.50) height 2181
[36162.723] g57 onto 12,-81 (12.50,-80.50) height 2181
[36163.316] g57 onto 13,-81 (13.49,-80.50) height 2181
[36163.908] g57 onto 14,-81 (14.50,-80.50) height 2181
[36164.496] g57 onto 15,-81 (15.50,-80.50) height 2181
[36165.099] g57 onto 16,-81 (16.50,-80.50) height 2181
[36165.709] g57 onto 17,-81 (17.50,-80.50) height 2181
[36166.276] g57 onto 18,-81 (18.37,-80.62) height 2181
[36166.872] g57 onto 18,-82 (18.50,-81.49) height 2181
[36167.323] g57 lost from view on 18,-83 (18.50,-82.23) height 2181
[36172.539] g58 appears on 18,-83 (18.50,-82.24) height 2181
[36172.552] g58 starts moving from 18,-83 (18.50,-82.23) height 2181 after standing 0.01 s
[36173.058] g58 onto 18,-82 (18.50,-81.50) height 2181
[36173.771] g58 onto 18,-81 (18.50,-80.49) height 2181
[36174.459] g58 onto 18,-80 (18.50,-79.50) height 2181
[36175.095] g58 onto 18,-79 (18.50,-78.51) height 2181
[36175.749] g58 onto 18,-78 (18.50,-77.49) height 2181
[36176.395] g58 onto 18,-77 (18.50,-76.50) height 2181
[36177.029] g58 onto 18,-76 (18.50,-75.50) height 2181
[36177.672] g58 onto 18,-75 (18.50,-74.52) height 2181
[36178.304] g58 onto 18,-74 (18.50,-73.50) height 2181
[36179.201] g58 onto 18,-73 (18.50,-72.50) height 2181
[36179.086] g58 stops on 18,-73 (18.50,-72.50) height 2181 after moving 6.53 s
[36179.867] g58 starts moving from 18,-73 (18.50,-72.50) height 2181 after standing 0.78 s
[36180.699] g58 onto 18,-74 (18.50,-73.50) height 2181
[36181.318] g58 onto 18,-75 (18.50,-74.50) height 2181
[36181.964] g58 onto 18,-76 (18.50,-75.50) height 2181
[36182.216] g58 lost from view on 18,-76 (18.50,-75.85) height 2181
[36194.957] g59 appears on 7,-86 (7.50,-85.25) height 2181
[36194.957] g59 lost from view on 7,-86 (7.50,-85.25) height 2181
[36197.529] g60 appears on 4,-87 (4.47,-86.50) height 2181
[36197.539] g60 starts moving from 4,-87 (4.46,-86.50) height 2181 after standing 0.01 s
[36197.580] g61 appears on -24,-50 (-23.50,-49.36) height 261
[36197.590] g61 starts moving from -24,-50 (-23.50,-49.35) height 261 after standing 0.01 s
[36197.539] g60 lost from view on 4,-87 (4.46,-86.50) height 2181
[36197.590] g61 lost from view on -24,-50 (-23.50,-49.35) height 261
[36202.473] g62 appears on -1,-90 (-0.50,-89.66) height 2181
[36202.486] g62 starts moving from -1,-90 (-0.50,-89.69) height 2181 after standing 0.01 s
[36202.968] g62 onto -1,-91 (-0.50,-90.50) height 2181
[36203.093] g62 lost from view on -1,-91 (-0.50,-90.73) height 2181
[36218.531] g63 appears on -1,-94 (-0.50,-93.99) height 2181
[36218.544] g63 starts moving from -1,-94 (-0.50,-93.97) height 2181 after standing 0.01 s
[36219.501] g63 onto -1,-93 (-0.50,-92.50) height 2181
[36220.149] g63 onto -1,-92 (-0.50,-91.50) height 2181
[36220.784] g63 onto -1,-91 (-0.50,-90.50) height 2181
[36221.129] g64 appears on -24,-35 (-23.50,-34.97) height 261
[36221.141] g64 starts moving from -24,-35 (-23.50,-34.94) height 261 after standing 0.01 s
[36221.441] g63 onto -1,-90 (-0.50,-89.51) height 2181
[36222.071] g63 onto -1,-89 (-0.50,-88.49) height 2181
[36222.071] g64 onto -24,-34 (-23.50,-33.49) height 261
[36222.707] g63 onto -1,-88 (-0.38,-87.63) height 2181
[36222.707] g64 onto -24,-33 (-23.50,-32.51) height 261
[36223.328] g63 onto 0,-88 (0.51,-87.50) height 2181
[36223.900] g63 onto 1,-88 (1.50,-87.50) height 2181
[36222.922] g64 lost from view on -24,-33 (-23.50,-32.21) height 261
[36224.496] g63 onto 2,-88 (2.54,-87.50) height 2181
[36225.073] g63 onto 3,-88 (3.49,-87.50) height 2181
[36225.670] g63 onto 4,-88 (4.47,-87.50) height 2181
[36226.334] g63 onto 5,-88 (5.53,-87.50) height 2181
[36226.880] g63 onto 6,-88 (6.36,-87.39) height 2181
[36227.468] g63 onto 6,-87 (6.50,-86.50) height 2181
[36227.535] g65 appears on -28,-30 (-27.93,-29.50) height 261
[36227.615] g65 starts moving from -29,-30 (-28.03,-29.50) height 261 after standing 0.08 s
[36227.935] g65 onto -29,-30 (-28.53,-29.50) height 261
[36228.069] g63 onto 6,-86 (6.50,-85.53) height 2181
[36228.534] g65 onto -30,-30 (-29.50,-29.50) height 261
[36228.735] g63 onto 6,-85 (6.50,-84.47) height 2181
[36229.284] g65 onto -31,-30 (-30.50,-29.50) height 261
[36229.284] g63 onto 6,-84 (6.50,-83.53) height 2181
[36229.284] g65 stops on -31,-30 (-30.50,-29.50) height 261 after moving 1.67 s
[36229.737] g65 starts moving from -31,-30 (-30.47,-29.50) height 261 after standing 0.45 s
[36229.932] g63 onto 6,-83 (6.50,-82.47) height 2181
[36230.470] g63 onto 6,-82 (6.50,-81.53) height 2181
[36230.470] g65 onto -30,-30 (-29.54,-29.50) height 261
[36231.073] g63 onto 6,-81 (6.50,-80.50) height 2181
[36231.135] g65 onto -29,-30 (-28.50,-29.50) height 261
[36231.673] g63 onto 6,-80 (6.50,-79.50) height 2181
[36232.332] g63 onto 6,-79 (6.50,-78.47) height 2181
[36231.534] g65 lost from view on -28,-30 (-27.92,-29.50) height 261
[36232.868] g63 onto 6,-78 (6.50,-77.53) height 2181
[36233.534] g63 onto 6,-77 (6.35,-76.60) height 2181
[36234.139] g63 onto 5,-77 (5.50,-76.50) height 2181
[36234.663] g63 onto 4,-77 (4.53,-76.50) height 2181
[36235.341] g63 onto 3,-77 (3.47,-76.50) height 2181
[36235.871] g63 onto 2,-77 (2.53,-76.50) height 2181
[36236.534] g63 onto 1,-77 (1.47,-76.50) height 2181
[36237.077] g63 onto 0,-77 (0.53,-76.50) height 2181
[36237.775] g63 onto -1,-77 (-0.40,-76.35) height 2181
[36238.355] g63 onto -1,-76 (-0.50,-75.50) height 2181
[36238.941] g63 onto -1,-75 (-0.50,-74.50) height 2181
[36239.505] g63 onto -1,-74 (-0.50,-73.50) height 2181
[36240.129] g63 onto -1,-73 (-0.50,-72.49) height 2181
[36240.723] g63 onto -1,-72 (-0.50,-71.49) height 2181
[36241.309] g63 onto -1,-71 (-0.50,-70.51) height 2181
[36241.885] g63 lost from view on -1,-70 (-0.50,-69.55) height 2181
[36246.452] g66 appears on 0,-62 (0.09,-61.91) height 2181
[36246.461] g66 starts moving from 0,-62 (0.11,-61.89) height 2181 after standing 0.01 s
