[36458.743] run: arrival at 10339,2091, tiles below are relative to it
[36458.888] g1 appears on 8,-12 (8.50,-11.50) height 2701
[36458.948] g1 starts moving from 8,-12 (8.50,-11.52) height 2703 after standing 0.06 s
[36459.716] g1 onto 8,-13 (8.50,-12.51) height 2757
[36460.343] g1 onto 8,-14 (8.50,-13.50) height 2804
[36460.993] g1 onto 8,-15 (8.50,-14.50) height 2876
[36461.075] g1 lost from view on 8,-15 (8.50,-14.63) height 2887
[36469.720] g2 appears on 5,3 (5.50,3.50) height 4933 (spawned by corpse 8,4)
[36477.522] g3 appears on -27,-21 (-26.79,-20.50) height 261
[36477.551] g3 starts moving from -27,-21 (-26.81,-20.50) height 261 after standing 0.03 s
[36476.916] g2 lost from view on 5,3 (5.50,3.50) height 4933
[36477.551] g3 lost from view on -27,-21 (-26.81,-20.50) height 261
[36480.435] g4 appears on 18,2 (18.50,2.50) height 4933 (spawned by corpse 19,0)
[36482.995] g5 appears on -30,-21 (-29.77,-20.50) height 261
[36483.006] g5 starts moving from -30,-21 (-29.75,-20.50) height 261 after standing 0.01 s
[36483.006] g5 lost from view on -30,-21 (-29.75,-20.50) height 261
[36487.780] g4 lost from view on 18,2 (18.50,2.50) height 4933
[36488.921] g6 appears on 8,-25 (8.50,-24.72) height 2949
[36488.930] g6 starts moving from 8,-25 (8.50,-24.70) height 2949 after standing 0.01 s
[36488.943] g6 lost from view on 8,-25 (8.50,-24.69) height 2949
[36504.242] g7 appears on 8,-23 (8.50,-22.39) height 2949
[36504.258] g7 starts moving from 8,-23 (8.50,-22.38) height 2949 after standing 0.02 s
[36504.888] g7 onto 8,-22 (8.50,-21.50) height 2949
[36505.593] g7 onto 8,-21 (8.50,-20.50) height 2949
[36506.297] g7 onto 8,-20 (8.50,-19.50) height 2949
[36506.934] g7 onto 8,-19 (8.50,-18.50) height 2949
[36507.553] g7 onto 8,-18 (8.50,-17.50) height 2949
[36508.203] g7 onto 8,-17 (8.50,-16.50) height 2949
[36508.842] g7 onto 8,-16 (8.50,-15.51) height 2933
[36509.486] g7 onto 8,-15 (8.50,-14.52) height 2878
[36510.118] g7 onto 8,-14 (8.50,-13.50) height 2805
[36510.642] g8 appears on -17,-30 (-16.87,-29.50) height 261
[36510.651] g8 starts moving from -17,-30 (-16.85,-29.50) height 261 after standing 0.01 s
[36510.747] g7 onto 8,-13 (8.50,-12.50) height 2757
[36510.950] g8 stops on -17,-30 (-16.50,-29.50) height 261 after moving 0.30 s
[36511.342] g7 onto 8,-12 (8.50,-11.50) height 2701
[36511.942] g7 onto 8,-11 (8.63,-10.63) height 2660
[36512.527] g7 onto 9,-11 (9.50,-10.50) height 2773
[36512.901] g8 starts moving from -17,-30 (-16.51,-29.50) height 261 after standing 1.95 s
[36513.129] g7 onto 10,-11 (10.50,-10.50) height 2893
[36513.734] g7 onto 11,-11 (11.50,-10.50) height 2996
[36513.175] g8 lost from view on -17,-30 (-16.80,-29.50) height 261
[36514.323] g7 onto 12,-11 (12.50,-10.50) height 3237
[36514.948] g7 onto 13,-11 (13.51,-10.50) height 3543
[36515.541] g7 onto 14,-11 (14.50,-10.50) height 3859
[36516.160] g7 onto 15,-11 (15.50,-10.50) height 3909
[36516.752] g7 onto 16,-11 (16.38,-10.37) height 3909
[36517.356] g7 onto 16,-10 (16.50,-9.50) height 3909
[36517.950] g7 onto 16,-9 (16.50,-8.51) height 4274
[36518.532] g7 onto 16,-8 (16.50,-7.51) height 4643
[36519.155] g7 onto 16,-7 (16.50,-6.50) height 4917
[36519.703] g7 onto 16,-6 (16.50,-5.53) height 4933
[36520.306] g7 onto 16,-5 (16.50,-4.50) height 4933
[36520.834] g7 onto 16,-4 (16.50,-3.53) height 4933
[36521.438] g7 onto 16,-3 (16.50,-2.50) height 4933
[36522.039] g7 onto 16,-2 (16.50,-1.50) height 4933
[36522.704] g7 onto 16,-1 (16.50,-0.47) height 4933
[36523.436] g7 onto 16,0 (16.50,0.50) height 4933
[36523.436] g7 stops on 16,0 (16.50,0.50) height 4933 after moving 19.18 s
[36527.307] g7 starts moving from 16,0 (16.47,0.50) height 4933 after standing 3.87 s
[36528.038] g7 onto 15,0 (15.53,0.50) height 4933
[36528.724] g7 onto 14,0 (14.47,0.50) height 4933
[36529.372] g7 onto 13,0 (13.52,0.50) height 4933
[36530.107] g7 onto 12,0 (12.47,0.50) height 4933
[36530.772] g7 onto 11,0 (11.52,0.50) height 4933
[36531.507] g7 onto 10,0 (10.47,0.50) height 4933
[36532.127] g7 onto 9,0 (9.50,0.50) height 4933
[36532.964] g7 onto 8,0 (8.50,0.50) height 4933
[36532.906] g7 stops on 8,0 (8.50,0.50) height 4933 after moving 5.60 s
[36535.098] g7 starts moving from 8,0 (8.51,0.50) height 4933 after standing 2.19 s
[36535.720] g7 lost from view on 9,0 (9.22,0.50) height 4933
[36548.887] g9 appears on -30,-21 (-29.49,-20.50) height 261
[36548.887] g9 lost from view on -30,-21 (-29.49,-20.50) height 261
[36551.838] g10 appears on -23,-43 (-22.36,-42.50) height 261
[36551.849] g10 starts moving from -23,-43 (-22.35,-42.50) height 261 after standing 0.01 s
[36552.447] g10 onto -22,-43 (-21.47,-42.50) height 261
[36553.040] g10 onto -21,-43 (-20.50,-42.50) height 261
[36553.711] g10 onto -20,-43 (-19.47,-42.50) height 261
[36554.308] g10 onto -19,-43 (-18.50,-42.50) height 261
[36554.907] g10 onto -18,-43 (-17.55,-42.50) height 261
[36555.575] g10 onto -17,-43 (-16.47,-42.50) height 261
[36556.175] g10 onto -16,-43 (-15.50,-42.50) height 261
[36556.841] g10 onto -15,-43 (-14.47,-42.50) height 261
[36557.583] g10 onto -14,-43 (-13.50,-42.50) height 261
[36557.583] g10 stops on -14,-43 (-13.50,-42.50) height 261 after moving 5.73 s
[36558.507] g10 starts moving from -14,-43 (-13.53,-42.50) height 261 after standing 0.92 s
[36559.053] g11 appears on 8,-22 (8.50,-21.10) height 2949
[36559.108] g11 starts moving from 8,-22 (8.50,-21.21) height 2949 after standing 0.06 s
[36559.243] g10 onto -15,-43 (-14.46,-42.50) height 261
[36559.909] g11 onto 8,-23 (8.50,-22.53) height 2949
[36559.909] g10 onto -16,-43 (-15.48,-42.50) height 261
[36560.521] g11 onto 8,-24 (8.50,-23.50) height 2949
[36560.635] g10 onto -17,-43 (-16.54,-42.50) height 261
[36561.161] g11 onto 8,-25 (8.50,-24.51) height 2949
[36561.229] g10 onto -18,-43 (-17.50,-42.50) height 261
[36561.784] g11 onto 8,-26 (8.50,-25.51) height 2949
[36561.932] g10 onto -19,-43 (-18.51,-42.50) height 261
[36562.351] g11 onto 8,-27 (8.50,-26.51) height 2949
[36562.928] g11 onto 8,-28 (8.50,-27.50) height 2949
[36562.486] g10 lost from view on -20,-43 (-19.27,-42.50) height 261
[36563.543] g11 onto 8,-29 (8.50,-28.50) height 2949
[36564.165] g11 onto 8,-30 (8.50,-29.50) height 2949
[36564.756] g11 onto 8,-31 (8.50,-30.50) height 2949
[36565.360] g11 onto 8,-32 (8.50,-31.49) height 2949
[36566.089] g11 onto 8,-33 (8.37,-32.38) height 2949
[36566.688] g11 onto 7,-33 (7.56,-32.50) height 2949
[36567.421] g11 onto 6,-33 (6.50,-32.50) height 2949
[36568.090] g11 onto 5,-33 (5.47,-32.50) height 2949
[36568.686] g11 onto 4,-33 (4.50,-32.50) height 2949
[36569.288] g11 onto 3,-33 (3.55,-32.50) height 2949
[36569.963] g11 onto 2,-33 (2.50,-32.50) height 2949
[36570.758] g11 onto 1,-33 (1.50,-32.50) height 2949
[36570.758] g11 stops on 1,-33 (1.50,-32.50) height 2949 after moving 11.65 s
[36571.751] g11 starts moving from 1,-33 (1.54,-32.50) height 2949 after standing 0.99 s
[36572.496] g11 onto 2,-33 (2.45,-32.50) height 2949
[36573.154] g11 onto 3,-33 (3.53,-32.50) height 2949
[36573.822] g11 onto 4,-33 (4.48,-32.50) height 2949
[36574.569] g11 onto 5,-33 (5.53,-32.50) height 2949
[36575.225] g11 onto 6,-33 (6.48,-32.50) height 2949
[36575.885] g11 onto 7,-33 (7.50,-32.50) height 2949
[36576.691] g11 onto 8,-33 (8.41,-32.41) height 2949
[36576.876] g12 appears on -17,-18 (-16.50,-17.56) height 261
[36576.888] g12 starts moving from -17,-18 (-16.50,-17.54) height 261 after standing 0.01 s
[36577.322] g11 onto 8,-32 (8.50,-31.50) height 2949
[36576.888] g12 lost from view on -17,-18 (-16.50,-17.54) height 261
[36577.961] g11 onto 8,-31 (8.50,-30.51) height 2949
[36578.605] g11 onto 8,-30 (8.50,-29.50) height 2949
[36579.308] g11 onto 8,-29 (8.50,-28.50) height 2949
[36580.003] g11 onto 8,-28 (8.50,-27.50) height 2949
[36580.702] g11 onto 8,-27 (8.50,-26.50) height 2949
[36581.343] g11 onto 8,-26 (8.50,-25.50) height 2949
[36582.062] g11 onto 8,-25 (8.50,-24.51) height 2949
[36582.080] g11 stops on 8,-25 (8.50,-24.50) height 2949 after moving 10.33 s
[36582.512] g11 starts moving from 8,-25 (8.51,-24.50) height 2949 after standing 0.43 s
[36583.333] g11 onto 9,-25 (9.49,-24.50) height 2949
[36583.582] g13 appears on -24,-30 (-23.77,-29.50) height 261
[36583.608] g13 starts moving from -24,-30 (-23.76,-29.50) height 261 after standing 0.03 s
[36583.954] g11 onto 10,-25 (10.49,-24.50) height 2949
[36584.406] g13 onto -23,-30 (-22.51,-29.50) height 261
[36584.595] g11 onto 11,-25 (11.51,-24.50) height 2949
[36584.618] g14 appears on -13,-10 (-12.60,-9.50) height 261
[36584.630] g14 starts moving from -13,-10 (-12.60,-9.50) height 261 after standing 0.01 s
[36584.750] g14 stops on -13,-10 (-12.50,-9.50) height 261 after moving 0.12 s
[36585.307] g11 onto 12,-25 (12.50,-24.50) height 2949
[36584.524] g13 lost from view on -23,-30 (-22.31,-29.50) height 261
[36586.700] g14 starts moving from -13,-10 (-12.51,-9.50) height 261 after standing 1.95 s
[36586.700] g11 onto 14,-25 (14.50,-24.50) height 2949
[36587.347] g11 onto 15,-25 (15.50,-24.50) height 2949
[36587.261] g14 lost from view on -14,-10 (-13.18,-9.50) height 261
[36587.996] g11 lost from view on 16,-25 (16.38,-24.50) height 2949
[36590.101] g15 appears on -17,-11 (-16.50,-10.46) height 261
[36590.121] g15 starts moving from -17,-11 (-16.50,-10.47) height 261 after standing 0.02 s
[36590.830] g15 onto -17,-12 (-16.50,-11.51) height 261
[36591.521] g15 onto -17,-13 (-16.50,-12.50) height 261
[36592.160] g15 onto -17,-14 (-16.50,-13.50) height 261
[36592.814] g15 onto -17,-15 (-16.50,-14.50) height 261
[36593.441] g15 onto -17,-16 (-16.50,-15.49) height 261
[36594.086] g15 onto -17,-17 (-16.50,-16.50) height 261
[36594.729] g15 onto -17,-18 (-16.50,-17.50) height 261
[36595.420] g15 onto -17,-19 (-16.63,-18.37) height 261
[36596.065] g15 onto -18,-19 (-17.50,-18.50) height 261
[36596.776] g15 onto -19,-19 (-18.50,-18.50) height 261
[36597.324] g16 appears on 8,-23 (8.50,-22.29) height 2949
[36597.335] g16 starts moving from 8,-23 (8.50,-22.27) height 2949 after standing 0.01 s
[36597.480] g15 onto -20,-19 (-19.50,-18.50) height 261
[36597.900] g16 onto 8,-22 (8.50,-21.50) height 2949
[36598.114] g15 onto -21,-19 (-20.50,-18.50) height 261
[36598.144] g16 lost from view on 8,-22 (8.50,-21.12) height 2949
[36598.646] g15 lost from view on -22,-19 (-21.36,-18.50) height 261
[36602.791] g17 appears on -24,-23 (-23.50,-22.46) height 261
[36602.807] g17 starts moving from -24,-23 (-23.50,-22.51) height 261 after standing 0.02 s
[36603.499] g17 onto -24,-24 (-23.50,-23.50) height 261
[36604.147] g17 onto -24,-25 (-23.50,-24.47) height 261
[36604.230] g17 lost from view on -24,-25 (-23.50,-24.63) height 261
[36616.192] g18 appears on 11,-63 (11.55,-62.50) height 2181
[36616.204] g18 starts moving from 11,-63 (11.55,-62.50) height 2181 after standing 0.01 s
[36616.293] g19 appears on 16,0 (16.50,0.17) height 4933
[36616.304] g19 starts moving from 16,0 (16.50,0.19) height 4933 after standing 0.01 s
[36616.580] g19 stops on 16,0 (16.50,0.50) height 4933 after moving 0.28 s
[36616.204] g18 lost from view on 11,-63 (11.55,-62.50) height 2181
[36620.309] g19 starts moving from 16,0 (16.50,0.50) height 4933 after standing 3.73 s
[36621.125] g19 onto 15,0 (15.48,0.50) height 4933
[36621.755] g19 onto 14,0 (14.50,0.50) height 4933
[36622.410] g19 onto 13,0 (13.50,0.50) height 4933
[36623.110] g19 onto 12,0 (12.51,0.50) height 4933
[36623.811] g19 onto 11,0 (11.49,0.50) height 4933
[36624.504] g19 onto 10,0 (10.51,0.50) height 4933
[36625.132] g19 onto 9,0 (9.50,0.50) height 4933
[36625.948] g19 onto 8,0 (8.50,0.50) height 4933
[36625.931] g19 stops on 8,0 (8.50,0.50) height 4933 after moving 5.62 s
[36628.105] g19 starts moving from 8,0 (8.50,0.50) height 4933 after standing 2.17 s
[36628.922] g19 onto 9,0 (9.50,0.50) height 4933
[36629.556] g19 onto 10,0 (10.50,0.50) height 4933
[36630.215] g19 onto 11,0 (11.50,0.50) height 4933
[36630.903] g19 onto 12,0 (12.50,0.50) height 4933
[36631.594] g19 onto 13,0 (13.50,0.50) height 4933
[36632.300] g19 onto 14,0 (14.50,0.50) height 4933
[36632.944] g19 onto 15,0 (15.50,0.50) height 4933
[36633.571] g19 onto 16,0 (16.37,0.37) height 4933
[36634.242] g19 onto 16,-1 (16.50,-0.51) height 4933
[36634.860] g19 onto 16,-2 (16.50,-1.50) height 4933
[36635.501] g19 onto 16,-3 (16.50,-2.50) height 4933
[36636.141] g19 onto 16,-4 (16.50,-3.50) height 4933
[36636.743] g19 onto 16,-5 (16.50,-4.50) height 4933
[36637.352] g19 onto 16,-6 (16.50,-5.50) height 4933
[36637.963] g19 onto 16,-7 (16.50,-6.50) height 4916
[36638.549] g19 onto 16,-8 (16.50,-7.51) height 4641
[36639.158] g19 onto 16,-9 (16.50,-8.50) height 4274
[36639.776] g19 onto 16,-10 (16.50,-9.50) height 3909
[36640.344] g19 onto 16,-11 (16.38,-10.37) height 3909
[36640.923] g19 onto 15,-11 (15.50,-10.50) height 3909
[36641.525] g19 onto 14,-11 (14.54,-10.50) height 3871
[36642.154] g19 onto 13,-11 (13.50,-10.50) height 3539
[36642.760] g19 onto 12,-11 (12.49,-10.50) height 3234
[36643.373] g19 onto 11,-11 (11.49,-10.50) height 2995
[36644.035] g19 onto 10,-11 (10.36,-10.50) height 2877
[36644.589] g19 onto 9,-11 (9.50,-10.50) height 2772
[36645.280] g19 onto 8,-11 (8.63,-10.62) height 2660
[36645.938] g19 onto 8,-12 (8.50,-11.50) height 2701
[36646.616] g19 onto 8,-13 (8.50,-12.50) height 2756
[36647.320] g19 onto 8,-14 (8.50,-13.50) height 2805
[36647.976] g19 onto 8,-15 (8.50,-14.50) height 2877
[36648.597] g19 onto 8,-16 (8.50,-15.50) height 2932
[36649.250] g19 onto 8,-17 (8.50,-16.50) height 2949
[36649.885] g19 onto 8,-18 (8.50,-17.50) height 2949
[36650.538] g19 onto 8,-19 (8.50,-18.50) height 2949
[36651.169] g19 onto 8,-20 (8.50,-19.50) height 2949
[36651.770] g19 onto 8,-21 (8.50,-20.50) height 2949
[36652.293] g19 lost from view on 8,-22 (8.50,-21.43) height 2949
[36653.780] g20 appears on 8,-24 (8.50,-23.90) height 2949
[36653.790] g20 starts moving from 8,-24 (8.50,-23.92) height 2949 after standing 0.01 s
[36653.955] g21 appears on -28,-30 (-27.45,-29.50) height 261
[36653.965] g21 starts moving from -28,-30 (-27.47,-29.50) height 261 after standing 0.01 s
[36654.103] g22 appears on -13,-10 (-12.82,-9.50) height 261
[36654.113] g22 starts moving from -13,-10 (-12.80,-9.50) height 261 after standing 0.01 s
[36654.148] g20 onto 8,-25 (8.50,-24.49) height 2949
[36654.370] g22 stops on -13,-10 (-12.50,-9.50) height 261 after moving 0.26 s
[36654.649] g21 onto -29,-30 (-28.54,-29.50) height 261
[36654.758] g20 onto 8,-26 (8.50,-25.49) height 2949
[36655.271] g21 onto -30,-30 (-29.51,-29.50) height 261
[36654.850] g20 lost from view on 8,-26 (8.50,-25.57) height 2949
[36655.030] g22 lost from view on -13,-10 (-12.50,-9.50) height 261
[36656.103] g21 onto -31,-30 (-30.50,-29.50) height 261
[36656.094] g21 stops on -31,-30 (-30.50,-29.50) height 261 after moving 2.13 s
[36656.330] g21 starts moving from -31,-30 (-30.49,-29.50) height 261 after standing 0.24 s
[36656.592] g23 appears on 8,-29 (8.50,-28.54) height 2949
[36656.603] g23 starts moving from 8,-29 (8.50,-28.56) height 2949 after standing 0.01 s
[36657.139] g23 onto 8,-30 (8.50,-29.49) height 2949
[36656.570] g21 lost from view on -31,-30 (-30.22,-29.50) height 261
[36657.767] g23 onto 8,-31 (8.50,-30.50) height 2949
[36658.392] g23 onto 8,-32 (8.50,-31.50) height 2949
[36658.585] g24 appears on -16,-10 (-15.77,-9.50) height 261
[36658.597] g24 starts moving from -16,-10 (-15.79,-9.50) height 261 after standing 0.01 s
[36659.098] g24 onto -17,-10 (-16.37,-9.62) height 261
[36659.467] g25 appears on -26,-30 (-25.99,-29.50) height 261
[36659.477] g25 starts moving from -26,-30 (-25.98,-29.50) height 261 after standing 0.01 s
[36658.647] g23 lost from view on 8,-32 (8.50,-31.86) height 2949
[36659.741] g24 onto -17,-11 (-16.50,-10.50) height 261
[36660.450] g24 onto -17,-12 (-16.50,-11.50) height 261
[36659.507] g25 lost from view on -26,-30 (-25.94,-29.50) height 261
[36661.147] g24 onto -17,-13 (-16.50,-12.50) height 261
[36661.799] g24 onto -17,-14 (-16.50,-13.51) height 261
[36662.321] g26 appears on -22,-30 (-21.65,-29.50) height 261
[36662.331] g26 starts moving from -22,-30 (-21.64,-29.50) height 261 after standing 0.01 s
[36662.423] g24 onto -17,-15 (-16.50,-14.50) height 261
[36663.066] g24 onto -17,-16 (-16.50,-15.50) height 261
[36663.066] g26 onto -21,-30 (-20.50,-29.50) height 261
[36663.706] g24 onto -17,-17 (-16.50,-16.50) height 261
[36663.706] g26 onto -20,-30 (-19.50,-29.50) height 261
[36664.348] g24 onto -17,-18 (-16.50,-17.50) height 261
[36664.348] g26 onto -19,-30 (-18.50,-29.50) height 261
[36664.979] g26 onto -18,-30 (-17.50,-29.50) height 261
[36665.046] g24 onto -17,-19 (-16.63,-18.37) height 261
[36665.683] g24 onto -18,-19 (-17.50,-18.50) height 261
[36665.773] g26 onto -17,-30 (-16.50,-29.50) height 261
[36665.737] g26 stops on -17,-30 (-16.50,-29.50) height 261 after moving 3.41 s
[36666.382] g24 onto -19,-19 (-18.50,-18.50) height 261
[36667.100] g24 onto -20,-19 (-19.50,-18.50) height 261
[36667.718] g26 starts moving from -17,-30 (-16.51,-29.50) height 261 after standing 1.98 s
[36667.727] g24 onto -21,-19 (-20.50,-18.50) height 261
[36668.380] g24 onto -22,-19 (-21.50,-18.50) height 261
[36668.540] g26 onto -18,-30 (-17.52,-29.50) height 261
[36669.004] g24 onto -23,-19 (-22.50,-18.50) height 261
[36669.188] g26 onto -19,-30 (-18.54,-29.50) height 261
[36669.712] g24 onto -24,-19 (-23.38,-18.59) height 261
[36669.775] g26 onto -20,-30 (-19.47,-29.50) height 261
[36670.377] g24 onto -24,-20 (-23.50,-19.50) height 261
[36671.070] g24 onto -24,-21 (-23.50,-20.50) height 261
[36670.377] g26 lost from view on -21,-30 (-20.29,-29.50) height 261
[36671.781] g24 onto -24,-22 (-23.50,-21.50) height 261
[36672.475] g24 onto -24,-23 (-23.50,-22.50) height 261
[36673.098] g24 onto -24,-24 (-23.50,-23.49) height 261
[36673.748] g24 onto -24,-25 (-23.50,-24.50) height 261
[36674.380] g24 onto -24,-26 (-23.50,-25.50) height 261
[36675.019] g24 onto -24,-27 (-23.50,-26.50) height 261
[36675.664] g24 onto -24,-28 (-23.50,-27.53) height 261
[36676.295] g24 onto -24,-29 (-23.50,-28.50) height 261
[36676.965] g24 onto -24,-30 (-23.50,-29.26) height 261
[36677.625] g24 onto -24,-29 (-23.50,-28.51) height 261
[36678.323] g24 onto -24,-28 (-23.50,-27.52) height 261
[36679.029] g24 onto -24,-27 (-23.50,-26.50) height 261
[36679.715] g24 onto -24,-26 (-23.50,-25.50) height 261
[36680.359] g24 onto -24,-25 (-23.50,-24.50) height 261
[36681.003] g24 onto -24,-24 (-23.50,-23.50) height 261
[36681.648] g24 onto -24,-23 (-23.50,-22.50) height 261
[36682.274] g24 onto -24,-22 (-23.50,-21.50) height 261
[36683.122] g24 onto -24,-21 (-23.50,-20.50) height 261
[36683.087] g24 stops on -24,-21 (-23.50,-20.50) height 261 after moving 24.49 s
[36683.905] g24 starts moving from -24,-21 (-23.50,-20.50) height 261 after standing 0.82 s
[36684.721] g24 onto -25,-21 (-24.50,-20.50) height 261
[36685.353] g24 onto -26,-21 (-25.50,-20.50) height 261
[36686.005] g24 onto -27,-21 (-26.50,-20.50) height 261
[36686.713] g24 onto -28,-21 (-27.51,-20.50) height 261
[36687.408] g24 onto -29,-21 (-28.50,-20.50) height 261
[36688.108] g24 onto -30,-21 (-29.51,-20.50) height 261
[36688.194] g24 lost from view on -30,-21 (-29.64,-20.50) height 261
[36695.091] g27 appears on -26,-21 (-25.05,-20.50) height 261
[36695.104] g27 starts moving from -26,-21 (-25.03,-20.50) height 261 after standing 0.01 s
[36695.224] g27 lost from view on -25,-21 (-24.89,-20.50) height 261
[36700.209] g28 appears on -25,-15 (-24.50,-14.34) height 261
[36700.220] g28 starts moving from -25,-15 (-24.50,-14.32) height 261 after standing 0.01 s
[36700.745] g28 onto -25,-14 (-24.50,-13.51) height 261
[36701.390] g28 onto -25,-13 (-24.50,-12.51) height 261
[36702.019] g28 onto -25,-12 (-24.50,-11.50) height 261
[36702.765] g28 onto -25,-11 (-24.50,-10.50) height 261
[36702.765] g28 stops on -25,-11 (-24.50,-10.50) height 261 after moving 2.54 s
[36704.919] g28 starts moving from -25,-11 (-24.50,-10.51) height 261 after standing 2.15 s
[36705.726] g28 onto -25,-12 (-24.50,-11.50) height 261
[36706.371] g28 onto -25,-13 (-24.50,-12.51) height 261
[36707.002] g28 onto -25,-14 (-24.50,-13.50) height 261
[36707.603] g28 onto -25,-15 (-24.50,-14.35) height 261
[36708.410] g28 onto -25,-16 (-24.50,-15.50) height 261
[36709.106] g28 onto -25,-17 (-24.50,-16.50) height 261
[36709.754] g28 onto -25,-18 (-24.50,-17.48) height 261
[36710.385] g28 onto -25,-19 (-24.37,-18.38) height 261
[36711.026] g28 onto -24,-19 (-23.50,-18.50) height 261
[36711.287] g29 appears on -16,-43 (-15.24,-42.50) height 261
[36711.305] g29 starts moving from -16,-43 (-15.21,-42.50) height 261 after standing 0.02 s
[36711.659] g28 onto -23,-19 (-22.50,-18.50) height 261
[36711.769] g29 onto -15,-43 (-14.50,-42.50) height 261
[36712.298] g28 onto -22,-19 (-21.50,-18.50) height 261
[36712.941] g28 onto -21,-19 (-20.51,-18.50) height 261
[36712.482] g29 lost from view on -14,-43 (-13.53,-42.50) height 261
[36714.159] g28 onto -19,-19 (-18.50,-18.50) height 261
[36714.204] g28 lost from view on -19,-19 (-18.44,-18.50) height 261
[36724.030] g30 appears on -24,-37 (-23.50,-36.69) height 261
[36724.040] g30 starts moving from -24,-37 (-23.50,-36.68) height 261 after standing 0.01 s
[36724.801] g30 onto -24,-36 (-23.50,-35.50) height 261
[36725.445] g30 onto -24,-35 (-23.50,-34.50) height 261
[36726.085] g30 onto -24,-34 (-23.50,-33.50) height 261
[36726.729] g30 onto -24,-33 (-23.50,-32.50) height 261
[36727.368] g30 onto -24,-32 (-23.50,-31.50) height 261
[36728.006] g30 onto -24,-31 (-23.50,-30.51) height 261
[36728.696] g30 onto -24,-30 (-23.63,-29.62) height 261
[36729.350] g30 onto -25,-30 (-24.50,-29.50) height 261
[36730.047] g30 onto -26,-30 (-25.50,-29.50) height 261
[36730.738] g30 onto -27,-30 (-26.50,-29.50) height 261
[36731.378] g30 onto -28,-30 (-27.50,-29.50) height 261
[36732.023] g30 onto -29,-30 (-28.50,-29.50) height 261
[36732.664] g30 onto -30,-30 (-29.50,-29.50) height 261
[36733.468] g30 onto -31,-30 (-30.50,-29.50) height 261
[36733.446] g30 stops on -31,-30 (-30.50,-29.50) height 261 after moving 9.41 s
[36733.722] g30 starts moving from -31,-30 (-30.50,-29.50) height 261 after standing 0.28 s
[36734.535] g31 appears on -17,-19 (-16.55,-18.27) height 261
[36734.547] g31 starts moving from -17,-19 (-16.56,-18.29) height 261 after standing 0.01 s
[36734.535] g30 onto -30,-30 (-29.50,-29.50) height 261
[36735.168] g30 onto -29,-30 (-28.49,-29.50) height 261
[36735.284] g31 onto -18,-19 (-17.49,-18.50) height 261
[36735.817] g30 onto -28,-30 (-27.50,-29.50) height 261
[36735.981] g31 onto -19,-19 (-18.50,-18.50) height 261
[36736.505] g30 onto -27,-30 (-26.50,-29.50) height 261
[36736.696] g31 onto -20,-19 (-19.50,-18.50) height 261
[36737.211] g30 onto -26,-30 (-25.50,-29.50) height 261
[36737.337] g31 onto -21,-19 (-20.50,-18.50) height 261
[36737.900] g30 onto -25,-30 (-24.50,-29.50) height 261
[36737.975] g31 onto -22,-19 (-21.50,-18.50) height 261
[36738.552] g30 onto -24,-30 (-23.50,-29.50) height 261
[36738.615] g31 onto -23,-19 (-22.50,-18.50) height 261
[36739.186] g30 onto -23,-30 (-22.49,-29.50) height 261
[36739.339] g31 onto -24,-19 (-23.39,-18.61) height 261
[36739.846] g30 onto -22,-30 (-21.50,-29.50) height 261
[36739.976] g31 onto -24,-20 (-23.50,-19.51) height 261
[36740.470] g30 onto -21,-30 (-20.50,-29.50) height 261
[36740.630] g31 onto -24,-21 (-23.50,-20.48) height 261
[36741.106] g30 onto -20,-30 (-19.50,-29.50) height 261
[36741.321] g31 onto -24,-22 (-23.50,-21.50) height 261
[36741.749] g30 onto -19,-30 (-18.50,-29.50) height 261
[36742.029] g31 onto -24,-23 (-23.50,-22.50) height 261
[36742.387] g30 onto -18,-30 (-17.50,-29.50) height 261
[36742.733] g31 onto -24,-24 (-23.50,-23.51) height 261
[36743.208] g30 onto -17,-30 (-16.50,-29.50) height 261
[36743.164] g30 stops on -17,-30 (-16.50,-29.50) height 261 after moving 9.44 s
[36743.361] g31 onto -24,-25 (-23.50,-24.50) height 261
[36744.006] g31 onto -24,-26 (-23.50,-25.51) height 261
[36744.649] g31 onto -24,-27 (-23.50,-26.51) height 261
[36745.101] g30 starts moving from -17,-30 (-16.50,-29.50) height 261 after standing 1.94 s
[36745.290] g31 onto -24,-28 (-23.50,-27.50) height 261
[36745.930] g31 onto -24,-29 (-23.50,-28.50) height 261
[36745.941] g30 onto -18,-30 (-17.50,-29.50) height 261
[36746.612] g31 onto -24,-30 (-23.50,-29.25) height 261
[36746.638] g30 onto -19,-30 (-18.50,-29.50) height 261
[36747.262] g31 onto -24,-29 (-23.50,-28.51) height 261
[36747.344] g30 onto -20,-30 (-19.50,-29.50) height 261
[36747.952] g31 onto -24,-28 (-23.50,-27.50) height 261
[36748.042] g30 onto -21,-30 (-20.50,-29.50) height 261
[36748.662] g31 onto -24,-27 (-23.50,-26.50) height 261
[36748.746] g30 onto -22,-30 (-21.52,-29.50) height 261
[36749.366] g31 onto -24,-26 (-23.50,-25.50) height 261
[36749.376] g30 onto -23,-30 (-22.50,-29.50) height 261
[36749.925] g32 appears on -30,-28 (-29.50,-27.50) height 261 (spawned by corpse -32,-30)
[36750.002] g31 onto -24,-25 (-23.50,-24.50) height 261
[36750.124] g30 onto -24,-30 (-23.40,-29.60) height 261
[36750.646] g31 onto -24,-24 (-23.50,-23.52) height 261
[36750.776] g30 onto -24,-31 (-23.50,-30.50) height 261
[36751.286] g31 onto -24,-23 (-23.50,-22.50) height 261
[36751.413] g30 onto -24,-32 (-23.50,-31.50) height 261
[36752.105] g30 onto -24,-33 (-23.50,-32.50) height 261
[36751.596] g31 lost from view on -24,-23 (-23.50,-22.01) height 261
[36752.805] g30 onto -24,-34 (-23.50,-33.49) height 261
[36753.499] g30 onto -24,-35 (-23.50,-34.50) height 261
[36754.156] g30 onto -24,-36 (-23.50,-35.50) height 261
[36753.608] g32 lost from view on -30,-28 (-29.50,-27.50) height 261
[36754.783] g30 onto -24,-37 (-23.50,-36.50) height 261
[36755.423] g30 onto -24,-38 (-23.50,-37.50) height 261
[36756.084] g30 onto -24,-39 (-23.50,-38.50) height 261
[36756.392] g33 appears on -30,-28 (-29.50,-27.50) height 261
[36756.706] g30 onto -24,-40 (-23.50,-39.51) height 261
[36757.350] g30 onto -24,-41 (-23.50,-40.53) height 261
[36757.109] g33 lost from view on -30,-28 (-29.50,-27.50) height 261
[36757.651] g30 lost from view on -24,-42 (-23.50,-41.02) height 261
[36759.903] g34 appears on -32,-21 (-31.50,-20.50) height 261
[36759.913] g35 appears on -24,-45 (-23.50,-44.75) height 261
[36759.937] g35 starts moving from -24,-45 (-23.50,-44.76) height 261 after standing 0.02 s
[36760.123] g34 starts moving from -32,-21 (-31.49,-20.50) height 261 after standing 0.22 s
[36760.920] g34 onto -31,-21 (-30.50,-20.50) height 261
[36760.002] g35 lost from view on -24,-45 (-23.50,-44.89) height 261
[36761.566] g34 onto -30,-21 (-29.49,-20.50) height 261
[36762.231] g34 onto -29,-21 (-28.50,-20.50) height 261
[36762.903] g34 onto -28,-21 (-27.50,-20.50) height 261
[36763.601] g34 onto -27,-21 (-26.50,-20.50) height 261
[36764.299] g34 onto -26,-21 (-25.48,-20.50) height 261
[36765.094] g34 onto -25,-21 (-24.50,-20.50) height 261
[36765.067] g34 stops on -25,-21 (-24.50,-20.50) height 261 after moving 4.94 s
[36765.531] g34 starts moving from -25,-21 (-24.50,-20.49) height 261 after standing 0.46 s
[36766.338] g34 onto -25,-20 (-24.50,-19.51) height 261
[36766.980] g34 onto -25,-19 (-24.50,-18.50) height 261
[36767.642] g34 onto -25,-18 (-24.50,-17.50) height 261
[36768.321] g34 onto -25,-17 (-24.50,-16.50) height 261
[36769.020] g34 onto -25,-16 (-24.50,-15.50) height 261
[36769.721] g34 onto -25,-15 (-24.50,-14.50) height 261
[36770.357] g34 onto -25,-14 (-24.50,-13.50) height 261
[36771.002] g34 onto -25,-13 (-24.50,-12.50) height 261
[36771.014] g34 lost from view on -25,-13 (-24.50,-12.49) height 261
[36778.935] g36 appears on -24,-50 (-23.50,-49.55) height 261
[36778.961] g36 starts moving from -24,-50 (-23.50,-49.54) height 261 after standing 0.03 s
[36779.583] g36 onto -24,-49 (-23.50,-48.50) height 261
[36780.188] g36 onto -24,-48 (-23.50,-47.49) height 261
[36780.765] g36 onto -24,-47 (-23.50,-46.50) height 261
[36781.338] g36 onto -24,-46 (-23.50,-45.50) height 261
[36781.964] g36 onto -24,-45 (-23.50,-44.50) height 261
[36782.617] g36 onto -24,-44 (-23.50,-43.50) height 261
[36783.291] g36 onto -24,-43 (-23.38,-42.63) height 261
[36783.945] g36 onto -23,-43 (-22.50,-42.50) height 261
[36784.648] g36 onto -22,-43 (-21.50,-42.50) height 261
[36785.347] g36 onto -21,-43 (-20.50,-42.50) height 261
[36785.980] g36 onto -20,-43 (-19.50,-42.50) height 261
[36786.620] g36 onto -19,-43 (-18.51,-42.50) height 261
[36787.264] g36 onto -18,-43 (-17.50,-42.50) height 261
[36787.903] g36 onto -17,-43 (-16.50,-42.50) height 261
[36788.549] g36 onto -16,-43 (-15.50,-42.50) height 261
[36788.760] g36 lost from view on -16,-43 (-15.15,-42.50) height 261
[36791.919] g37 appears on -16,-43 (-15.15,-42.50) height 261
[36791.929] g37 starts moving from -16,-43 (-15.16,-42.50) height 261 after standing 0.01 s
[36792.802] g37 onto -17,-43 (-16.50,-42.50) height 261
[36793.504] g37 onto -18,-43 (-17.50,-42.50) height 261
[36794.194] g37 onto -19,-43 (-18.49,-42.50) height 261
[36794.904] g37 onto -20,-43 (-19.50,-42.50) height 261
[36795.550] g37 onto -21,-43 (-20.50,-42.50) height 261
[36796.179] g37 onto -22,-43 (-21.49,-42.50) height 261
[36796.837] g37 onto -23,-43 (-22.50,-42.50) height 261
[36797.550] g37 onto -24,-43 (-23.39,-42.39) height 261
[36798.185] g37 onto -24,-42 (-23.50,-41.51) height 261
[36798.883] g37 onto -24,-41 (-23.50,-40.50) height 261
[36799.586] g37 onto -24,-40 (-23.50,-39.51) height 261
[36800.284] g37 onto -24,-39 (-23.50,-38.50) height 261
[36800.937] g37 onto -24,-38 (-23.50,-37.50) height 261
[36801.575] g37 onto -24,-37 (-23.50,-36.50) height 261
[36801.951] g37 lost from view on -24,-36 (-23.50,-35.89) height 261
[36803.757] g38 appears on -24,-34 (-23.50,-33.04) height 261
[36803.765] g38 starts moving from -24,-34 (-23.50,-33.03) height 261 after standing 0.01 s
[36804.124] g38 onto -24,-33 (-23.50,-32.50) height 261
[36804.759] g38 lost from view on -24,-32 (-23.50,-31.51) height 261
[36807.157] g39 appears on -26,-30 (-25.08,-29.50) height 261
[36807.170] g39 starts moving from -26,-30 (-25.08,-29.50) height 261 after standing 0.01 s
[36807.228] g40 appears on -21,-19 (-20.99,-18.50) height 261
[36807.249] g40 starts moving from -21,-19 (-21.00,-18.50) height 261 after standing 0.02 s
[36807.593] g40 onto -22,-19 (-21.51,-18.50) height 261
[36808.139] g39 onto -27,-30 (-26.50,-29.50) height 261
[36808.239] g40 onto -23,-19 (-22.50,-18.50) height 261
[36808.784] g39 onto -28,-30 (-27.50,-29.50) height 261
[36808.956] g40 onto -24,-19 (-23.39,-18.61) height 261
[36809.422] g39 onto -29,-30 (-28.50,-29.50) height 261
[36809.594] g40 onto -24,-20 (-23.50,-19.49) height 261
[36810.066] g39 onto -30,-30 (-29.50,-29.50) height 261
[36810.255] g40 onto -24,-21 (-23.50,-20.50) height 261
[36810.888] g39 onto -31,-30 (-30.50,-29.50) height 261
[36810.947] g40 onto -24,-22 (-23.50,-21.48) height 261
[36810.835] g39 stops on -31,-30 (-30.50,-29.50) height 261 after moving 3.66 s
[36811.118] g39 starts moving from -31,-30 (-30.49,-29.50) height 261 after standing 0.28 s
[36811.649] g40 onto -24,-23 (-23.50,-22.48) height 261
[36811.920] g39 onto -30,-30 (-29.50,-29.50) height 261
[36812.287] g40 onto -24,-24 (-23.50,-23.51) height 261
[36812.560] g39 onto -29,-30 (-28.50,-29.50) height 261
[36812.921] g40 onto -24,-25 (-23.50,-24.52) height 261
[36813.205] g39 onto -28,-30 (-27.50,-29.50) height 261
[36813.546] g40 onto -24,-26 (-23.50,-25.50) height 261
[36813.898] g39 onto -27,-30 (-26.50,-29.50) height 261
[36814.185] g40 onto -24,-27 (-23.50,-26.50) height 261
[36814.608] g39 onto -26,-30 (-25.50,-29.50) height 261
[36814.814] g40 onto -24,-28 (-23.50,-27.50) height 261
[36815.305] g39 onto -25,-30 (-24.50,-29.50) height 261
[36815.470] g40 onto -24,-29 (-23.50,-28.50) height 261
[36816.176] g40 onto -24,-30 (-23.50,-29.26) height 261
[36815.819] g39 onto -24,-30 (-23.68,-29.50) height 261
[36816.585] g39 onto -23,-30 (-22.50,-29.50) height 261
[36816.805] g40 onto -24,-29 (-23.50,-28.50) height 261
[36817.227] g39 onto -22,-30 (-21.50,-29.50) height 261
[36817.500] g40 onto -24,-28 (-23.50,-27.50) height 261
[36817.866] g39 onto -21,-30 (-20.50,-29.50) height 261
[36818.226] g40 lost from view on -24,-27 (-23.50,-26.50) height 261
[36818.237] g39 lost from view on -20,-30 (-19.93,-29.50) height 261
[36824.639] g41 appears on 12,-54 (12.37,-53.50) height 2181
[36824.639] g41 lost from view on 12,-54 (12.37,-53.50) height 2181
[36828.039] g42 appears on 6,-54 (6.71,-53.50) height 2181
[36828.049] g42 starts moving from 6,-54 (6.70,-53.50) height 2181 after standing 0.01 s
[36828.784] g42 onto 5,-54 (5.50,-53.50) height 2181
[36829.373] g42 onto 4,-54 (4.51,-53.50) height 2181
[36829.497] g42 lost from view on 4,-54 (4.28,-53.50) height 2181
[36836.008] g43 appears on -1,-63 (-0.41,-62.66) height 2181
[36836.038] g43 starts moving from -1,-63 (-0.41,-62.67) height 2181 after standing 0.03 s
[36836.038] g43 lost from view on -1,-63 (-0.41,-62.67) height 2181
[36848.359] g44 appears on -4,-81 (-3.51,-80.11) height 2181
[36848.370] g44 starts moving from -4,-81 (-3.51,-80.13) height 2181 after standing 0.01 s
[36849.244] g44 onto -5,-81 (-4.50,-80.50) height 2181
[36849.801] g44 onto -6,-81 (-5.52,-80.50) height 2181
[36850.386] g44 onto -7,-81 (-6.50,-80.50) height 2181
[36850.965] g44 onto -8,-81 (-7.50,-80.50) height 2181
[36851.544] g44 onto -9,-81 (-8.38,-80.37) height 2181
[36852.126] g44 onto -9,-80 (-8.50,-79.51) height 2181
[36852.764] g44 onto -9,-79 (-8.50,-78.52) height 2181
[36853.381] g44 onto -9,-78 (-8.50,-77.50) height 2181
[36853.983] g44 onto -9,-77 (-8.50,-76.50) height 2181
[36854.587] g44 onto -9,-76 (-8.50,-75.49) height 2181
[36855.171] g44 onto -9,-75 (-8.63,-74.63) height 2181
[36855.749] g44 onto -10,-75 (-9.50,-74.50) height 2181
[36856.385] g44 onto -11,-75 (-10.51,-74.50) height 2181
[36857.005] g44 onto -12,-75 (-11.51,-74.50) height 2181
[36857.571] g44 onto -13,-75 (-12.48,-74.50) height 2181
[36858.187] g44 onto -14,-75 (-13.50,-74.50) height 2181
[36858.795] g44 onto -15,-75 (-14.47,-74.50) height 2181
[36859.358] g44 onto -16,-75 (-15.50,-74.50) height 2181
[36859.985] g44 onto -17,-75 (-16.50,-74.50) height 2181
[36860.593] g44 onto -18,-75 (-17.50,-74.50) height 2181
[36861.164] g44 onto -19,-75 (-18.50,-74.50) height 2101
[36861.782] g44 onto -20,-75 (-19.50,-74.50) height 1846
[36862.390] g44 onto -21,-75 (-20.50,-74.50) height 1492
[36862.950] g44 onto -22,-75 (-21.50,-74.50) height 1269
[36863.587] g44 onto -23,-75 (-22.50,-74.50) height 1221
[36863.757] g44 lost from view on -23,-75 (-22.79,-74.50) height 1221
[36871.204] g45 appears on -25,-86 (-24.50,-85.14) height 1221
[36871.220] g45 starts moving from -25,-86 (-24.50,-85.16) height 1221 after standing 0.02 s
[36871.536] g45 lost from view on -25,-86 (-24.50,-85.75) height 1221
[36873.194] g46 appears on -21,-43 (-20.92,-42.50) height 261
[36873.204] g46 starts moving from -21,-43 (-20.93,-42.50) height 261 after standing 0.01 s
[36873.228] g46 lost from view on -21,-43 (-20.96,-42.50) height 261
[36877.047] g47 appears on -17,-87 (-16.02,-86.50) height 2181
[36877.047] g47 lost from view on -17,-87 (-16.02,-86.50) height 2181
[36878.676] g48 appears on -14,-87 (-13.33,-86.50) height 2181
[36878.687] g48 starts moving from -14,-87 (-13.28,-86.50) height 2181 after standing 0.01 s
[36879.183] g48 onto -13,-87 (-12.50,-86.50) height 2181
[36879.781] g48 onto -12,-87 (-11.50,-86.50) height 2181
[36879.952] g48 lost from view on -12,-87 (-11.20,-86.50) height 2181
[36887.947] g49 appears on 2,-64 (2.50,-63.50) height 2181 (spawned by corpse 5,-63)
[36889.501] g50 appears on 4,-89 (4.67,-88.50) height 2181
[36889.514] g50 starts moving from 4,-89 (4.70,-88.50) height 2181 after standing 0.01 s
[36889.575] g50 lost from view on 4,-89 (4.80,-88.50) height 2181
[36895.150] g49 lost from view on 2,-64 (2.50,-63.50) height 2181
[36899.381] g51 appears on 13,-81 (13.20,-80.50) height 2181
[36899.393] g51 starts moving from 13,-81 (13.21,-80.50) height 2181 after standing 0.01 s
[36900.206] g51 onto 14,-81 (14.50,-80.50) height 2181
[36900.773] g51 onto 15,-81 (15.50,-80.50) height 2181
[36901.405] g51 onto 16,-81 (16.50,-80.50) height 2181
[36901.990] g51 onto 17,-81 (17.50,-80.50) height 2181
[36902.572] g51 onto 18,-81 (18.38,-80.63) height 2181
[36903.148] g51 onto 18,-82 (18.50,-81.49) height 2181
[36903.728] g51 lost from view on 18,-83 (18.50,-82.43) height 2181
[36919.571] g52 appears on 18,-78 (18.50,-77.43) height 2181
[36919.584] g52 starts moving from 18,-78 (18.50,-77.44) height 2181 after standing 0.01 s
[36920.316] g52 onto 18,-79 (18.50,-78.49) height 2181
[36920.955] g52 onto 18,-80 (18.50,-79.50) height 2181
[36921.604] g52 onto 18,-81 (18.37,-80.38) height 2181
[36922.242] g52 onto 17,-81 (17.51,-80.50) height 2181
[36922.894] g52 onto 16,-81 (16.50,-80.50) height 2181
[36923.506] g52 onto 15,-81 (15.50,-80.50) height 2181
[36924.151] g52 onto 14,-81 (14.50,-80.50) height 2181
[36924.799] g52 onto 13,-81 (13.50,-80.50) height 2181
[36925.393] g52 onto 12,-81 (12.53,-80.50) height 2181
[36926.002] g52 onto 11,-81 (11.49,-80.50) height 2181
[36926.587] g52 onto 10,-81 (10.50,-80.50) height 2181
[36927.157] g52 onto 9,-81 (9.50,-80.50) height 2181
[36927.775] g52 onto 8,-81 (8.50,-80.50) height 2181
[36928.379] g52 onto 7,-81 (7.62,-80.63) height 2181
[36928.969] g52 onto 7,-82 (7.50,-81.49) height 2181
[36929.565] g52 onto 7,-83 (7.50,-82.50) height 2181
[36930.184] g52 onto 7,-84 (7.50,-83.50) height 2181
[36930.785] g52 onto 7,-85 (7.50,-84.50) height 2181
[36930.998] g53 appears on -24,-55 (-23.50,-54.07) height 762
[36931.011] g53 starts moving from -24,-55 (-23.50,-54.05) height 755 after standing 0.01 s
[36931.371] g53 onto -24,-54 (-23.50,-53.49) height 562
[36931.371] g52 onto 7,-86 (7.50,-85.50) height 2181
[36931.966] g53 onto -24,-53 (-23.50,-52.49) height 324
[36931.978] g52 onto 7,-87 (7.37,-86.38) height 2181
[36932.604] g52 onto 6,-87 (6.50,-86.50) height 2181
[36933.159] g52 onto 5,-87 (5.51,-86.50) height 2181
[36932.361] g53 lost from view on -24,-52 (-23.50,-51.82) height 261
[36933.796] g52 onto 4,-87 (4.52,-86.50) height 2181
[36934.404] g52 onto 3,-87 (3.50,-86.50) height 2181
[36935.014] g52 onto 2,-87 (2.50,-86.50) height 2181
[36935.612] g52 onto 1,-87 (1.50,-86.50) height 2181
[36936.197] g52 onto 0,-87 (0.49,-86.50) height 2181
[36936.773] g52 onto -1,-87 (-0.37,-86.62) height 2181
[36937.349] g52 onto -1,-88 (-0.50,-87.50) height 2181
[36937.984] g52 onto -1,-89 (-0.50,-88.50) height 2181
[36938.588] g52 onto -1,-90 (-0.50,-89.50) height 2181
[36939.164] g52 onto -1,-91 (-0.50,-90.50) height 2181
[36939.786] g52 onto -1,-92 (-0.50,-91.50) height 2181
[36940.380] g52 onto -1,-93 (-0.50,-92.51) height 2181
[36940.961] g52 onto -1,-94 (-0.50,-93.49) height 2181
[36941.601] g52 onto -1,-95 (-0.50,-94.51) height 2181
[36942.366] g52 onto -1,-96 (-0.50,-95.50) height 2181
[36942.366] g52 stops on -1,-96 (-0.50,-95.50) height 2181 after moving 22.78 s
[36942.540] g52 starts moving from -1,-96 (-0.49,-95.50) height 2181 after standing 0.17 s
[36943.346] g52 onto 0,-96 (0.50,-95.50) height 2181
[36943.982] g52 onto 1,-96 (1.50,-95.50) height 2181
[36944.751] g52 onto 2,-96 (2.50,-95.50) height 2181
[36944.692] g52 stops on 2,-96 (2.50,-95.50) height 2181 after moving 2.15 s
[36946.131] g52 starts moving from 2,-96 (2.50,-95.51) height 2181 after standing 1.44 s
[36946.946] g52 onto 1,-97 (1.50,-96.50) height 2181
[36947.582] g52 onto 0,-98 (0.50,-97.50) height 2181
[36948.283] g52 onto -1,-99 (-0.41,-98.58) height 2181
[36949.063] g52 onto -1,-100 (-0.50,-99.50) height 2181
[36948.947] g52 stops on -1,-100 (-0.50,-99.50) height 2181 after moving 2.82 s
[36950.915] g52 starts moving from -1,-100 (-0.50,-99.49) height 2181 after standing 1.97 s
[36951.286] g52 lost from view on -1,-100 (-0.50,-99.11) height 2181
[36952.982] g54 appears on -1,-97 (-0.50,-96.58) height 2181
[36952.997] g54 starts moving from -1,-97 (-0.50,-96.55) height 2181 after standing 0.01 s
[36953.590] g55 appears on 8,-26 (8.50,-25.18) height 2949
[36953.607] g55 starts moving from 8,-26 (8.50,-25.15) height 2949 after standing 0.02 s
[36952.997] g54 lost from view on -1,-97 (-0.50,-96.55) height 2181
[36954.149] g56 appears on -1,-95 (-0.50,-94.91) height 2181
[36954.161] g56 starts moving from -1,-95 (-0.50,-94.90) height 2181 after standing 0.01 s
[36953.772] g55 lost from view on 8,-25 (8.50,-24.94) height 2949
[36955.132] g56 onto -1,-94 (-0.50,-93.50) height 2181
[36955.767] g56 onto -1,-93 (-0.50,-92.51) height 2181
[36956.417] g56 onto -1,-92 (-0.50,-91.50) height 2181
[36957.063] g56 onto -1,-91 (-0.50,-90.50) height 2181
[36957.696] g56 onto -1,-90 (-0.50,-89.50) height 2181
[36958.338] g56 onto -1,-89 (-0.50,-88.50) height 2181
[36958.968] g56 onto -1,-88 (-0.37,-87.62) height 2181
[36959.580] g56 onto 0,-88 (0.50,-87.50) height 2181
[36960.174] g56 onto 1,-88 (1.50,-87.50) height 2181
[36960.786] g56 onto 2,-88 (2.50,-87.50) height 2181
[36961.400] g56 onto 3,-88 (3.51,-87.50) height 2181
[36961.970] g56 onto 4,-88 (4.51,-87.50) height 2181
[36962.601] g56 onto 5,-88 (5.50,-87.50) height 2181
[36963.184] g56 onto 6,-88 (6.37,-87.38) height 2181
[36963.765] g56 onto 6,-87 (6.50,-86.50) height 2181
[36964.387] g56 onto 6,-86 (6.50,-85.50) height 2181
[36965.003] g56 onto 6,-85 (6.50,-84.53) height 2181
[36965.596] g56 onto 6,-84 (6.50,-83.50) height 2181
[36966.161] g56 onto 6,-83 (6.50,-82.49) height 2181
[36966.775] g56 onto 6,-82 (6.50,-81.50) height 2181
[36967.398] g56 onto 6,-81 (6.50,-80.49) height 2181
[36967.963] g56 onto 6,-80 (6.50,-79.50) height 2181
[36968.575] g56 onto 6,-79 (6.50,-78.50) height 2181
[36969.186] g56 onto 6,-78 (6.50,-77.50) height 2181
[36969.767] g56 onto 6,-77 (6.37,-76.62) height 2181
[36970.342] g56 onto 5,-77 (5.50,-76.50) height 2181
[36970.989] g56 onto 4,-77 (4.50,-76.50) height 2181
[36971.589] g56 onto 3,-77 (3.50,-76.50) height 2181
[36972.212] g56 onto 2,-77 (2.49,-76.50) height 2181
[36972.821] g56 onto 1,-77 (1.49,-76.50) height 2181
[36973.385] g56 onto 0,-77 (0.50,-76.50) height 2181
[36973.965] g56 onto -1,-77 (-0.38,-76.37) height 2181
[36974.541] g56 onto -1,-76 (-0.50,-75.50) height 2181
[36975.179] g56 onto -1,-75 (-0.50,-74.50) height 2181
[36975.791] g56 onto -1,-74 (-0.50,-73.50) height 2181
[36976.363] g56 onto -1,-73 (-0.50,-72.53) height 2181
[36976.996] g56 onto -1,-72 (-0.50,-71.50) height 2181
[36977.585] g56 onto -1,-71 (-0.50,-70.50) height 2181
[36978.189] g56 onto -1,-70 (-0.50,-69.49) height 2181
[36978.782] g56 onto -1,-69 (-0.50,-68.50) height 2181
[36979.397] g56 onto -1,-68 (-0.50,-67.51) height 2181
[36979.997] g56 onto -1,-67 (-0.50,-66.50) height 2181
[36980.608] g56 onto -1,-66 (-0.50,-65.49) height 2181
[36981.187] g56 onto -1,-65 (-0.50,-64.50) height 2181
[36981.770] g56 onto -1,-64 (-0.50,-63.50) height 2181
[36982.328] g56 onto -1,-63 (-0.41,-62.58) height 2181
[36983.002] g56 onto 0,-62 (0.50,-61.50) height 2181
[36983.578] g56 onto 1,-61 (1.50,-60.50) height 2181
[36984.263] g56 onto 2,-60 (2.58,-59.59) height 2181
[36984.813] g56 onto 3,-60 (3.38,-59.37) height 2181
[36985.361] g56 onto 3,-59 (3.50,-58.50) height 2181
[36985.988] g56 onto 3,-58 (3.50,-57.50) height 2181
[36986.583] g56 onto 3,-57 (3.50,-56.50) height 2181
[36987.139] g56 lost from view on 3,-56 (3.50,-55.55) height 2181
[36990.793] g57 appears on 7,-54 (7.46,-53.50) height 2181
[36990.804] g57 starts moving from 7,-54 (7.47,-53.50) height 2181 after standing 0.01 s
[36991.427] g57 onto 8,-54 (8.50,-53.50) height 2181
[36992.011] g57 onto 9,-54 (9.51,-53.50) height 2181
[36992.585] g57 onto 10,-54 (10.51,-53.50) height 2181
[36992.941] g57 lost from view on 11,-54 (11.09,-53.50) height 2181
[36996.403] g58 appears on 16,-54 (16.49,-53.88) height 2181
[36996.419] g58 starts moving from 16,-54 (16.49,-53.92) height 2181 after standing 0.02 s
[36996.766] g58 onto 16,-55 (16.50,-54.49) height 2181
[36997.401] g58 lost from view on 16,-56 (16.50,-55.48) height 2181
[36998.842] g59 appears on 16,-58 (16.50,-57.95) height 2181
[36998.853] g59 starts moving from 16,-58 (16.50,-57.97) height 2181 after standing 0.01 s
[36999.212] g59 onto 16,-59 (16.50,-58.51) height 2181
[36999.814] g59 onto 16,-60 (16.50,-59.50) height 2181
[37000.369] g59 onto 16,-61 (16.50,-60.50) height 2181
[37000.975] g59 onto 16,-62 (16.50,-61.49) height 2181
[37001.578] g59 onto 16,-63 (16.50,-62.50) height 2181
[37002.219] g59 onto 16,-64 (16.50,-63.50) height 2181
[37003.080] g59 onto 16,-65 (16.50,-64.50) height 2181
[37002.997] g59 stops on 16,-65 (16.50,-64.50) height 2181 after moving 4.14 s
[37004.356] g59 starts moving from 16,-65 (16.49,-64.49) height 2181 after standing 1.36 s
[37005.156] g59 onto 15,-64 (15.50,-63.50) height 2181
[37005.852] g59 onto 14,-63 (14.43,-62.59) height 2181
[37006.432] g59 onto 13,-63 (13.50,-62.50) height 2181
[37007.138] g59 onto 12,-63 (12.53,-62.50) height 2181
[37007.937] g59 onto 11,-63 (11.50,-62.50) height 2181
[37007.903] g59 stops on 11,-63 (11.50,-62.50) height 2181 after moving 3.55 s
[37009.776] g59 starts moving from 11,-63 (11.51,-62.50) height 2181 after standing 1.87 s
[37010.570] g59 onto 12,-63 (12.50,-62.50) height 2181
[37011.199] g59 onto 13,-63 (13.50,-62.50) height 2181
[37011.763] g59 onto 14,-63 (14.41,-62.50) height 2181
[37012.541] g59 onto 15,-63 (15.50,-62.50) height 2181
[37013.244] g59 onto 16,-63 (16.38,-62.37) height 2181
[37013.892] g59 onto 16,-62 (16.50,-61.49) height 2181
[37014.531] g59 onto 16,-61 (16.50,-60.50) height 2181
[37015.172] g59 onto 16,-60 (16.50,-59.49) height 2181
[37015.807] g59 onto 16,-59 (16.50,-58.50) height 2181
[37016.383] g59 onto 16,-58 (16.50,-57.55) height 2181
[37016.397] g59 lost from view on 16,-58 (16.50,-57.55) height 2181
[37019.274] g60 appears on -18,-43 (-17.83,-42.50) height 261
[37019.291] g60 starts moving from -18,-43 (-17.80,-42.50) height 261 after standing 0.02 s
[37020.913] g61 appears on 13,-54 (13.26,-53.50) height 2181
[37020.924] g61 starts moving from 13,-54 (13.25,-53.50) height 2181 after standing 0.01 s
[37019.947] g60 lost from view on -17,-43 (-16.76,-42.50) height 261
[37021.225] g62 appears on -15,-43 (-14.73,-42.50) height 261
[37021.238] g62 starts moving from -15,-43 (-14.71,-42.50) height 261 after standing 0.01 s
[37021.362] g63 appears on -24,-24 (-23.50,-23.89) height 261
[37021.381] g63 starts moving from -24,-24 (-23.50,-23.90) height 261 after standing 0.02 s
[37021.362] g61 onto 12,-54 (12.51,-53.50) height 2181
[37021.770] g63 onto -24,-25 (-23.50,-24.50) height 261
[37021.984] g61 onto 11,-54 (11.50,-53.50) height 2181
[37022.223] g62 onto -14,-43 (-13.50,-42.50) height 261
[37022.165] g62 stops on -14,-43 (-13.50,-42.50) height 261 after moving 0.93 s
[37022.409] g63 onto -24,-26 (-23.50,-25.50) height 261
[37022.589] g61 onto 10,-54 (10.50,-53.50) height 2181
[37022.939] g62 starts moving from -14,-43 (-13.51,-42.50) height 261 after standing 0.77 s
[37023.166] g61 onto 9,-54 (9.50,-53.50) height 2181
[37022.540] g63 lost from view on -24,-26 (-23.50,-25.69) height 261
[37023.751] g62 onto -15,-43 (-14.51,-42.50) height 261
[37023.786] g61 onto 8,-54 (8.50,-53.50) height 2181
[37024.391] g61 onto 7,-54 (7.50,-53.50) height 2181
[37024.391] g62 onto -16,-43 (-15.50,-42.50) height 261
[37024.964] g61 onto 6,-54 (6.51,-53.50) height 2181
[37025.019] g62 onto -17,-43 (-16.50,-42.50) height 261
[37025.577] g61 onto 5,-54 (5.50,-53.50) height 2181
[37025.718] g62 onto -18,-43 (-17.50,-42.50) height 261
[37026.183] g61 onto 4,-54 (4.49,-53.50) height 2181
[37026.427] g62 onto -19,-43 (-18.50,-42.50) height 261
[37026.757] g61 onto 3,-54 (3.63,-53.63) height 2181
[37027.132] g62 onto -20,-43 (-19.51,-42.50) height 261
[37027.364] g61 onto 3,-55 (3.50,-54.50) height 2181
[37027.784] g62 onto -21,-43 (-20.50,-42.50) height 261
[37027.998] g61 onto 3,-56 (3.50,-55.50) height 2181
[37028.409] g62 onto -22,-43 (-21.50,-42.50) height 261
[37028.607] g61 onto 3,-57 (3.50,-56.50) height 2181
[37029.043] g62 onto -23,-43 (-22.50,-42.50) height 261
[37029.196] g61 onto 3,-58 (3.50,-57.51) height 2181
[37029.773] g62 onto -24,-43 (-23.38,-42.40) height 261
[37029.773] g61 onto 3,-59 (3.50,-58.49) height 2181
[37030.323] g61 onto 3,-60 (3.41,-59.43) height 2181
[37030.415] g62 onto -24,-42 (-23.50,-41.49) height 261
[37031.000] g61 onto 2,-61 (2.51,-60.49) height 2181
[37031.074] g62 onto -24,-41 (-23.50,-40.53) height 261
[37031.210] g62 lost from view on -24,-41 (-23.50,-40.29) height 261
[37031.313] g61 lost from view on 1,-62 (2.00,-61.00) height 2181
[37056.053] g64 appears on -16,-75 (-15.27,-74.50) height 2181
[37056.076] g64 starts moving from -16,-75 (-15.28,-74.50) height 2181 after standing 0.02 s
[37056.087] g64 lost from view on -16,-75 (-15.32,-74.50) height 2181
[37065.835] g65 appears on -25,-82 (-24.50,-81.57) height 1221
[37065.848] g65 starts moving from -25,-82 (-24.50,-81.58) height 1221 after standing 0.01 s
[37066.411] g65 onto -25,-83 (-24.50,-82.50) height 1221
[37066.988] g65 onto -25,-84 (-24.50,-83.51) height 1221
[37067.599] g65 onto -25,-85 (-24.50,-84.50) height 1221
[37068.206] g65 onto -25,-86 (-24.50,-85.47) height 1221
[37068.779] g65 onto -25,-87 (-24.38,-86.37) height 1221
[37069.369] g65 onto -24,-87 (-23.53,-86.50) height 1221
[37070.016] g65 onto -23,-87 (-22.50,-86.50) height 1221
[37070.607] g65 onto -22,-87 (-21.50,-86.50) height 1268
[37071.165] g66 appears on -24,-48 (-23.50,-47.43) height 261
[37071.176] g66 starts moving from -24,-48 (-23.50,-47.45) height 261 after standing 0.01 s
[37071.191] g65 onto -21,-87 (-20.50,-86.50) height 1493
[37071.792] g66 onto -24,-49 (-23.50,-48.50) height 261
[37071.803] g65 onto -20,-87 (-19.50,-86.50) height 1842
[37072.372] g66 onto -24,-50 (-23.50,-49.50) height 261
[37072.408] g65 onto -19,-87 (-18.50,-86.50) height 2100
[37072.992] g65 onto -18,-87 (-17.51,-86.50) height 2181
[37072.992] g66 onto -24,-51 (-23.50,-50.50) height 261
[37073.578] g65 onto -17,-87 (-16.50,-86.50) height 2181
[37073.590] g66 onto -24,-52 (-23.50,-51.49) height 261
[37074.182] g66 onto -24,-53 (-23.50,-52.50) height 324
[37074.194] g65 onto -16,-87 (-15.48,-86.50) height 2181
[37074.787] g66 onto -24,-54 (-23.50,-53.50) height 565
[37074.787] g65 onto -15,-87 (-14.50,-86.50) height 2181
[37075.375] g66 onto -24,-55 (-23.50,-54.50) height 885
[37075.397] g65 onto -14,-87 (-13.50,-86.50) height 2181
[37076.002] g65 onto -13,-87 (-12.50,-86.50) height 2181
[37075.708] g66 lost from view on -24,-56 (-23.50,-55.07) height 1049
[37076.768] g65 onto -12,-87 (-11.22,-86.50) height 2181
[37077.137] g65 onto -11,-87 (-10.58,-86.59) height 2181
[37077.830] g65 onto -10,-88 (-9.49,-87.51) height 2181
[37078.457] g65 onto -9,-89 (-8.42,-88.41) height 2181
[37078.967] g65 onto -8,-89 (-7.50,-88.50) height 2181
[37079.589] g65 onto -7,-89 (-6.50,-88.50) height 2181
[37080.191] g65 onto -6,-89 (-5.50,-88.50) height 2181
[37080.816] g65 onto -5,-89 (-4.50,-88.50) height 2181
[37081.402] g65 onto -4,-89 (-3.49,-88.50) height 2181
[37081.980] g65 onto -3,-89 (-2.50,-88.50) height 2181
[37082.567] g65 onto -2,-89 (-1.49,-88.50) height 2181
[37083.191] g65 onto -1,-89 (-0.49,-88.50) height 2181
[37083.798] g65 onto 0,-89 (0.50,-88.50) height 2181
[37084.373] g65 onto 1,-89 (1.53,-88.50) height 2181
[37084.990] g65 onto 2,-89 (2.51,-88.50) height 2181
[37085.601] g65 onto 3,-89 (3.50,-88.50) height 2181
[37086.210] g65 onto 4,-89 (4.51,-88.50) height 2181
[37086.811] g65 onto 5,-89 (5.37,-88.38) height 2181
[37087.385] g65 onto 5,-88 (5.50,-87.50) height 2181
[37087.992] g65 onto 5,-87 (5.50,-86.50) height 2181
[37088.604] g65 onto 5,-86 (5.50,-85.50) height 2181
[37089.210] g65 onto 5,-85 (5.50,-84.49) height 2181
[37089.784] g65 onto 5,-84 (5.50,-83.51) height 2181
[37090.363] g65 onto 5,-83 (5.50,-82.50) height 2181
[37090.983] g65 onto 5,-82 (5.50,-81.50) height 2181
[37091.575] g65 onto 5,-81 (5.63,-80.63) height 2181
[37092.170] g65 onto 6,-81 (6.50,-80.50) height 2181
[37092.817] g65 onto 7,-81 (7.50,-80.50) height 2181
[37093.406] g65 onto 8,-81 (8.50,-80.50) height 2181
[37093.987] g65 onto 9,-81 (9.50,-80.50) height 2181
[37094.572] g65 onto 10,-81 (10.50,-80.50) height 2181
[37095.187] g65 onto 11,-81 (11.50,-80.50) height 2181
[37095.797] g65 onto 12,-81 (12.51,-80.50) height 2181
[37096.406] g65 onto 13,-81 (13.50,-80.50) height 2181
[37097.010] g65 onto 14,-81 (14.50,-80.50) height 2181
[37097.580] g65 onto 15,-81 (15.49,-80.50) height 2181
[37098.210] g65 onto 16,-81 (16.50,-80.50) height 2181
[37098.794] g65 onto 17,-81 (17.50,-80.50) height 2181
[37099.386] g65 onto 18,-81 (18.39,-80.64) height 2181
[37099.972] g65 onto 18,-82 (18.50,-81.49) height 2181
[37100.603] g65 onto 18,-83 (18.50,-82.50) height 2181
[37101.205] g65 onto 18,-84 (18.50,-83.50) height 2181
[37101.837] g65 onto 18,-85 (18.50,-84.50) height 2181
[37102.603] g65 stops on 18,-86 (18.50,-85.50) height 2181 after moving 36.76 s
[37102.747] g65 onto 18,-86 (18.50,-85.50) height 2181
[37103.357] g65 starts moving from 18,-86 (18.50,-85.49) height 2181 after standing 0.75 s
[37104.155] g65 onto 18,-85 (18.50,-84.50) height 2181
[37104.792] g65 onto 18,-84 (18.50,-83.50) height 2181
[37105.447] g65 onto 18,-83 (18.50,-82.50) height 2181
[37106.153] g65 onto 18,-82 (18.50,-81.49) height 2181
[37106.859] g65 onto 18,-81 (18.50,-80.50) height 2181
[37107.567] g65 onto 18,-80 (18.50,-79.52) height 2181
[37108.184] g65 onto 18,-79 (18.50,-78.50) height 2181
[37108.824] g65 onto 18,-78 (18.50,-77.50) height 2181
[37109.468] g65 onto 18,-77 (18.50,-76.50) height 2181
[37110.095] g65 onto 18,-76 (18.50,-75.50) height 2181
[37110.753] g65 onto 18,-75 (18.50,-74.49) height 2181
[37111.396] g65 onto 18,-74 (18.50,-73.47) height 2181
[37111.418] g65 lost from view on 18,-74 (18.50,-73.44) height 2181
[37114.119] g67 appears on 18,-75 (18.50,-74.08) height 2181
[37114.129] g67 starts moving from 18,-75 (18.50,-74.09) height 2181 after standing 0.01 s
[37115.050] g67 onto 18,-76 (18.50,-75.50) height 2181
[37115.735] g67 onto 18,-77 (18.50,-76.50) height 2181
[37116.438] g67 onto 18,-78 (18.50,-77.50) height 2181
[37117.145] g67 onto 18,-79 (18.50,-78.48) height 2181
[37117.786] g67 onto 18,-80 (18.50,-79.50) height 2181
[37118.419] g67 onto 18,-81 (18.37,-80.38) height 2181
[37119.073] g67 onto 17,-81 (17.49,-80.50) height 2181
[37119.706] g67 onto 16,-81 (16.50,-80.50) height 2181
[37120.344] g67 onto 15,-81 (15.49,-80.50) height 2181
[37120.984] g67 onto 14,-81 (14.50,-80.50) height 2181
[37121.582] g67 onto 13,-81 (13.50,-80.50) height 2181
[37122.197] g67 onto 12,-81 (12.50,-80.50) height 2181
[37122.810] g67 onto 11,-81 (11.49,-80.50) height 2181
[37123.400] g67 onto 10,-81 (10.50,-80.50) height 2181
[37123.967] g67 onto 9,-81 (9.50,-80.50) height 2181
[37124.587] g67 onto 8,-81 (8.50,-80.50) height 2181
[37125.185] g67 onto 7,-81 (7.62,-80.63) height 2181
[37125.756] g67 onto 7,-82 (7.50,-81.50) height 2181
[37126.410] g67 onto 7,-83 (7.50,-82.50) height 2181
[37127.014] g67 onto 7,-84 (7.50,-83.50) height 2181
[37127.597] g67 onto 7,-85 (7.50,-84.49) height 2181
[37128.221] g67 onto 7,-86 (7.50,-85.51) height 2181
[37128.801] g67 onto 7,-87 (7.37,-86.37) height 2181
[37129.387] g67 onto 6,-87 (6.50,-86.50) height 2181
[37130.034] g67 onto 5,-87 (5.50,-86.50) height 2181
[37130.637] g67 onto 4,-87 (4.50,-86.50) height 2181
[37131.204] g67 onto 3,-87 (3.50,-86.50) height 2181
[37131.821] g67 onto 2,-87 (2.50,-86.50) height 2181
[37132.429] g67 onto 1,-87 (1.50,-86.50) height 2181
[37133.017] g67 onto 0,-87 (0.50,-86.50) height 2181
[37133.604] g67 onto -1,-87 (-0.37,-86.62) height 2181
[37134.238] g67 onto -1,-88 (-0.50,-87.50) height 2181
[37134.843] g67 onto -1,-89 (-0.50,-88.51) height 2181
[37135.406] g67 onto -1,-90 (-0.50,-89.50) height 2181
[37136.003] g67 onto -1,-91 (-0.50,-90.51) height 2181
[37136.605] g67 onto -1,-92 (-0.50,-91.50) height 2181
[37137.214] g67 onto -1,-93 (-0.50,-92.51) height 2181
[37137.784] g67 onto -1,-94 (-0.50,-93.50) height 2181
[37138.407] g67 onto -1,-95 (-0.50,-94.50) height 2181
[37139.273] g67 onto -1,-96 (-0.50,-95.50) height 2181
[37139.176] g67 stops on -1,-96 (-0.50,-95.50) height 2181 after moving 25.05 s
[37139.391] g67 starts moving from -1,-96 (-0.49,-95.50) height 2181 after standing 0.22 s
[37140.191] g67 onto 0,-96 (0.53,-95.50) height 2181
[37140.812] g67 onto 1,-96 (1.50,-95.50) height 2181
[37141.585] g67 onto 2,-96 (2.50,-95.50) height 2181
[37141.528] g67 stops on 2,-96 (2.50,-95.50) height 2181 after moving 2.14 s
[37142.966] g67 starts moving from 2,-96 (2.49,-95.51) height 2181 after standing 1.44 s
[37143.436] g68 appears on -24,-40 (-23.50,-39.07) height 261
[37143.324] g67 lost from view on 2,-96 (2.10,-95.90) height 2181
[37143.436] g68 lost from view on -24,-40 (-23.50,-39.07) height 261
[37157.887] g69 appears on 2,-88 (2.96,-87.50) height 2181
[37157.904] g69 starts moving from 2,-88 (2.98,-87.50) height 2181 after standing 0.02 s
[37158.205] g69 onto 3,-88 (3.50,-87.50) height 2181
[37158.783] g69 onto 4,-88 (4.50,-87.50) height 2181
[37159.412] g69 onto 5,-88 (5.50,-87.50) height 2181
[37160.003] g69 onto 6,-88 (6.38,-87.37) height 2181
[37160.578] g69 onto 6,-87 (6.50,-86.50) height 2181
[37161.185] g69 onto 6,-86 (6.50,-85.50) height 2181
[37161.806] g69 onto 6,-85 (6.50,-84.50) height 2181
[37162.401] g69 onto 6,-84 (6.50,-83.50) height 2181
[37162.998] g69 onto 6,-83 (6.50,-82.49) height 2181
[37163.615] g69 onto 6,-82 (6.50,-81.50) height 2181
[37164.200] g69 onto 6,-81 (6.50,-80.50) height 2181
[37164.796] g69 onto 6,-80 (6.50,-79.50) height 2181
[37165.409] g69 onto 6,-79 (6.50,-78.50) height 2181
[37166.011] g69 onto 6,-78 (6.50,-77.49) height 2181
[37166.578] g69 onto 6,-77 (6.38,-76.63) height 2181
[37167.168] g69 onto 5,-77 (5.50,-76.50) height 2181
[37167.799] g69 onto 4,-77 (4.50,-76.50) height 2181
[37168.408] g69 onto 3,-77 (3.51,-76.50) height 2181
[37168.981] g69 onto 2,-77 (2.50,-76.50) height 2181
[37169.573] g69 onto 1,-77 (1.50,-76.50) height 2181
[37170.112] g69 lost from view on 0,-77 (0.61,-76.50) height 2181
