[41349.526] run: arrival at 13411,2667, tiles below are relative to it
[41349.578] g1 appears on 13,-81 (13.76,-80.50) height 2181
[41349.685] g1 starts moving from 12,-81 (12.28,-80.50) height 2181 after standing 0.11 s
[41349.685] g1 onto 12,-81 (12.28,-80.50) height 2181
[41350.111] g1 onto 11,-81 (11.50,-80.50) height 2181
[41350.769] g1 onto 10,-81 (10.50,-80.50) height 2181
[41351.378] g1 onto 9,-81 (9.50,-80.50) height 2181
[41351.943] g1 onto 8,-81 (8.50,-80.50) height 2181
[41352.548] g1 onto 7,-81 (7.63,-80.62) height 2181
[41353.177] g1 onto 7,-82 (7.50,-81.50) height 2181
[41353.757] g1 onto 7,-83 (7.50,-82.50) height 2181
[41354.349] g1 onto 7,-84 (7.50,-83.51) height 2181
[41354.977] g1 onto 7,-85 (7.50,-84.49) height 2181
[41355.561] g1 onto 7,-86 (7.50,-85.50) height 2181
[41356.142] g1 onto 7,-87 (7.37,-86.38) height 2181
[41356.732] g1 onto 6,-87 (6.49,-86.50) height 2181
[41357.368] g1 onto 5,-87 (5.50,-86.50) height 2181
[41357.966] g1 onto 4,-87 (4.54,-86.50) height 2181
[41358.549] g1 onto 3,-87 (3.50,-86.50) height 2181
[41359.170] g1 onto 2,-87 (2.50,-86.50) height 2181
[41359.768] g1 onto 1,-87 (1.49,-86.50) height 2181
[41360.340] g1 onto 0,-87 (0.50,-86.50) height 2181
[41360.948] g1 onto -1,-87 (-0.37,-86.62) height 2181
[41361.574] g1 onto -1,-88 (-0.50,-87.50) height 2181
[41362.170] g1 onto -1,-89 (-0.50,-88.50) height 2181
[41362.743] g1 onto -1,-90 (-0.50,-89.50) height 2181
[41363.384] g1 onto -1,-91 (-0.50,-90.51) height 2181
[41363.968] g1 onto -1,-92 (-0.50,-91.49) height 2181
[41364.562] g1 onto -1,-93 (-0.50,-92.47) height 2181
[41365.160] g1 onto -1,-94 (-0.50,-93.50) height 2181
[41365.806] g1 onto -1,-95 (-0.50,-94.50) height 2181
[41366.612] g1 onto -1,-96 (-0.50,-95.50) height 2181
[41367.509] g1 onto 0,-96 (0.49,-95.50) height 2181
[41368.180] g1 onto 1,-96 (1.52,-95.50) height 2181
[41368.909] g1 onto 2,-96 (2.50,-95.50) height 2181
[41368.909] g1 stops on 2,-96 (2.50,-95.50) height 2181 after moving 19.22 s
[41370.307] g1 starts moving from 2,-96 (2.50,-95.50) height 2181 after standing 1.40 s
[41370.307] g1 synced to section 4 (set off), the next will confirm it
[41371.126] g1 onto 1,-97 (1.49,-96.51) height 2181
[41371.767] g1 onto 0,-98 (0.49,-97.51) height 2181
[41372.091] g2 appears on -24,-40 (-23.50,-39.36) height 261
[41372.091] g2 lost from view on -24,-40 (-23.50,-39.36) height 261
[41372.448] g1 lost from view on -1,-99 (-0.40,-98.56) height 2181
[41386.145] g3 appears on 4,-88 (4.51,-87.50) height 2181
[41386.155] g3 starts moving from 4,-88 (4.53,-87.50) height 2181 after standing 0.01 s
[41386.763] g3 onto 5,-88 (5.51,-87.50) height 2181
[41387.358] g3 onto 6,-88 (6.37,-87.37) height 2181
[41387.938] g3 onto 6,-87 (6.50,-86.50) height 2181
[41388.550] g3 onto 6,-86 (6.50,-85.50) height 2181
[41389.159] g3 onto 6,-85 (6.50,-84.50) height 2181
[41389.760] g3 onto 6,-84 (6.50,-83.50) height 2181
[41390.350] g3 onto 6,-83 (6.50,-82.50) height 2181
[41390.965] g3 onto 6,-82 (6.50,-81.50) height 2181
[41391.553] g3 onto 6,-81 (6.50,-80.51) height 2181
[41392.132] g3 onto 6,-80 (6.50,-79.51) height 2181
[41392.768] g3 onto 6,-79 (6.50,-78.49) height 2181
[41393.370] g3 onto 6,-78 (6.50,-77.50) height 2181
[41393.940] g3 onto 6,-77 (6.37,-76.63) height 2181
[41394.548] g3 onto 5,-77 (5.49,-76.50) height 2181
[41395.165] g3 onto 4,-77 (4.50,-76.50) height 2181
[41395.770] g3 onto 3,-77 (3.52,-76.50) height 2181
[41396.389] g3 onto 2,-77 (2.50,-76.50) height 2181
[41396.985] g3 onto 1,-77 (1.50,-76.50) height 2181
[41397.565] g3 onto 0,-77 (0.50,-76.50) height 2181
[41398.141] g3 onto -1,-77 (-0.38,-76.37) height 2181
[41398.617] g3 onto -1,-76 (-0.50,-75.62) height 2181
[41399.352] g3 onto -1,-75 (-0.50,-74.50) height 2181
[41399.937] g3 onto -1,-74 (-0.50,-73.50) height 2181
[41400.565] g3 onto -1,-73 (-0.50,-72.52) height 2181
[41401.164] g3 onto -1,-72 (-0.50,-71.50) height 2181
[41401.786] g3 onto -1,-71 (-0.50,-70.50) height 2181
[41401.907] g3 lost from view on -1,-71 (-0.50,-70.32) height 2181
[41416.179] g4 appears on 9,-54 (9.56,-53.50) height 2181
[41416.193] g4 starts moving from 9,-54 (9.57,-53.50) height 2181 after standing 0.01 s
[41416.243] g5 appears on -32,-21 (-31.50,-20.50) height 261
[41416.253] g6 appears on -24,-56 (-23.50,-55.70) height 1230
[41416.263] g6 starts moving from -24,-56 (-23.50,-55.72) height 1236 after standing 0.01 s
[41416.324] g7 appears on 9,-19 (9.50,-18.50) height 2949
[41416.393] g8 appears on 14,-11 (14.04,-10.50) height 3728
[41416.403] g8 starts moving from 14,-11 (14.03,-10.50) height 3724 after standing 0.01 s
[41416.768] g6 onto -24,-57 (-23.50,-56.50) height 1221
[41416.768] g4 onto 10,-54 (10.50,-53.50) height 2181
[41416.768] g8 onto 13,-11 (13.50,-10.50) height 3541
[41417.136] g5 starts moving from -32,-21 (-31.50,-20.50) height 261 after standing 0.89 s
[41417.353] g4 onto 11,-54 (11.49,-53.50) height 2181
[41417.353] g8 onto 12,-11 (12.51,-10.50) height 3238
[41417.353] g6 onto -24,-58 (-23.50,-57.49) height 1221
[41417.707] g7 lost from view on 9,-19 (9.50,-18.50) height 2949
[41417.707] g8 lost from view on 11,-11 (11.96,-10.50) height 3040
[41417.718] g6 lost from view on -24,-59 (-23.50,-58.06) height 1221
[41417.730] g5 lost from view on -31,-21 (-30.79,-20.50) height 261
[41417.753] g4 lost from view on 12,-54 (12.14,-53.50) height 2181
